******************************************************************************
               TMS320C6x Linker PC v7.4.20                     
******************************************************************************
>> Linked Tue Jan 22 20:43:19 2019

OUTPUT FILE NAME:   <App2.out>
ENTRY POINT SYMBOL: "_c_int00"  address: 0000f4a0


MEMORY CONFIGURATION

         name            origin    length      used     unused   attr    fill
----------------------  --------  ---------  --------  --------  ----  --------
  RAM                   00000001   fffffffe  00012c32  fffed3cc  RWIX


SECTION ALLOCATION MAP

 output                                  attributes/
section   page    origin      length       input sections
--------  ----  ----------  ----------   ----------------
.pinit     0    00000004    00000000     UNINITIALIZED

.data      0    00000008    00000000     UNINITIALIZED

.bss       0    00000008    00000000     UNINITIALIZED

.text      0    00000020    0000f9a0     
                  00000020    00001400     App1.obj (.text)
                  00001420    00000bc0     rts6700.lib : _scanfi.obj (.text:__scanfi)
                  00001fe0    00000900                 : pow.obj (.text:_pow)
                  000028e0    000007c0                 : _scanfi.obj (.text:__sset_arg)
                  000030a0    00000720                 : divd.obj (.text:__divd)
                  000037c0    000006c0                 : _printfi.obj (.text:__getarg_diouxp)
                  00003e80    00000640                 : _printfi.obj (.text:__setfield)
                  000044c0    000005e0                 : strtod.obj (.text:_strtod)
                  00004aa0    000005e0                 : strtold.obj (.text:_strtold)
                  00005080    000005e0                 : strtoll.obj (.text:_strtoll)
                  00005660    000005a0                 : _scanfi.obj (.text:__sproc_int)
                  00005c00    00000580                 : strtol.obj (.text:_strtol)
                  00006180    00000560                 : _printfi.obj (.text:__printfi)
                  000066e0    00000520                 : strtoul.obj (.text:_strtoul)
                  00006c00    000004c0                 : fputs.obj (.text:_fputs)
                  000070c0    000004a0                 : strtoull.obj (.text:_strtoull)
                  00007560    00000420                 : _printfi.obj (.text:_fcvt)
                  00007980    00000400                 : _printfi.obj (.text:__pproc_fge)
                  00007d80    00000400                 : _printfi.obj (.text:_ecvt)
                  00008180    000003a0                 : _scanfi.obj (.text:__sget_conv)
                  00008520    00000380                 : imath64.obj (.text:__divull)
                  000088a0    00000380                 : _scanfi.obj (.text:__sproc_float)
                  00008c20    00000380                 : memory.obj (.text:_free)
                  00008fa0    00000360                 : _printfi.obj (.text:__pconv_e)
                  00009300    00000360                 : _printfi.obj (.text:__pproc_fwp)
                  00009660    00000300                 : _printfi.obj (.text:__pproc_diouxp)
                  00009960    000002c0                 : _printfi.obj (.text:__pproc_str)
                  00009c20    000002c0                 : setvbuf.obj (.text:_setvbuf)
                  00009ee0    000002a0                 : _printfi.obj (.text:__pconv_g)
                  0000a180    000002a0                 : fputc.obj (.text:_fputc)
                  0000a420    00000260                 : imath40.obj (.text:__divul)
                  0000a680    00000240                 : _printfi.obj (.text:__mcpy)
                  0000a8c0    00000240                 : memory.obj (.text:_malloc)
                  0000ab00    00000240                 : memcpy62.obj (.text:_memcpy)
                  0000ad40    00000220                 : trgdrv.obj (.text:_HOSTrename)
                  0000af60    00000220                 : _scanfi.obj (.text:__sproc_str)
                  0000b180    00000200                 : fscanf.obj (.text:__chkmbc)
                  0000b380    000001e0                 : _scanfi.obj (.text:__sproc_lb)
                  0000b560    000001e0                 : lowlev.obj (.text:_getdevice)
                  0000b740    000001c0                 : fseek.obj (.text:_fseek)
                  0000b900    000001a0                 : _printfi.obj (.text:__ltostr)
                  0000baa0    000001a0                 : _printfi.obj (.text:__pproc_fflags)
                  0000bc40    000001a0                 : ldexp.obj (.text:_ldexp)
                  0000bde0    00000180                 : fgetc.obj (.text:_fgetc)
                  0000bf60    00000160                 : trgdrv.obj (.text:_HOSTlseek)
                  0000c0c0    00000160                 : _bufread.obj (.text:__buff_read)
                  0000c220    00000160                 : fclose.obj (.text:__closefile)
                  0000c380    00000160                 : _scanfi.obj (.text:__sget_scanset)
                  0000c4e0    00000160                 : ungetc.obj (.text:_ungetc)
                  0000c640    00000140                 : trgdrv.obj (.text:_HOSTread)
                  0000c780    00000140                 : fltllid.obj (.text:__fltllid)
                  0000c8c0    00000140                 : frcmpyd_div.obj (.text:__frcmpyd_div)
                  0000ca00    00000140                 : atoi.obj (.text:_atoi)
                  0000cb40    00000140                 : fflush.obj (.text:_fflush)
                  0000cc80    00000140                 : ltoa.obj (.text:_ltoa)
                  0000cdc0    00000140     divisions_func.obj (.text)
                  0000cf00    00000140     multiplication_func.obj (.text)
                  0000d040    00000120     rts6700.lib : trgdrv.obj (.text:_HOSTopen)
                  0000d160    00000120                 : trgdrv.obj (.text:_HOSTwrite)
                  0000d280    00000120                 : divi.obj (.text:__divi)
                  0000d3a0    00000120                 : _io_perm.obj (.text:__wrt_ok)
                  0000d4c0    00000120                 : lowlev.obj (.text:_close)
                  0000d5e0    00000120                 : frexp.obj (.text:_frexp)
                  0000d700    00000120                 : memset.obj (.text:_memset)
                  0000d820    00000100                 : trgdrv.obj (.text:_HOSTclose)
                  0000d920    00000100                 : trgdrv.obj (.text:_HOSTunlink)
                  0000da20    00000100                 : autoinit.obj (.text:__auto_init)
                  0000db20    00000100                 : _printfi.obj (.text:__div)
                  0000dc20    00000100                 : imath40.obj (.text:__divli)
                  0000dd20    00000100                 : _printfi.obj (.text:__pconv_f)
                  0000de20    00000100                 : lowlev.obj (.text:_lseek)
                  0000df20    00000100                 : printf.obj (.text:_printf)
                  0000e020    00000100                 : lowlev.obj (.text:_read)
                  0000e120    00000100                 : fscanf.obj (.text:_scanf)
                  0000e220    00000100                 : lowlev.obj (.text:_write)
                  0000e320    000000e0                 : fopen.obj (.text:__cleanup)
                  0000e400    000000e0                 : fflush.obj (.text:__doflush)
                  0000e4e0    000000e0                 : _printfi.obj (.text:__ecpy)
                  0000e5c0    000000e0                 : _printfi.obj (.text:__fcpy)
                  0000e6a0    000000e0                 : round.obj (.text:__nround)
                  0000e780    000000e0                 : _io_perm.obj (.text:__rd_ok)
                  0000e860    000000e0                 : exit.obj (.text:_exit)
                  0000e940    000000e0                 : memory.obj (.text:_minsert)
                  0000ea20    000000e0                 : modf.obj (.text:_modf)
                  0000eb00    000000e0                 : memory.obj (.text:_mremove)
                  0000ebe0    000000c0                 : divu.obj (.text:__divu)
                  0000eca0    000000c0                 : cpy_tbl.obj (.text:_copy_in)
                  0000ed60    000000c0                 : lowlev.obj (.text:_finddevice)
                  0000ee20    000000a0                 : fixdli.obj (.text:__fixdli)
                  0000eec0    000000a0                 : mpyll.obj (.text:__mpyll)
                  0000ef60    000000a0                 : imath40.obj (.text:__remli)
                  0000f000    000000a0                 : imath40.obj (.text:__remul)
                  0000f0a0    000000a0                 : imath64.obj (.text:__remull)
                  0000f140    000000a0                 : trgmsg.obj (.text:_readmsg)
                  0000f1e0    000000a0                 : lowlev.obj (.text:_unlink)
                  0000f280    000000a0                 : trgmsg.obj (.text:_writemsg)
                  0000f320    00000080                 : cpp_init.obj (.text:___TI_cpp_init)
                  0000f3a0    00000080                 : fltlid.obj (.text:__fltlid)
                  0000f420    00000080                 : llshift.obj (.text:__llshl)
                  0000f4a0    00000080                 : boot.obj (.text:_c_int00)
                  0000f520    00000080                 : memccpy.obj (.text:_memccpy)
                  0000f5a0    00000080     soustraction_func.obj (.text)
                  0000f620    00000060     rts6700.lib : isinf.obj (.text:___isinf)
                  0000f680    00000060                 : llshift.obj (.text:__llshru)
                  0000f6e0    00000060                 : imath64.obj (.text:__subcull)
                  0000f740    00000060     addition_func.obj (.text)
                  0000f7a0    00000040     rts6700.lib : _printfi.obj (.text:___isnan)
                  0000f7e0    00000040                 : args_main.obj (.text:__args_main)
                  0000f820    00000040                 : trunc.obj (.text:__trunc)
                  0000f860    00000040     chiffrage_func.obj (.text)
                  0000f8a0    00000020     rts6700.lib : fscanf.obj (.text:__inpchar)
                  0000f8c0    00000020                 : negll.obj (.text:__negll)
                  0000f8e0    00000020                 : _lock.obj (.text:__nop)
                  0000f900    00000020                 : printf.obj (.text:__outc)
                  0000f920    00000020                 : printf.obj (.text:__outs)
                  0000f940    00000020                 : fscanf.obj (.text:__uninpchar)
                  0000f960    00000020                 : exit.obj (.text:_abort)
                  0000f980    00000020                 : remove.obj (.text:_remove)
                  0000f9a0    00000020     fonction_rapport.obj (.text)

.stack     0    0000f9c0    00001000     UNINITIALIZED
                  0000f9c0    00000008     rts6700.lib : boot.obj (.stack)
                  0000f9c8    00000ff8     --HOLE--

.sysmem    0    000109c0    00001000     UNINITIALIZED
                  000109c0    00000008     rts6700.lib : memory.obj (.sysmem)
                  000109c8    00000ff8     --HOLE--

.const     0    000119c0    000007d2     
                  000119c0    0000056c     App1.obj (.const:.string)
                  00011f2c    00000101     rts6700.lib : ctype.obj (.const:.string:__ctypes_)
                  0001202d    00000002                 : fputs.obj (.const:.string)
                  0001202f    00000001     --HOLE-- [fill = 0]
                  00012030    00000050                 : strtod.obj (.const:_digits)
                  00012080    00000050                 : strtold.obj (.const:_digits)
                  000120d0    00000048                 : strtod.obj (.const:_powerof10)
                  00012118    00000048                 : strtold.obj (.const:_powerof10)
                  00012160    00000023                 : _printfi.obj (.const:.string)
                  00012183    00000001     --HOLE-- [fill = 0]
                  00012184    00000007                 : _scanfi.obj (.const:.string:_flit$1)
                  0001218b    00000001     --HOLE-- [fill = 0]
                  0001218c    00000006                 : _scanfi.obj (.const:.string:_barr$2)

.far       0    000121a0    00000614     UNINITIALIZED
                  000121a0    00000324     rts6700.lib : defs.obj (.far)
                  000124c4    00000004                 : errno.obj (.far)
                  000124c8    00000120                 : pow.obj (.far)
                  000125e8    0000011c                 : lowlev.obj (.far)
                  00012704    0000000c                 : exit.obj (.far)
                  00012710    00000008                 : _lock.obj (.far)
                  00012718    00000008                 : memory.obj (.far)
                  00012720    00000088     App1.obj (.far)
                  000127a8    00000008     rts6700.lib : trgdrv.obj (.far)
                  000127b0    00000004                 : fopen.obj (.far)

.cinit     0    000127b8    00000364     
                  000127b8    00000140     rts6700.lib : pow.obj (.cinit)
                  000128f8    000000bc     App1.obj (.cinit)
                  000129b4    00000004     --HOLE-- [fill = 0]
                  000129b8    0000005c     rts6700.lib : defs.obj (.cinit)
                  00012a14    00000004     --HOLE-- [fill = 0]
                  00012a18    0000005c                 : lowlev.obj (.cinit)
                  00012a74    00000004     --HOLE-- [fill = 0]
                  00012a78    0000002c                 : exit.obj (.cinit)
                  00012aa4    00000004     --HOLE-- [fill = 0]
                  00012aa8    0000002c                 : memory.obj (.cinit)
                  00012ad4    00000004     --HOLE-- [fill = 0]
                  00012ad8    0000001c                 : _lock.obj (.cinit)
                  00012af4    00000004     --HOLE-- [fill = 0]
                  00012af8    0000000c                 : errno.obj (.cinit)
                  00012b04    00000004     --HOLE-- [fill = 0]
                  00012b08    0000000c                 : fopen.obj (.cinit)
                  00012b14    00000004     --HOLE-- [fill = 0]
                  00012b18    00000004     (.pad.cinit) [fill = 0]

.cio       0    00012b20    00000120     UNINITIALIZED
                  00012b20    00000120     rts6700.lib : trgmsg.obj (.cio)

.switch    0    00012c40    00000028     
                  00012c40    00000028     rts6700.lib : _scanfi.obj (.switch:__sset_arg)


GLOBAL SYMBOLS: SORTED ALPHABETICALLY BY Name 

address    name
--------   ----
00000008   $bss
00000008   .bss
00000008   .data
00000020   .text
0000f960   C$$EXIT
0000f2f8   C$$IO$$
0000f740   _AddEntierNonSigne32bits
0000f75c   _AddEntierSigne32bits
0000f778   _AddFractionnaire32bits_Q7_24_Q15_16
000001cc   _AnalyserListe
00001164   _ChoisirDonnees
00000e48   _ChoisirOperandesDouble
00001050   _ChoisirOperandesFloat
00000c60   _ChoisirOperandesFrac
00000a70   _ChoisirOperandesIntNoS
00000b68   _ChoisirOperandesIntS
00000f54   _ChoisirOperandesLongNoS
00000188   _ConvertirListe
0000cef0   _DivFlottant32bits
0000cdc0   _DivIncrementation
0000ce34   _DivSubc
0000128c   _Encrypt_en_c
0000f860   _EncrypterDonnees
00000dec   _F_To_Q15_16
00000d90   _F_To_Q7_24
0000d820   _HOSTclose
0000bf60   _HOSTlseek
0000d040   _HOSTopen
0000c640   _HOSTread
0000ad40   _HOSTrename
0000d920   _HOSTunlink
0000d160   _HOSTwrite
00012720   _Liste_Choix
0000cf00   _MpyEntierNonSigneOp32bitsRes64bits
0000cf6c   _MpyEntierSigneOp32bitsRes64bits
0000d00c   _MpyFlottant64bits
0000cfdc   _MpyFractionnaireOp32bitsRes64bits_Q7_24_Q15_16
00000098   _ObtenirFormat
00000110   _ObtenirOperation
00000020   _ObtenirType
0000f5a0   _SubEntierNonSigne32bits
0000f5bc   _SubEntierSigne32bits
0000f5d8   _SubFlottant64bits
00012780   _TabDonnees
00012750   _TabDouble
00012744   _TabFloat
0001273c   _TabInt
0001272c   _TabIntNoS
00012734   _TabIntS
00012760   _TabLongNoS
000127a0   _TabShortS
00012b20   __CIOBUF_
000109c0   __STACK_END
00001000   __STACK_SIZE
00001000   __SYSMEM_SIZE
00000001   __TI_args_main
0000f320   ___TI_cpp_init
0001270c   ___TI_enable_exit_profile_output
ffffffff   ___TI_pprof_out_hndl
ffffffff   ___TI_prof_data_size
ffffffff   ___TI_prof_data_start
ffffffff   ___binit__
00000008   ___bss__
ffffffff   ___c_args__
000127b8   ___cinit__
00000008   ___data__
00000008   ___edata__
00000008   ___end__
0000f9c0   ___etext__
0000f620   ___isinf
ffffffff   ___pinit__
00000020   ___text__
0000f7e0   __args_main
0000da20   __auto_init
0000c0c0   __buff_read
0000d280   __c6xabi_divi
0000ebe0   __c6xabi_divu
0000e320   __cleanup
00012704   __cleanup_ptr
0000c220   __closefile
00011f2c   __ctypes_
000030a0   __divd
0000d280   __divi
0000dc20   __divli
0000ebe0   __divu
0000a420   __divul
00008520   __divull
0000e400   __doflush
00012708   __dtors_ptr
0000ee20   __fixdli
0000f3a0   __fltlid
0000c780   __fltllid
0000c8c0   __frcmpyd_div
000124c0   __ft_end
000121a0   __ftable
0000f420   __llshl
0000f680   __llshru
00012710   __lock
0000eec0   __mpyll
0000f8c0   __negll
0000f8e0   __nop
0000e6a0   __nround
00006180   __printfi
0000e780   __rd_ok
0000ef60   __remli
0000f000   __remul
0000f0a0   __remull
00001420   __scanfi
0000f9c0   __stack
0000f6e0   __subcull
000109c0   __sys_memory
00012380   __tmpnams
0000f820   __trunc
00012714   __unlock
0000d3a0   __wrt_ok
0000f960   _abort
0000ca00   _atoi
0000f4a0   _c_int00
0000d4c0   _close
0000eca0   _copy_in
000124c4   _errno
000127a4   _exempleF
0000e860   _exit
0000f9a0   _extensionSigne
0000cb40   _fflush
0000bde0   _fgetc
0000a180   _fputc
00006c00   _fputs
00008c20   _free
0000d5e0   _frexp
0000b740   _fseek
0000bde0   _getc
0000bc40   _ldexp
0000de20   _lseek
0000cc80   _ltoa
00001340   _main
0000a8c0   _malloc
0000f520   _memccpy
0000ab00   _memcpy
0000d700   _memset
0000ea20   _modf
00001fe0   _pow
0000df20   _printf
0000a180   _putc
0000e020   _read
0000f140   _readmsg
0000f980   _remove
0000e120   _scanf
00009c20   _setvbuf
000044c0   _strtod
00005c00   _strtol
00004aa0   _strtold
00005080   _strtoll
000066e0   _strtoul
000070c0   _strtoull
0000c4e0   _ungetc
0000f1e0   _unlink
0000e220   _write
0000f280   _writemsg
ffffffff   binit
000127b8   cinit
00000008   edata
00000008   end
0000f9c0   etext
ffffffff   pinit


GLOBAL SYMBOLS: SORTED BY Symbol Address 

address    name
--------   ----
00000001   __TI_args_main
00000008   $bss
00000008   .bss
00000008   .data
00000008   ___bss__
00000008   ___data__
00000008   ___edata__
00000008   ___end__
00000008   edata
00000008   end
00000020   .text
00000020   _ObtenirType
00000020   ___text__
00000098   _ObtenirFormat
00000110   _ObtenirOperation
00000188   _ConvertirListe
000001cc   _AnalyserListe
00000a70   _ChoisirOperandesIntNoS
00000b68   _ChoisirOperandesIntS
00000c60   _ChoisirOperandesFrac
00000d90   _F_To_Q7_24
00000dec   _F_To_Q15_16
00000e48   _ChoisirOperandesDouble
00000f54   _ChoisirOperandesLongNoS
00001000   __STACK_SIZE
00001000   __SYSMEM_SIZE
00001050   _ChoisirOperandesFloat
00001164   _ChoisirDonnees
0000128c   _Encrypt_en_c
00001340   _main
00001420   __scanfi
00001fe0   _pow
000030a0   __divd
000044c0   _strtod
00004aa0   _strtold
00005080   _strtoll
00005c00   _strtol
00006180   __printfi
000066e0   _strtoul
00006c00   _fputs
000070c0   _strtoull
00008520   __divull
00008c20   _free
00009c20   _setvbuf
0000a180   _fputc
0000a180   _putc
0000a420   __divul
0000a8c0   _malloc
0000ab00   _memcpy
0000ad40   _HOSTrename
0000b740   _fseek
0000bc40   _ldexp
0000bde0   _fgetc
0000bde0   _getc
0000bf60   _HOSTlseek
0000c0c0   __buff_read
0000c220   __closefile
0000c4e0   _ungetc
0000c640   _HOSTread
0000c780   __fltllid
0000c8c0   __frcmpyd_div
0000ca00   _atoi
0000cb40   _fflush
0000cc80   _ltoa
0000cdc0   _DivIncrementation
0000ce34   _DivSubc
0000cef0   _DivFlottant32bits
0000cf00   _MpyEntierNonSigneOp32bitsRes64bits
0000cf6c   _MpyEntierSigneOp32bitsRes64bits
0000cfdc   _MpyFractionnaireOp32bitsRes64bits_Q7_24_Q15_16
0000d00c   _MpyFlottant64bits
0000d040   _HOSTopen
0000d160   _HOSTwrite
0000d280   __c6xabi_divi
0000d280   __divi
0000d3a0   __wrt_ok
0000d4c0   _close
0000d5e0   _frexp
0000d700   _memset
0000d820   _HOSTclose
0000d920   _HOSTunlink
0000da20   __auto_init
0000dc20   __divli
0000de20   _lseek
0000df20   _printf
0000e020   _read
0000e120   _scanf
0000e220   _write
0000e320   __cleanup
0000e400   __doflush
0000e6a0   __nround
0000e780   __rd_ok
0000e860   _exit
0000ea20   _modf
0000ebe0   __c6xabi_divu
0000ebe0   __divu
0000eca0   _copy_in
0000ee20   __fixdli
0000eec0   __mpyll
0000ef60   __remli
0000f000   __remul
0000f0a0   __remull
0000f140   _readmsg
0000f1e0   _unlink
0000f280   _writemsg
0000f2f8   C$$IO$$
0000f320   ___TI_cpp_init
0000f3a0   __fltlid
0000f420   __llshl
0000f4a0   _c_int00
0000f520   _memccpy
0000f5a0   _SubEntierNonSigne32bits
0000f5bc   _SubEntierSigne32bits
0000f5d8   _SubFlottant64bits
0000f620   ___isinf
0000f680   __llshru
0000f6e0   __subcull
0000f740   _AddEntierNonSigne32bits
0000f75c   _AddEntierSigne32bits
0000f778   _AddFractionnaire32bits_Q7_24_Q15_16
0000f7e0   __args_main
0000f820   __trunc
0000f860   _EncrypterDonnees
0000f8c0   __negll
0000f8e0   __nop
0000f960   C$$EXIT
0000f960   _abort
0000f980   _remove
0000f9a0   _extensionSigne
0000f9c0   ___etext__
0000f9c0   __stack
0000f9c0   etext
000109c0   __STACK_END
000109c0   __sys_memory
00011f2c   __ctypes_
000121a0   __ftable
00012380   __tmpnams
000124c0   __ft_end
000124c4   _errno
00012704   __cleanup_ptr
00012708   __dtors_ptr
0001270c   ___TI_enable_exit_profile_output
00012710   __lock
00012714   __unlock
00012720   _Liste_Choix
0001272c   _TabIntNoS
00012734   _TabIntS
0001273c   _TabInt
00012744   _TabFloat
00012750   _TabDouble
00012760   _TabLongNoS
00012780   _TabDonnees
000127a0   _TabShortS
000127a4   _exempleF
000127b8   ___cinit__
000127b8   cinit
00012b20   __CIOBUF_
ffffffff   ___TI_pprof_out_hndl
ffffffff   ___TI_prof_data_size
ffffffff   ___TI_prof_data_start
ffffffff   ___binit__
ffffffff   ___c_args__
ffffffff   ___pinit__
ffffffff   binit
ffffffff   pinit

[165 symbols]
