******************************************************************************
               TMS320C6x Linker PC v7.4.20                     
******************************************************************************
>> Linked Tue Mar 07 10:27:05 2017

OUTPUT FILE NAME:   <S5eAPP5_Labo_Probleme1.out>
ENTRY POINT SYMBOL: "_c_int00"  address: 0000b1a0


MEMORY CONFIGURATION

         name            origin    length      used     unused   attr    fill
----------------------  --------  ---------  --------  --------  ----  --------
  IVECS                 00000000   00000220  00000200  00000020  RWIX
  IRAM                  00000220   0002fde0  0000b8f2  000244ee  RWIX
  SDRAM                 80000000   01000000  00000000  01000000  RWIX
  FLASH                 90000000   00020000  00000000  00020000  RWIX


SECTION ALLOCATION MAP

 output                                  attributes/
section   page    origin      length       input sections
--------  ----  ----------  ----------   ----------------
.vectors   0    00000000    00000200     
                  00000000    00000200     Vectors_intr.obj (.vectors)

.bss       0    00000220    00000000     UNINITIALIZED

.stack     0    00000220    00008000     UNINITIALIZED
                  00000220    00000008     rts6700.lib : boot.obj (.stack)
                  00000228    00007ff8     --HOLE--

.text      0    00008220    00003340     
                  00008220    000007e0     C6713Helper_UdeS.obj (.text)
                  00008a00    00000720     rts6700.lib : divd.obj (.text:__divd)
                  00009120    00000480     dsk6713bsl.lib : dsk6713.obj (.text)
                  000095a0    00000340     rts6700.lib : cos.obj (.text:_cos)
                  000098e0    00000320     dsk6713bsl.lib : dsk6713_aic23_opencodec.obj (.text)
                  00009c00    00000240     rts6700.lib : memcpy62.obj (.text:_memcpy)
                  00009e40    000001c0     csl6713.lib : csl_irq.obj (.text:_IRQ_map)
                  0000a000    000001a0                 : csl_mcbsp.obj (.text:_MCBSP_reset)
                  0000a1a0    00000160     dsk6713bsl.lib : dsk6713_aic23_registers.obj (.text)
                  0000a300    00000140     rts6700.lib : frcmpyd_div.obj (.text:__frcmpyd_div)
                  0000a440    00000140     probleme1.obj (.text:retain)
                  0000a580    00000120     probleme1.obj (.text)
                  0000a6a0    00000100     csl6713.lib : csl_mcbsp.obj (.text:_MCBSP_open)
                  0000a7a0    00000100                 : csl_mcbsp.obj (.text:_MCBSP_start)
                  0000a8a0    00000100     rts6700.lib : autoinit.obj (.text:__auto_init)
                  0000a9a0    000000e0                 : round.obj (.text:__nround)
                  0000aa80    000000e0                 : strasg.obj (.text:__strasg)
                  0000ab60    000000e0                 : exit.obj (.text:_exit)
                  0000ac40    000000e0                 : modf.obj (.text:_modf)
                  0000ad20    000000c0                 : cpy_tbl.obj (.text:_copy_in)
                  0000ade0    000000c0     dsk6713bsl.lib : dsk6713_aic23_setfreq.obj (.text)
                  0000aea0    000000a0     csl6713.lib : csl_mcbsp.obj (.text:_MCBSP_close)
                  0000af40    000000a0                 : csl_mcbsp.obj (.text:_MCBSP_config)
                  0000afe0    000000a0     rts6700.lib : mpyll.obj (.text:__mpyll)
                  0000b080    000000a0     csl6713.lib : csl_irq.obj (.text:_setMux)
                  0000b120    00000080     rts6700.lib : cpp_init.obj (.text:___TI_cpp_init)
                  0000b1a0    00000080                 : boot.obj (.text:_c_int00)
                  0000b220    00000080     dsk6713bsl.lib : dsk6713_aic23_closecodec.obj (.text)
                  0000b2a0    00000060     rts6700.lib : llshift.obj (.text:__llshru)
                  0000b300    00000040     csl6713.lib : csl_irq.obj (.text:_IRQ_enable)
                  0000b340    00000040                 : csl_irq.obj (.text:_IRQ_reset)
                  0000b380    00000040     rts6700.lib : args_main.obj (.text:__args_main)
                  0000b3c0    00000040                 : trunc.obj (.text:__trunc)
                  0000b400    00000020     Vectors_intr.obj (.text)
                  0000b420    00000020     csl6713.lib : csl_irq.obj (.text:_IRQ_globalDisable)
                  0000b440    00000020                 : csl_irq.obj (.text:_IRQ_globalEnable)
                  0000b460    00000020                 : csl_irq.obj (.text:_IRQ_nmiEnable)
                  0000b480    00000020                 : csl_mcbsp.obj (.text:_MCBSP_getXmtEventId)
                  0000b4a0    00000020                 : csl_mcbsp.obj (.text:_MCBSP_read)
                  0000b4c0    00000020                 : csl_mcbsp.obj (.text:_MCBSP_rrdy)
                  0000b4e0    00000020                 : csl_mcbsp.obj (.text:_MCBSP_write)
                  0000b500    00000020                 : csl_mcbsp.obj (.text:_MCBSP_xrdy)
                  0000b520    00000020     rts6700.lib : exit.obj (.text:_abort)
                  0000b540    00000020     csl6713.lib : csl_irq.obj (.text)

.cinit     0    0000b560    000002e4     
                  0000b560    0000012c     csl6713.lib : csl_irq.obj (.cinit)
                  0000b68c    00000004     --HOLE-- [fill = 0]
                  0000b690    00000058     C6713Helper_UdeS.obj (.cinit)
                  0000b6e8    00000054     csl6713.lib : csl_mcbsp.obj (.cinit)
                  0000b73c    00000004     --HOLE-- [fill = 0]
                  0000b740    00000048     rts6700.lib : cos.obj (.cinit)
                  0000b788    00000030     dsk6713bsl.lib : dsk6713_aic23_registers.obj (.cinit)
                  0000b7b8    0000002c     probleme1.obj (.cinit)
                  0000b7e4    00000004     --HOLE-- [fill = 0]
                  0000b7e8    0000002c     rts6700.lib : exit.obj (.cinit)
                  0000b814    00000004     --HOLE-- [fill = 0]
                  0000b818    00000028     dsk6713bsl.lib : dsk6713_aic23_setfreq.obj (.cinit)
                  0000b840    00000004     --HOLE-- [fill = 0]

.far       0    0000b848    0000026e     UNINITIALIZED
                  0000b848    000000f4     csl6713.lib : csl_irq.obj (.far)
                  0000b93c    00000058     C6713Helper_UdeS.obj (.far)
                  0000b994    0000004c     probleme1.obj (.far)
                  0000b9e0    00000040     rts6700.lib : cos.obj (.far)
                  0000ba20    00000038     csl6713.lib : csl_mcbsp.obj (.far)
                  0000ba58    00000028     dsk6713bsl.lib : dsk6713_aic23_registers.obj (.far)
                  0000ba80    00000020                    : dsk6713_aic23_setfreq.obj (.far)
                  0000baa0    0000000c     rts6700.lib : exit.obj (.far)
                  0000baac    00000008     dsk6713bsl.lib : dsk6713_aic23_opencodec.obj (.far)
                  0000bab4    00000002                    : dsk6713.obj (.far)

.const     0    0000bab8    00000060     
                  0000bab8    00000040     dsk6713bsl.lib : dsk6713_aic23_opencodec.obj (.const)
                  0000baf8    00000020                    : dsk6713.obj (.const)


GLOBAL SYMBOLS: SORTED ALPHABETICALLY BY Name 

address    name
--------   ----
00000220   $bss
00000220   .bss
00008220   .text
0000b520   C$$EXIT
0000b970   _AIC23CfgData
0000b944   _AIC_data
00008254   _CODEC_start
00008320   _CODEC_stop
0000b220   _DSK6713_AIC23_closeCodec
0000baac   _DSK6713_AIC23_codeccontrolhandle
0000bab0   _DSK6713_AIC23_codecdatahandle
0000a260   _DSK6713_AIC23_config
000098e0   _DSK6713_AIC23_openCodec
0000a23c   _DSK6713_AIC23_rget
0000a1a0   _DSK6713_AIC23_rset
0000ade0   _DSK6713_AIC23_setFreq
00009534   _DSK6713_getVersion
0000916c   _DSK6713_init
00009488   _DSK6713_rget
0000949c   _DSK6713_rset
0000bab4   _DSK6713_version
000094b0   _DSK6713_wait
00009508   _DSK6713_waitusec
0000b300   _IRQ_enable
0000b420   _IRQ_globalDisable
0000b440   _IRQ_globalEnable
00009e40   _IRQ_map
0000b460   _IRQ_nmiEnable
0000b340   _IRQ_reset
0000aea0   _MCBSP_close
0000af40   _MCBSP_config
0000b480   _MCBSP_getXmtEventId
0000a6a0   _MCBSP_open
0000b4a0   _MCBSP_read
0000a000   _MCBSP_reset
0000b4c0   _MCBSP_rrdy
0000a7a0   _MCBSP_start
0000b4e0   _MCBSP_write
0000b500   _MCBSP_xrdy
0000b99c   _TableCos1
0000b934   __IRQ_dispatchTable
0000b870   __IRQ_eventTable
0000b540   __IRQ_hookFetchPacket
0000b8f4   __IRQ_intTable
0000ba50   __MCBSP_hDev0
0000ba54   __MCBSP_hDev1
00008220   __STACK_END
00008000   __STACK_SIZE
00000001   __TI_args_main
0000b120   ___TI_cpp_init
0000baa8   ___TI_enable_exit_profile_output
ffffffff   ___TI_pprof_out_hndl
ffffffff   ___TI_prof_data_size
ffffffff   ___TI_prof_data_start
ffffffff   ___binit__
00000220   ___bss__
ffffffff   ___c_args__
0000b560   ___cinit__
00000220   ___end__
0000b560   ___etext__
ffffffff   ___pinit__
00008220   ___text__
0000b380   __args_main
0000a8a0   __auto_init
0000baa0   __cleanup_ptr
00008a00   __divd
0000baa4   __dtors_ptr
0000a300   __frcmpyd_div
0000b2a0   __llshru
0000afe0   __mpyll
0000a9a0   __nround
00000220   __stack
0000aa80   __strasg
0000b3c0   __trunc
0000b520   _abort
0000b1a0   _c_int00
0000a440   _c_int11
0000a694   _calculFFT
000088c0   _comm_intr
00008220   _comm_poll
0000b948   _config
0000ad20   _copy_in
000095a0   _cos
0000ab60   _exit
0000b994   _fs
0000a65c   _getEchantillon
0000b990   _hAIC23_handle
00008730   _input_left_sample
000087f8   _input_right_sample
0000862c   _input_sample
0000b998   _inputsource
0000a580   _main
00009c00   _memcpy
0000ac40   _modf
0000846c   _output_left_sample
0000854c   _output_right_sample
00008350   _output_sample
00000020   _vector1
00000140   _vector10
00000180   _vector12
000001a0   _vector13
000001c0   _vector14
000001e0   _vector15
00000040   _vector2
00000060   _vector3
00000080   _vector4
000000a0   _vector5
000000c0   _vector6
000000e0   _vector7
00000100   _vector8
00000120   _vector9
00000000   _vectors
ffffffff   binit
0000b560   cinit
00000220   end
0000b560   etext
ffffffff   pinit


GLOBAL SYMBOLS: SORTED BY Symbol Address 

address    name
--------   ----
00000000   _vectors
00000001   __TI_args_main
00000020   _vector1
00000040   _vector2
00000060   _vector3
00000080   _vector4
000000a0   _vector5
000000c0   _vector6
000000e0   _vector7
00000100   _vector8
00000120   _vector9
00000140   _vector10
00000180   _vector12
000001a0   _vector13
000001c0   _vector14
000001e0   _vector15
00000220   $bss
00000220   .bss
00000220   ___bss__
00000220   ___end__
00000220   __stack
00000220   end
00008000   __STACK_SIZE
00008220   .text
00008220   __STACK_END
00008220   ___text__
00008220   _comm_poll
00008254   _CODEC_start
00008320   _CODEC_stop
00008350   _output_sample
0000846c   _output_left_sample
0000854c   _output_right_sample
0000862c   _input_sample
00008730   _input_left_sample
000087f8   _input_right_sample
000088c0   _comm_intr
00008a00   __divd
0000916c   _DSK6713_init
00009488   _DSK6713_rget
0000949c   _DSK6713_rset
000094b0   _DSK6713_wait
00009508   _DSK6713_waitusec
00009534   _DSK6713_getVersion
000095a0   _cos
000098e0   _DSK6713_AIC23_openCodec
00009c00   _memcpy
00009e40   _IRQ_map
0000a000   _MCBSP_reset
0000a1a0   _DSK6713_AIC23_rset
0000a23c   _DSK6713_AIC23_rget
0000a260   _DSK6713_AIC23_config
0000a300   __frcmpyd_div
0000a440   _c_int11
0000a580   _main
0000a65c   _getEchantillon
0000a694   _calculFFT
0000a6a0   _MCBSP_open
0000a7a0   _MCBSP_start
0000a8a0   __auto_init
0000a9a0   __nround
0000aa80   __strasg
0000ab60   _exit
0000ac40   _modf
0000ad20   _copy_in
0000ade0   _DSK6713_AIC23_setFreq
0000aea0   _MCBSP_close
0000af40   _MCBSP_config
0000afe0   __mpyll
0000b120   ___TI_cpp_init
0000b1a0   _c_int00
0000b220   _DSK6713_AIC23_closeCodec
0000b2a0   __llshru
0000b300   _IRQ_enable
0000b340   _IRQ_reset
0000b380   __args_main
0000b3c0   __trunc
0000b420   _IRQ_globalDisable
0000b440   _IRQ_globalEnable
0000b460   _IRQ_nmiEnable
0000b480   _MCBSP_getXmtEventId
0000b4a0   _MCBSP_read
0000b4c0   _MCBSP_rrdy
0000b4e0   _MCBSP_write
0000b500   _MCBSP_xrdy
0000b520   C$$EXIT
0000b520   _abort
0000b540   __IRQ_hookFetchPacket
0000b560   ___cinit__
0000b560   ___etext__
0000b560   cinit
0000b560   etext
0000b870   __IRQ_eventTable
0000b8f4   __IRQ_intTable
0000b934   __IRQ_dispatchTable
0000b944   _AIC_data
0000b948   _config
0000b970   _AIC23CfgData
0000b990   _hAIC23_handle
0000b994   _fs
0000b998   _inputsource
0000b99c   _TableCos1
0000ba50   __MCBSP_hDev0
0000ba54   __MCBSP_hDev1
0000baa0   __cleanup_ptr
0000baa4   __dtors_ptr
0000baa8   ___TI_enable_exit_profile_output
0000baac   _DSK6713_AIC23_codeccontrolhandle
0000bab0   _DSK6713_AIC23_codecdatahandle
0000bab4   _DSK6713_version
ffffffff   ___TI_pprof_out_hndl
ffffffff   ___TI_prof_data_size
ffffffff   ___TI_prof_data_start
ffffffff   ___binit__
ffffffff   ___c_args__
ffffffff   ___pinit__
ffffffff   binit
ffffffff   pinit

[117 symbols]
