******************************************************************************
               TMS320C6x Linker PC v7.4.20                     
******************************************************************************
>> Linked Fri Jan 18 11:16:52 2019

OUTPUT FILE NAME:   <Laboratoire1.out>
ENTRY POINT SYMBOL: "_c_int00"  address: 00007f60


MEMORY CONFIGURATION

         name            origin    length      used     unused   attr    fill
----------------------  --------  ---------  --------  --------  ----  --------
  RAM                   00000001   fffffffe  0000ab42  ffff54bc  RWIX


SECTION ALLOCATION MAP

 output                                  attributes/
section   page    origin      length       input sections
--------  ----  ----------  ----------   ----------------
.pinit     0    00000004    00000000     UNINITIALIZED

.bss       0    00000008    00000000     UNINITIALIZED

.text      0    00000020    000082a0     
                  00000020    00000720     rts6700.lib : divd.obj (.text:__divd)
                  00000740    000006c0                 : _printfi.obj (.text:__getarg_diouxp)
                  00000e00    00000640                 : _printfi.obj (.text:__setfield)
                  00001440    00000560                 : _printfi.obj (.text:__printfi)
                  000019a0    000004c0                 : fputs.obj (.text:_fputs)
                  00001e60    00000420                 : _printfi.obj (.text:_fcvt)
                  00002280    00000400                 : _printfi.obj (.text:__pproc_fge)
                  00002680    00000400                 : _printfi.obj (.text:_ecvt)
                  00002a80    00000380                 : imath64.obj (.text:__divull)
                  00002e00    00000380                 : memory.obj (.text:_free)
                  00003180    00000360                 : _printfi.obj (.text:__pconv_e)
                  000034e0    00000360                 : _printfi.obj (.text:__pproc_fwp)
                  00003840    00000300                 : _printfi.obj (.text:__pproc_diouxp)
                  00003b40    000002c0                 : _printfi.obj (.text:__pproc_str)
                  00003e00    000002c0                 : setvbuf.obj (.text:_setvbuf)
                  000040c0    000002a0                 : _printfi.obj (.text:__pconv_g)
                  00004360    000002a0                 : fputc.obj (.text:_fputc)
                  00004600    00000260                 : imath40.obj (.text:__divul)
                  00004860    00000240                 : _printfi.obj (.text:__mcpy)
                  00004aa0    00000240                 : memory.obj (.text:_malloc)
                  00004ce0    00000240                 : memcpy62.obj (.text:_memcpy)
                  00004f20    00000220                 : trgdrv.obj (.text:_HOSTrename)
                  00005140    000001e0                 : lowlev.obj (.text:_getdevice)
                  00005320    000001c0                 : fseek.obj (.text:_fseek)
                  000054e0    000001a0                 : _printfi.obj (.text:__ltostr)
                  00005680    000001a0                 : _printfi.obj (.text:__pproc_fflags)
                  00005820    00000160                 : trgdrv.obj (.text:_HOSTlseek)
                  00005980    00000160                 : fclose.obj (.text:__closefile)
                  00005ae0    00000140                 : trgdrv.obj (.text:_HOSTread)
                  00005c20    00000140                 : frcmpyd_div.obj (.text:__frcmpyd_div)
                  00005d60    00000140                 : strasg.obj (.text:__strasgi)
                  00005ea0    00000140                 : atoi.obj (.text:_atoi)
                  00005fe0    00000140                 : ltoa.obj (.text:_ltoa)
                  00006120    00000120                 : trgdrv.obj (.text:_HOSTopen)
                  00006240    00000120                 : trgdrv.obj (.text:_HOSTwrite)
                  00006360    00000120                 : _io_perm.obj (.text:__wrt_ok)
                  00006480    00000120                 : lowlev.obj (.text:_close)
                  000065a0    00000120                 : memset.obj (.text:_memset)
                  000066c0    00000120     minimal_assemble.obj (.text)
                  000067e0    00000100     rts6700.lib : trgdrv.obj (.text:_HOSTclose)
                  000068e0    00000100                 : trgdrv.obj (.text:_HOSTunlink)
                  000069e0    00000100                 : autoinit.obj (.text:__auto_init)
                  00006ae0    00000100                 : _printfi.obj (.text:__div)
                  00006be0    00000100                 : imath40.obj (.text:__divli)
                  00006ce0    00000100                 : _printfi.obj (.text:__pconv_f)
                  00006de0    00000100                 : lowlev.obj (.text:_lseek)
                  00006ee0    00000100                 : printf.obj (.text:_printf)
                  00006fe0    00000100                 : lowlev.obj (.text:_write)
                  000070e0    000000e0                 : fopen.obj (.text:__cleanup)
                  000071c0    000000e0                 : fflush.obj (.text:__doflush)
                  000072a0    000000e0                 : _printfi.obj (.text:__ecpy)
                  00007380    000000e0                 : _printfi.obj (.text:__fcpy)
                  00007460    000000e0                 : exit.obj (.text:_exit)
                  00007540    000000e0                 : memory.obj (.text:_minsert)
                  00007620    000000e0                 : memory.obj (.text:_mremove)
                  00007700    000000e0     main.obj (.text)
                  000077e0    000000c0     rts6700.lib : divu.obj (.text:__divu)
                  000078a0    000000c0                 : cpy_tbl.obj (.text:_copy_in)
                  00007960    000000c0                 : lowlev.obj (.text:_finddevice)
                  00007a20    000000a0                 : fixdli.obj (.text:__fixdli)
                  00007ac0    000000a0                 : mpyll.obj (.text:__mpyll)
                  00007b60    000000a0                 : imath40.obj (.text:__remli)
                  00007c00    000000a0                 : trgmsg.obj (.text:_readmsg)
                  00007ca0    000000a0                 : lowlev.obj (.text:_unlink)
                  00007d40    000000a0                 : trgmsg.obj (.text:_writemsg)
                  00007de0    00000080                 : cpp_init.obj (.text:___TI_cpp_init)
                  00007e60    00000080                 : fltlid.obj (.text:__fltlid)
                  00007ee0    00000080                 : llshift.obj (.text:__llshl)
                  00007f60    00000080                 : boot.obj (.text:_c_int00)
                  00007fe0    00000080                 : memccpy.obj (.text:_memccpy)
                  00008060    00000060                 : isinf.obj (.text:___isinf)
                  000080c0    00000060                 : llshift.obj (.text:__llshru)
                  00008120    00000060                 : imath64.obj (.text:__subcull)
                  00008180    00000040                 : _printfi.obj (.text:___isnan)
                  000081c0    00000040                 : args_main.obj (.text:__args_main)
                  00008200    00000020                 : negll.obj (.text:__negll)
                  00008220    00000020                 : _lock.obj (.text:__nop)
                  00008240    00000020                 : printf.obj (.text:__outc)
                  00008260    00000020                 : printf.obj (.text:__outs)
                  00008280    00000020                 : exit.obj (.text:_abort)
                  000082a0    00000020                 : remove.obj (.text:_remove)

.stack     0    000082c0    00001000     UNINITIALIZED
                  000082c0    00000008     rts6700.lib : boot.obj (.stack)
                  000082c8    00000ff8     --HOLE--

.sysmem    0    000092c0    00001000     UNINITIALIZED
                  000092c0    00000008     rts6700.lib : memory.obj (.sysmem)
                  000092c8    00000ff8     --HOLE--

.far       0    0000a2c0    00000478     UNINITIALIZED
                  0000a2c0    00000324     rts6700.lib : defs.obj (.far)
                  0000a5e4    0000011c                 : lowlev.obj (.far)
                  0000a700    00000010     main.obj (.far)
                  0000a710    0000000c     rts6700.lib : exit.obj (.far)
                  0000a71c    00000008                 : _lock.obj (.far)
                  0000a724    00000008                 : memory.obj (.far)
                  0000a72c    00000008                 : trgdrv.obj (.far)
                  0000a734    00000004                 : fopen.obj (.far)

.const     0    0000a738    00000166     
                  0000a738    00000101     rts6700.lib : ctype.obj (.const:.string:__ctypes_)
                  0000a839    00000023                 : _printfi.obj (.const:.string)
                  0000a85c    00000020     main.obj (.const:.string)
                  0000a87c    00000020     main.obj (.const:_$P$T0$1)
                  0000a89c    00000002     rts6700.lib : fputs.obj (.const:.string)

.cinit     0    0000a8a0    0000016c     
                  0000a8a0    0000005c     rts6700.lib : defs.obj (.cinit)
                  0000a8fc    00000004     --HOLE-- [fill = 0]
                  0000a900    0000005c                 : lowlev.obj (.cinit)
                  0000a95c    00000004     --HOLE-- [fill = 0]
                  0000a960    0000002c                 : exit.obj (.cinit)
                  0000a98c    00000004     --HOLE-- [fill = 0]
                  0000a990    0000002c                 : memory.obj (.cinit)
                  0000a9bc    00000004     --HOLE-- [fill = 0]
                  0000a9c0    0000001c                 : _lock.obj (.cinit)
                  0000a9dc    00000004     --HOLE-- [fill = 0]
                  0000a9e0    00000018     main.obj (.cinit)
                  0000a9f8    0000000c     rts6700.lib : fopen.obj (.cinit)
                  0000aa04    00000004     --HOLE-- [fill = 0]
                  0000aa08    00000004     (.pad.cinit) [fill = 0]

.cio       0    0000aa10    00000120     UNINITIALIZED
                  0000aa10    00000120     rts6700.lib : trgmsg.obj (.cio)

.data      0    0000ab30    00000038     
                  0000ab30    00000038     minimal_assemble.obj (.data)


GLOBAL SYMBOLS: SORTED ALPHABETICALLY BY Name 

address    name
--------   ----
00000008   $bss
00000008   .bss
0000ab30   .data
00000020   .text
00008280   C$$EXIT
00007db8   C$$IO$$
000066fc   _AdditionSimple
00006708   _AdditionTableau
00006780   _DemoTamponCirculaire
000067e0   _HOSTclose
00005820   _HOSTlseek
00006120   _HOSTopen
00005ae0   _HOSTread
00004f20   _HOSTrename
000068e0   _HOSTunlink
00006240   _HOSTwrite
000066c0   _MaFonctionASM
00006734   _MaSousASM
0000a700   _Tableau2
0000aa10   __CIOBUF_
000092c0   __STACK_END
00001000   __STACK_SIZE
00001000   __SYSMEM_SIZE
00000001   __TI_args_main
00007de0   ___TI_cpp_init
0000a718   ___TI_enable_exit_profile_output
ffffffff   ___TI_pprof_out_hndl
ffffffff   ___TI_prof_data_size
ffffffff   ___TI_prof_data_start
ffffffff   ___binit__
00000008   ___bss__
ffffffff   ___c_args__
0000a8a0   ___cinit__
0000ab30   ___data__
0000ab68   ___edata__
00000008   ___end__
000082c0   ___etext__
00008060   ___isinf
ffffffff   ___pinit__
00000020   ___text__
000081c0   __args_main
000069e0   __auto_init
000077e0   __c6xabi_divu
00005d60   __c6xabi_strasgi
000070e0   __cleanup
0000a710   __cleanup_ptr
00005980   __closefile
0000a738   __ctypes_
00000020   __divd
00006be0   __divli
000077e0   __divu
00004600   __divul
00002a80   __divull
000071c0   __doflush
0000a714   __dtors_ptr
00007a20   __fixdli
00007e60   __fltlid
00005c20   __frcmpyd_div
0000a5e0   __ft_end
0000a2c0   __ftable
00007ee0   __llshl
000080c0   __llshru
0000a71c   __lock
00007ac0   __mpyll
00008200   __negll
00008220   __nop
00001440   __printfi
00007b60   __remli
000082c0   __stack
00005d60   __strasgi
00008120   __subcull
000092c0   __sys_memory
0000a4a0   __tmpnams
0000a720   __unlock
00006360   __wrt_ok
00008280   _abort
00005ea0   _atoi
00007f60   _c_int00
00006480   _close
000078a0   _copy_in
00007460   _exit
00004360   _fputc
000019a0   _fputs
00002e00   _free
00005320   _fseek
00006de0   _lseek
00005fe0   _ltoa
00007700   _main
00004aa0   _malloc
00007fe0   _memccpy
00004ce0   _memcpy
000065a0   _memset
00006ee0   _printf
00004360   _putc
00007c00   _readmsg
000082a0   _remove
00003e00   _setvbuf
00007ca0   _unlink
00006fe0   _write
00007d40   _writemsg
ffffffff   binit
0000a8a0   cinit
0000ab68   edata
00000008   end
000082c0   etext
ffffffff   pinit


GLOBAL SYMBOLS: SORTED BY Symbol Address 

address    name
--------   ----
00000001   __TI_args_main
00000008   $bss
00000008   .bss
00000008   ___bss__
00000008   ___end__
00000008   end
00000020   .text
00000020   ___text__
00000020   __divd
00001000   __STACK_SIZE
00001000   __SYSMEM_SIZE
00001440   __printfi
000019a0   _fputs
00002a80   __divull
00002e00   _free
00003e00   _setvbuf
00004360   _fputc
00004360   _putc
00004600   __divul
00004aa0   _malloc
00004ce0   _memcpy
00004f20   _HOSTrename
00005320   _fseek
00005820   _HOSTlseek
00005980   __closefile
00005ae0   _HOSTread
00005c20   __frcmpyd_div
00005d60   __c6xabi_strasgi
00005d60   __strasgi
00005ea0   _atoi
00005fe0   _ltoa
00006120   _HOSTopen
00006240   _HOSTwrite
00006360   __wrt_ok
00006480   _close
000065a0   _memset
000066c0   _MaFonctionASM
000066fc   _AdditionSimple
00006708   _AdditionTableau
00006734   _MaSousASM
00006780   _DemoTamponCirculaire
000067e0   _HOSTclose
000068e0   _HOSTunlink
000069e0   __auto_init
00006be0   __divli
00006de0   _lseek
00006ee0   _printf
00006fe0   _write
000070e0   __cleanup
000071c0   __doflush
00007460   _exit
00007700   _main
000077e0   __c6xabi_divu
000077e0   __divu
000078a0   _copy_in
00007a20   __fixdli
00007ac0   __mpyll
00007b60   __remli
00007c00   _readmsg
00007ca0   _unlink
00007d40   _writemsg
00007db8   C$$IO$$
00007de0   ___TI_cpp_init
00007e60   __fltlid
00007ee0   __llshl
00007f60   _c_int00
00007fe0   _memccpy
00008060   ___isinf
000080c0   __llshru
00008120   __subcull
000081c0   __args_main
00008200   __negll
00008220   __nop
00008280   C$$EXIT
00008280   _abort
000082a0   _remove
000082c0   ___etext__
000082c0   __stack
000082c0   etext
000092c0   __STACK_END
000092c0   __sys_memory
0000a2c0   __ftable
0000a4a0   __tmpnams
0000a5e0   __ft_end
0000a700   _Tableau2
0000a710   __cleanup_ptr
0000a714   __dtors_ptr
0000a718   ___TI_enable_exit_profile_output
0000a71c   __lock
0000a720   __unlock
0000a738   __ctypes_
0000a8a0   ___cinit__
0000a8a0   cinit
0000aa10   __CIOBUF_
0000ab30   .data
0000ab30   ___data__
0000ab68   ___edata__
0000ab68   edata
ffffffff   ___TI_pprof_out_hndl
ffffffff   ___TI_prof_data_size
ffffffff   ___TI_prof_data_start
ffffffff   ___binit__
ffffffff   ___c_args__
ffffffff   ___pinit__
ffffffff   binit
ffffffff   pinit

[106 symbols]
