******************************************************************************
               TMS320C6x Linker PC v7.4.20                     
******************************************************************************
>> Linked Wed Feb 27 15:07:56 2019

OUTPUT FILE NAME:   <S5e_APP6.out>
ENTRY POINT SYMBOL: "_c_int00"  address: 000030e0


MEMORY CONFIGURATION

         name            origin    length      used     unused   attr    fill
----------------------  --------  ---------  --------  --------  ----  --------
  IVECS                 00000000   00000220  00000200  00000020  RWIX
  IRAM                  00000220   0002fde0  00006176  00029c6a  RWIX
  SDRAM                 80000000   01000000  00000000  01000000  RWIX
  FLASH                 90000000   00020000  00000000  00020000  RWIX


SECTION ALLOCATION MAP

 output                                  attributes/
section   page    origin      length       input sections
--------  ----  ----------  ----------   ----------------
.vectors   0    00000000    00000200     
                  00000000    00000200     Vectors.obj (.vectors)

.bss       0    00000220    00000000     UNINITIALIZED

.text      0    00000220    000033a0     
                  00000220    00000480     dsk6713bsl.lib : dsk6713.obj (.text)
                  000006a0    00000340     SimpleInterrupt.obj (.text)
                  000009e0    00000320     dsk6713bsl.lib : dsk6713_aic23_opencodec.obj (.text)
                  00000d00    00000240     rts6700.lib : memcpy62.obj (.text:_memcpy)
                  00000f40    00000220                 : trgdrv.obj (.text:_HOSTrename)
                  00001160    00000220     csl6713.lib : csl.obj (.text:__CSL_init)
                  00001380    000001c0                 : csl_irq.obj (.text:_IRQ_map)
                  00001540    000001c0                 : csl_irq.obj (.text:_mux2Tables)
                  00001700    000001a0                 : csl_mcbsp.obj (.text:_MCBSP_reset)
                  000018a0    000001a0     dsk6713bsl.lib : dsk6713_led.obj (.text)
                  00001a40    00000160     rts6700.lib : trgdrv.obj (.text:_HOSTlseek)
                  00001ba0    00000160     dsk6713bsl.lib : dsk6713_aic23_registers.obj (.text)
                  00001d00    00000140     rts6700.lib : trgdrv.obj (.text:_HOSTread)
                  00001e40    00000140     csl6713.lib : csl_timer.obj (.text:_TIMER_open)
                  00001f80    00000120     rts6700.lib : trgdrv.obj (.text:_HOSTopen)
                  000020a0    00000120                 : trgdrv.obj (.text:_HOSTwrite)
                  000021c0    00000120     csl6713.lib : csl_timer.obj (.text:_TIMER_reset)
                  000022e0    00000100     rts6700.lib : trgdrv.obj (.text:_HOSTclose)
                  000023e0    00000100                 : trgdrv.obj (.text:_HOSTunlink)
                  000024e0    00000100     csl6713.lib : csl_mcbsp.obj (.text:_MCBSP_open)
                  000025e0    00000100                 : csl_mcbsp.obj (.text:_MCBSP_start)
                  000026e0    00000100     rts6700.lib : autoinit.obj (.text:__auto_init)
                  000027e0    000000e0                 : strasg.obj (.text:__strasg)
                  000028c0    000000e0                 : exit.obj (.text:_exit)
                  000029a0    000000c0     csl6713.lib : csl_gpio.obj (.text:_GPIO_open)
                  00002a60    000000c0                 : csl_gpio.obj (.text:_GPIO_reset)
                  00002b20    000000c0     rts6700.lib : cpy_tbl.obj (.text:_copy_in)
                  00002be0    000000c0     dsk6713bsl.lib : dsk6713_aic23_setfreq.obj (.text)
                  00002ca0    000000a0     csl6713.lib : csl_gpio.obj (.text:_GPIO_intPolarity)
                  00002d40    000000a0                 : csl_mcbsp.obj (.text:_MCBSP_close)
                  00002de0    000000a0                 : csl_irq.obj (.text:__IRQ_init)
                  00002e80    000000a0     rts6700.lib : trgmsg.obj (.text:_readmsg)
                  00002f20    000000a0     csl6713.lib : csl_irq.obj (.text:_setMux)
                  00002fc0    000000a0     rts6700.lib : trgmsg.obj (.text:_writemsg)
                  00003060    00000080                 : cpp_init.obj (.text:___TI_cpp_init)
                  000030e0    00000080                 : boot.obj (.text:_c_int00)
                  00003160    00000080     dsk6713bsl.lib : dsk6713_aic23_closecodec.obj (.text)
                  000031e0    00000080     SimpleInterrupt.obj (.text:retain)
                  00003260    00000060     INT2ULAW.obj (.text)
                  000032c0    00000060     csl6713.lib : csl_gpio.obj (.text:_GPIO_pinDirection)
                  00003320    00000040     ULAW2INT.obj (.text)
                  00003360    00000040     csl6713.lib : csl_gpio.obj (.text:_GPIO_pinEnable)
                  000033a0    00000040                 : csl_gpio.obj (.text:_GPIO_pinWrite)
                  000033e0    00000040                 : csl_irq.obj (.text:_IRQ_enable)
                  00003420    00000040                 : csl_irq.obj (.text:_IRQ_reset)
                  00003460    00000040     rts6700.lib : args_main.obj (.text:__args_main)
                  000034a0    00000020     Vectors.obj (.text)
                  000034c0    00000020     csl6713.lib : csl.obj (.text:_CSL6713_LIB_)
                  000034e0    00000020                 : csl_irq.obj (.text:_IRQ_globalEnable)
                  00003500    00000020                 : csl_irq.obj (.text:_IRQ_nmiEnable)
                  00003520    00000020                 : csl_irq.obj (.text:_IRQ_setVecs)
                  00003540    00000020     rts6700.lib : _lock.obj (.text:__nop)
                  00003560    00000020                 : exit.obj (.text:_abort)
                  00003580    00000020     csl6713.lib : csl_irq.obj (.text)
                  000035a0    00000020     Audio_driver.obj (.text:retain)

.stack     0    000035c0    00001000     UNINITIALIZED
                  000035c0    00000008     rts6700.lib : boot.obj (.stack)
                  000035c8    00000ff8     --HOLE--

.sysmem    0    000045c0    00001000     UNINITIALIZED
                  000045c0    00000008     rts6700.lib : memory.obj (.sysmem)
                  000045c8    00000ff8     --HOLE--

.far       0    000055c0    000006dc     UNINITIALIZED
                  000055c0    00000324     rts6700.lib : defs.obj (.far)
                  000058e4    0000011c                 : lowlev.obj (.far)
                  00005a00    000000f4     csl6713.lib : csl_irq.obj (.far)
                  00005af4    00000058     C6713Helper_UdeS.obj (.far)
                  00005b4c    00000038     csl6713.lib : csl_mcbsp.obj (.far)
                  00005b84    00000028                 : csl.obj (.far)
                  00005bac    00000028     dsk6713bsl.lib : dsk6713_aic23_registers.obj (.far)
                  00005bd4    00000024     csl6713.lib : csl_gpio.obj (.far)
                  00005bf8    00000024                 : csl_timer.obj (.far)
                  00005c1c    00000020     dsk6713bsl.lib : dsk6713_aic23_setfreq.obj (.far)
                  00005c3c    00000018     module_example.obj (.far)
                  00005c54    00000014     SimpleInterrupt.obj (.far)
                  00005c68    0000000c     rts6700.lib : exit.obj (.far)
                  00005c74    00000008     dsk6713bsl.lib : dsk6713_aic23_opencodec.obj (.far)
                  00005c7c    00000008     rts6700.lib : _lock.obj (.far)
                  00005c84    00000008                 : memory.obj (.far)
                  00005c8c    00000008                 : trgdrv.obj (.far)
                  00005c94    00000004                 : fopen.obj (.far)
                  00005c98    00000002     dsk6713bsl.lib : dsk6713.obj (.far)
                  00005c9a    00000002                    : dsk6713_led.obj (.far)

.cinit     0    00005ca0    00000504     
                  00005ca0    0000012c     csl6713.lib : csl_irq.obj (.cinit)
                  00005dcc    00000004     --HOLE-- [fill = 0]
                  00005dd0    00000060     module_example.obj (.cinit)
                  00005e30    0000005c     rts6700.lib : defs.obj (.cinit)
                  00005e8c    00000004     --HOLE-- [fill = 0]
                  00005e90    0000005c                 : lowlev.obj (.cinit)
                  00005eec    00000004     --HOLE-- [fill = 0]
                  00005ef0    00000058     C6713Helper_UdeS.obj (.cinit)
                  00005f48    00000054     csl6713.lib : csl_mcbsp.obj (.cinit)
                  00005f9c    00000004     --HOLE-- [fill = 0]
                  00005fa0    0000004c                 : csl_timer.obj (.cinit)
                  00005fec    00000004     --HOLE-- [fill = 0]
                  00005ff0    00000044                 : csl_gpio.obj (.cinit)
                  00006034    00000004     --HOLE-- [fill = 0]
                  00006038    0000003c     SimpleInterrupt.obj (.cinit)
                  00006074    00000004     --HOLE-- [fill = 0]
                  00006078    0000003c     csl6713.lib : csl.obj (.cinit)
                  000060b4    00000004     --HOLE-- [fill = 0]
                  000060b8    00000030     dsk6713bsl.lib : dsk6713_aic23_registers.obj (.cinit)
                  000060e8    0000002c     rts6700.lib : exit.obj (.cinit)
                  00006114    00000004     --HOLE-- [fill = 0]
                  00006118    0000002c                 : memory.obj (.cinit)
                  00006144    00000004     --HOLE-- [fill = 0]
                  00006148    00000028     dsk6713bsl.lib : dsk6713_aic23_setfreq.obj (.cinit)
                  00006170    0000001c     rts6700.lib : _lock.obj (.cinit)
                  0000618c    00000004     --HOLE-- [fill = 0]
                  00006190    0000000c                 : fopen.obj (.cinit)
                  0000619c    00000004     --HOLE-- [fill = 0]
                  000061a0    00000004     (.pad.cinit) [fill = 0]

.cio       0    000061a4    00000120     UNINITIALIZED
                  000061a4    00000120     rts6700.lib : trgmsg.obj (.cio)

.const     0    000062c4    000000d6     
                  000062c4    00000050     module_example.obj (.const:.string)
                  00006314    00000040     dsk6713bsl.lib : dsk6713_aic23_opencodec.obj (.const)
                  00006354    00000023     rts6700.lib : _printfi.obj (.const:.string)
                  00006377    00000001     --HOLE-- [fill = 0]
                  00006378    00000020     dsk6713bsl.lib : dsk6713.obj (.const)
                  00006398    00000002     rts6700.lib : fputs.obj (.const:.string)


GLOBAL SYMBOLS: SORTED ALPHABETICALLY BY Name 

address    name
--------   ----
00000220   $bss
00000220   .bss
00000220   .text
00003560   C$$EXIT
00003038   C$$IO$$
00005b28   _AIC23CfgData
00005afc   _AIC_data
000034c0   _CSL6713_LIB_
00003160   _DSK6713_AIC23_closeCodec
00005c74   _DSK6713_AIC23_codeccontrolhandle
00005c78   _DSK6713_AIC23_codecdatahandle
00001c60   _DSK6713_AIC23_config
000009e0   _DSK6713_AIC23_openCodec
00001c3c   _DSK6713_AIC23_rget
00001ba0   _DSK6713_AIC23_rset
00002be0   _DSK6713_AIC23_setFreq
000018a0   _DSK6713_LED_init
000018c8   _DSK6713_LED_off
00001924   _DSK6713_LED_on
00001980   _DSK6713_LED_toggle
00000634   _DSK6713_getVersion
0000026c   _DSK6713_init
00000588   _DSK6713_rget
0000059c   _DSK6713_rset
00005c98   _DSK6713_version
000005b0   _DSK6713_wait
00000608   _DSK6713_waitusec
00002ca0   _GPIO_intPolarity
000029a0   _GPIO_open
000032c0   _GPIO_pinDirection
00003360   _GPIO_pinEnable
000033a0   _GPIO_pinWrite
00002a60   _GPIO_reset
000022e0   _HOSTclose
00001a40   _HOSTlseek
00001f80   _HOSTopen
00001d00   _HOSTread
00000f40   _HOSTrename
000023e0   _HOSTunlink
000020a0   _HOSTwrite
000033e0   _IRQ_enable
000034e0   _IRQ_globalEnable
00001380   _IRQ_map
00003500   _IRQ_nmiEnable
00003420   _IRQ_reset
00003520   _IRQ_setVecs
00002d40   _MCBSP_close
000024e0   _MCBSP_open
00001700   _MCBSP_reset
000025e0   _MCBSP_start
00001e40   _TIMER_open
000021c0   _TIMER_reset
000061a4   __CIOBUF_
00001160   __CSL_init
00005be0   __GPIO_intTable
00005aec   __IRQ_dispatchTable
00005a28   __IRQ_eventTable
00003580   __IRQ_hookFetchPacket
00002de0   __IRQ_init
00005aac   __IRQ_intTable
00005b7c   __MCBSP_hDev0
00005b80   __MCBSP_hDev1
000045c0   __STACK_END
00001000   __STACK_SIZE
00001000   __SYSMEM_SIZE
00005bf8   __TIMER_deviceTable
00005c18   __TIMER_hBios
00005c10   __TIMER_hDev0
00005c14   __TIMER_hDev1
00000001   __TI_args_main
00003060   ___TI_cpp_init
00005c70   ___TI_enable_exit_profile_output
ffffffff   ___TI_pprof_out_hndl
ffffffff   ___TI_prof_data_size
ffffffff   ___TI_prof_data_start
ffffffff   ___binit__
00000220   ___bss__
ffffffff   ___c_args__
00005ca0   ___cinit__
00000220   ___end__
000035c0   ___etext__
ffffffff   ___pinit__
00000220   ___text__
00003460   __args_main
000026e0   __auto_init
00005c68   __cleanup_ptr
00005c6c   __dtors_ptr
000058e0   __ft_end
000055c0   __ftable
00005bf4   __hGpioDev0
00005c7c   __lock
00003540   __nop
000035c0   __stack
000027e0   __strasg
000045c0   __sys_memory
000057a0   __tmpnams
00005c80   __unlock
00003560   _abort
000030e0   _c_int00
000031e0   _c_int04
000035a0   _c_int11
00005b00   _config
00002b20   _copy_in
000028c0   _exit
00005c64   _flag_led
00005b48   _hAIC23_handle
000006e8   _init_ext_intr
00003260   _int2ulaw
00000900   _main
00000d00   _memcpy
00005c44   _myModuleFlag
00005c3c   _myModuleInt
00005c40   _myModulePointer
00002e80   _readmsg
00003320   _ulaw2int
00000020   _vector1
00000140   _vector10
00000160   _vector11
00000180   _vector12
000001a0   _vector13
000001c0   _vector14
000001e0   _vector15
00000040   _vector2
00000060   _vector3
000000a0   _vector5
000000c0   _vector6
000000e0   _vector7
00000100   _vector8
00000120   _vector9
00000000   _vectors
00002fc0   _writemsg
ffffffff   binit
00005ca0   cinit
00000220   end
000035c0   etext
ffffffff   pinit


GLOBAL SYMBOLS: SORTED BY Symbol Address 

address    name
--------   ----
00000000   _vectors
00000001   __TI_args_main
00000020   _vector1
00000040   _vector2
00000060   _vector3
000000a0   _vector5
000000c0   _vector6
000000e0   _vector7
00000100   _vector8
00000120   _vector9
00000140   _vector10
00000160   _vector11
00000180   _vector12
000001a0   _vector13
000001c0   _vector14
000001e0   _vector15
00000220   $bss
00000220   .bss
00000220   .text
00000220   ___bss__
00000220   ___end__
00000220   ___text__
00000220   end
0000026c   _DSK6713_init
00000588   _DSK6713_rget
0000059c   _DSK6713_rset
000005b0   _DSK6713_wait
00000608   _DSK6713_waitusec
00000634   _DSK6713_getVersion
000006e8   _init_ext_intr
00000900   _main
000009e0   _DSK6713_AIC23_openCodec
00000d00   _memcpy
00000f40   _HOSTrename
00001000   __STACK_SIZE
00001000   __SYSMEM_SIZE
00001160   __CSL_init
00001380   _IRQ_map
00001700   _MCBSP_reset
000018a0   _DSK6713_LED_init
000018c8   _DSK6713_LED_off
00001924   _DSK6713_LED_on
00001980   _DSK6713_LED_toggle
00001a40   _HOSTlseek
00001ba0   _DSK6713_AIC23_rset
00001c3c   _DSK6713_AIC23_rget
00001c60   _DSK6713_AIC23_config
00001d00   _HOSTread
00001e40   _TIMER_open
00001f80   _HOSTopen
000020a0   _HOSTwrite
000021c0   _TIMER_reset
000022e0   _HOSTclose
000023e0   _HOSTunlink
000024e0   _MCBSP_open
000025e0   _MCBSP_start
000026e0   __auto_init
000027e0   __strasg
000028c0   _exit
000029a0   _GPIO_open
00002a60   _GPIO_reset
00002b20   _copy_in
00002be0   _DSK6713_AIC23_setFreq
00002ca0   _GPIO_intPolarity
00002d40   _MCBSP_close
00002de0   __IRQ_init
00002e80   _readmsg
00002fc0   _writemsg
00003038   C$$IO$$
00003060   ___TI_cpp_init
000030e0   _c_int00
00003160   _DSK6713_AIC23_closeCodec
000031e0   _c_int04
00003260   _int2ulaw
000032c0   _GPIO_pinDirection
00003320   _ulaw2int
00003360   _GPIO_pinEnable
000033a0   _GPIO_pinWrite
000033e0   _IRQ_enable
00003420   _IRQ_reset
00003460   __args_main
000034c0   _CSL6713_LIB_
000034e0   _IRQ_globalEnable
00003500   _IRQ_nmiEnable
00003520   _IRQ_setVecs
00003540   __nop
00003560   C$$EXIT
00003560   _abort
00003580   __IRQ_hookFetchPacket
000035a0   _c_int11
000035c0   ___etext__
000035c0   __stack
000035c0   etext
000045c0   __STACK_END
000045c0   __sys_memory
000055c0   __ftable
000057a0   __tmpnams
000058e0   __ft_end
00005a28   __IRQ_eventTable
00005aac   __IRQ_intTable
00005aec   __IRQ_dispatchTable
00005afc   _AIC_data
00005b00   _config
00005b28   _AIC23CfgData
00005b48   _hAIC23_handle
00005b7c   __MCBSP_hDev0
00005b80   __MCBSP_hDev1
00005be0   __GPIO_intTable
00005bf4   __hGpioDev0
00005bf8   __TIMER_deviceTable
00005c10   __TIMER_hDev0
00005c14   __TIMER_hDev1
00005c18   __TIMER_hBios
00005c3c   _myModuleInt
00005c40   _myModulePointer
00005c44   _myModuleFlag
00005c64   _flag_led
00005c68   __cleanup_ptr
00005c6c   __dtors_ptr
00005c70   ___TI_enable_exit_profile_output
00005c74   _DSK6713_AIC23_codeccontrolhandle
00005c78   _DSK6713_AIC23_codecdatahandle
00005c7c   __lock
00005c80   __unlock
00005c98   _DSK6713_version
00005ca0   ___cinit__
00005ca0   cinit
000061a4   __CIOBUF_
ffffffff   ___TI_pprof_out_hndl
ffffffff   ___TI_prof_data_size
ffffffff   ___TI_prof_data_start
ffffffff   ___binit__
ffffffff   ___c_args__
ffffffff   ___pinit__
ffffffff   binit
ffffffff   pinit

[136 symbols]
