******************************************************************************
               TMS320C6x Linker PC v7.4.20                     
******************************************************************************
>> Linked Wed Feb 27 12:29:04 2019

OUTPUT FILE NAME:   <S5e_APP6.out>
ENTRY POINT SYMBOL: "_c_int00"  address: 00008de0


MEMORY CONFIGURATION

         name            origin    length      used     unused   attr    fill
----------------------  --------  ---------  --------  --------  ----  --------
  IVECS                 00000000   00000220  00000200  00000020  RWIX
  IRAM                  00000220   0002fde0  0000bdfa  00023fe6  RWIX
  SDRAM                 80000000   01000000  00000000  01000000  RWIX
  FLASH                 90000000   00020000  00000000  00020000  RWIX


SECTION ALLOCATION MAP

 output                                  attributes/
section   page    origin      length       input sections
--------  ----  ----------  ----------   ----------------
.vectors   0    00000000    00000200     
                  00000000    00000200     Vectors.obj (.vectors)

.bss       0    00000220    00000000     UNINITIALIZED

.text      0    00000220    000090c0     
                  00000220    00000720     rts6700.lib : divd.obj (.text:__divd)
                  00000940    000006c0                 : _printfi.obj (.text:__getarg_diouxp)
                  00001000    00000640                 : _printfi.obj (.text:__setfield)
                  00001640    00000560                 : _printfi.obj (.text:__printfi)
                  00001ba0    000004c0                 : fputs.obj (.text:_fputs)
                  00002060    00000480     dsk6713bsl.lib : dsk6713.obj (.text)
                  000024e0    00000420     rts6700.lib : _printfi.obj (.text:_fcvt)
                  00002900    00000400                 : _printfi.obj (.text:__pproc_fge)
                  00002d00    00000400                 : _printfi.obj (.text:_ecvt)
                  00003100    00000380                 : imath64.obj (.text:__divull)
                  00003480    00000380                 : memory.obj (.text:_free)
                  00003800    00000360                 : _printfi.obj (.text:__pconv_e)
                  00003b60    00000360                 : _printfi.obj (.text:__pproc_fwp)
                  00003ec0    00000320     dsk6713bsl.lib : dsk6713_aic23_opencodec.obj (.text)
                  000041e0    00000300     rts6700.lib : _printfi.obj (.text:__pproc_diouxp)
                  000044e0    000002c0                 : _printfi.obj (.text:__pproc_str)
                  000047a0    000002c0                 : setvbuf.obj (.text:_setvbuf)
                  00004a60    000002a0                 : _printfi.obj (.text:__pconv_g)
                  00004d00    000002a0                 : fputc.obj (.text:_fputc)
                  00004fa0    00000260                 : imath40.obj (.text:__divul)
                  00005200    00000240                 : _printfi.obj (.text:__mcpy)
                  00005440    00000240                 : memory.obj (.text:_malloc)
                  00005680    00000240                 : memcpy62.obj (.text:_memcpy)
                  000058c0    00000220                 : trgdrv.obj (.text:_HOSTrename)
                  00005ae0    000001e0                 : lowlev.obj (.text:_getdevice)
                  00005cc0    000001c0                 : fseek.obj (.text:_fseek)
                  00005e80    000001a0     csl6713.lib : csl_mcbsp.obj (.text:_MCBSP_reset)
                  00006020    000001a0     rts6700.lib : _printfi.obj (.text:__ltostr)
                  000061c0    000001a0                 : _printfi.obj (.text:__pproc_fflags)
                  00006360    00000160                 : trgdrv.obj (.text:_HOSTlseek)
                  000064c0    00000160                 : fclose.obj (.text:__closefile)
                  00006620    00000160     dsk6713bsl.lib : dsk6713_aic23_registers.obj (.text)
                  00006780    00000140     rts6700.lib : trgdrv.obj (.text:_HOSTread)
                  000068c0    00000140                 : frcmpyd_div.obj (.text:__frcmpyd_div)
                  00006a00    00000140                 : atoi.obj (.text:_atoi)
                  00006b40    00000140                 : ltoa.obj (.text:_ltoa)
                  00006c80    00000120                 : trgdrv.obj (.text:_HOSTopen)
                  00006da0    00000120                 : trgdrv.obj (.text:_HOSTwrite)
                  00006ec0    00000120                 : _io_perm.obj (.text:__wrt_ok)
                  00006fe0    00000120                 : lowlev.obj (.text:_close)
                  00007100    00000120                 : memset.obj (.text:_memset)
                  00007220    00000100                 : trgdrv.obj (.text:_HOSTclose)
                  00007320    00000100                 : trgdrv.obj (.text:_HOSTunlink)
                  00007420    00000100     csl6713.lib : csl_mcbsp.obj (.text:_MCBSP_open)
                  00007520    00000100                 : csl_mcbsp.obj (.text:_MCBSP_start)
                  00007620    00000100     rts6700.lib : autoinit.obj (.text:__auto_init)
                  00007720    00000100                 : _printfi.obj (.text:__div)
                  00007820    00000100                 : imath40.obj (.text:__divli)
                  00007920    00000100                 : _printfi.obj (.text:__pconv_f)
                  00007a20    00000100                 : lowlev.obj (.text:_lseek)
                  00007b20    00000100                 : printf.obj (.text:_printf)
                  00007c20    00000100                 : lowlev.obj (.text:_write)
                  00007d20    000000e0                 : fopen.obj (.text:__cleanup)
                  00007e00    000000e0                 : fflush.obj (.text:__doflush)
                  00007ee0    000000e0                 : _printfi.obj (.text:__ecpy)
                  00007fc0    000000e0                 : _printfi.obj (.text:__fcpy)
                  000080a0    000000e0                 : strasg.obj (.text:__strasg)
                  00008180    000000e0                 : exit.obj (.text:_exit)
                  00008260    000000e0                 : memory.obj (.text:_minsert)
                  00008340    000000e0                 : memory.obj (.text:_mremove)
                  00008420    000000e0     module_example.obj (.text)
                  00008500    000000c0     rts6700.lib : divu.obj (.text:__divu)
                  000085c0    000000c0                 : cpy_tbl.obj (.text:_copy_in)
                  00008680    000000c0                 : lowlev.obj (.text:_finddevice)
                  00008740    000000c0     dsk6713bsl.lib : dsk6713_aic23_setfreq.obj (.text)
                  00008800    000000a0     csl6713.lib : csl_mcbsp.obj (.text:_MCBSP_close)
                  000088a0    000000a0     rts6700.lib : fixdli.obj (.text:__fixdli)
                  00008940    000000a0                 : mpyll.obj (.text:__mpyll)
                  000089e0    000000a0                 : imath40.obj (.text:__remli)
                  00008a80    000000a0                 : trgmsg.obj (.text:_readmsg)
                  00008b20    000000a0                 : lowlev.obj (.text:_unlink)
                  00008bc0    000000a0                 : trgmsg.obj (.text:_writemsg)
                  00008c60    00000080                 : cpp_init.obj (.text:___TI_cpp_init)
                  00008ce0    00000080                 : fltlid.obj (.text:__fltlid)
                  00008d60    00000080                 : llshift.obj (.text:__llshl)
                  00008de0    00000080                 : boot.obj (.text:_c_int00)
                  00008e60    00000080                 : memccpy.obj (.text:_memccpy)
                  00008ee0    00000080     dsk6713bsl.lib : dsk6713_aic23_closecodec.obj (.text)
                  00008f60    00000060     INT2ULAW.obj (.text)
                  00008fc0    00000060     rts6700.lib : isinf.obj (.text:___isinf)
                  00009020    00000060                 : llshift.obj (.text:__llshru)
                  00009080    00000060                 : imath64.obj (.text:__subcull)
                  000090e0    00000040     ULAW2INT.obj (.text)
                  00009120    00000040     rts6700.lib : _printfi.obj (.text:___isnan)
                  00009160    00000040                 : args_main.obj (.text:__args_main)
                  000091a0    00000020     Telephone.obj (.text)
                  000091c0    00000020     Vectors.obj (.text)
                  000091e0    00000020     rts6700.lib : negll.obj (.text:__negll)
                  00009200    00000020                 : _lock.obj (.text:__nop)
                  00009220    00000020                 : printf.obj (.text:__outc)
                  00009240    00000020                 : printf.obj (.text:__outs)
                  00009260    00000020                 : exit.obj (.text:_abort)
                  00009280    00000020                 : remove.obj (.text:_remove)
                  000092a0    00000020     csl6713.lib : csl_irq.obj (.text)
                  000092c0    00000020     Audio_driver.obj (.text:retain)

.stack     0    000092e0    00001000     UNINITIALIZED
                  000092e0    00000008     rts6700.lib : boot.obj (.stack)
                  000092e8    00000ff8     --HOLE--

.sysmem    0    0000a2e0    00001000     UNINITIALIZED
                  0000a2e0    00000008     rts6700.lib : memory.obj (.sysmem)
                  0000a2e8    00000ff8     --HOLE--

.far       0    0000b2e0    00000656     UNINITIALIZED
                  0000b2e0    00000324     rts6700.lib : defs.obj (.far)
                  0000b604    0000011c                 : lowlev.obj (.far)
                  0000b720    000000f4     csl6713.lib : csl_irq.obj (.far)
                  0000b814    00000058     C6713Helper_UdeS.obj (.far)
                  0000b86c    00000038     csl6713.lib : csl_mcbsp.obj (.far)
                  0000b8a4    00000028     dsk6713bsl.lib : dsk6713_aic23_registers.obj (.far)
                  0000b8cc    00000020                    : dsk6713_aic23_setfreq.obj (.far)
                  0000b8ec    00000018     module_example.obj (.far)
                  0000b904    0000000c     rts6700.lib : exit.obj (.far)
                  0000b910    00000008     dsk6713bsl.lib : dsk6713_aic23_opencodec.obj (.far)
                  0000b918    00000008     rts6700.lib : _lock.obj (.far)
                  0000b920    00000008                 : memory.obj (.far)
                  0000b928    00000008                 : trgdrv.obj (.far)
                  0000b930    00000004                 : fopen.obj (.far)
                  0000b934    00000002     dsk6713bsl.lib : dsk6713.obj (.far)

.cinit     0    0000b938    000003ec     
                  0000b938    0000012c     csl6713.lib : csl_irq.obj (.cinit)
                  0000ba64    00000004     --HOLE-- [fill = 0]
                  0000ba68    00000060     module_example.obj (.cinit)
                  0000bac8    0000005c     rts6700.lib : defs.obj (.cinit)
                  0000bb24    00000004     --HOLE-- [fill = 0]
                  0000bb28    0000005c                 : lowlev.obj (.cinit)
                  0000bb84    00000004     --HOLE-- [fill = 0]
                  0000bb88    00000058     C6713Helper_UdeS.obj (.cinit)
                  0000bbe0    00000054     csl6713.lib : csl_mcbsp.obj (.cinit)
                  0000bc34    00000004     --HOLE-- [fill = 0]
                  0000bc38    00000030     dsk6713bsl.lib : dsk6713_aic23_registers.obj (.cinit)
                  0000bc68    0000002c     rts6700.lib : exit.obj (.cinit)
                  0000bc94    00000004     --HOLE-- [fill = 0]
                  0000bc98    0000002c                 : memory.obj (.cinit)
                  0000bcc4    00000004     --HOLE-- [fill = 0]
                  0000bcc8    00000028     dsk6713bsl.lib : dsk6713_aic23_setfreq.obj (.cinit)
                  0000bcf0    0000001c     rts6700.lib : _lock.obj (.cinit)
                  0000bd0c    00000004     --HOLE-- [fill = 0]
                  0000bd10    0000000c                 : fopen.obj (.cinit)
                  0000bd1c    00000004     --HOLE-- [fill = 0]
                  0000bd20    00000004     (.pad.cinit) [fill = 0]

.const     0    0000bd24    000001d8     
                  0000bd24    00000101     rts6700.lib : ctype.obj (.const:.string:__ctypes_)
                  0000be25    00000002                 : fputs.obj (.const:.string)
                  0000be27    00000001     --HOLE-- [fill = 0]
                  0000be28    00000050     module_example.obj (.const:.string)
                  0000be78    00000040     dsk6713bsl.lib : dsk6713_aic23_opencodec.obj (.const)
                  0000beb8    00000023     rts6700.lib : _printfi.obj (.const:.string)
                  0000bedb    00000001     --HOLE-- [fill = 0]
                  0000bedc    00000020     dsk6713bsl.lib : dsk6713.obj (.const)

.cio       0    0000befc    00000120     UNINITIALIZED
                  0000befc    00000120     rts6700.lib : trgmsg.obj (.cio)


GLOBAL SYMBOLS: SORTED ALPHABETICALLY BY Name 

address    name
--------   ----
00000220   $bss
00000220   .bss
00000220   .text
00009260   C$$EXIT
00008c38   C$$IO$$
0000b848   _AIC23CfgData
0000b81c   _AIC_data
00008ee0   _DSK6713_AIC23_closeCodec
0000b910   _DSK6713_AIC23_codeccontrolhandle
0000b914   _DSK6713_AIC23_codecdatahandle
000066e0   _DSK6713_AIC23_config
00003ec0   _DSK6713_AIC23_openCodec
000066bc   _DSK6713_AIC23_rget
00006620   _DSK6713_AIC23_rset
00008740   _DSK6713_AIC23_setFreq
00002474   _DSK6713_getVersion
000020ac   _DSK6713_init
000023c8   _DSK6713_rget
000023dc   _DSK6713_rset
0000b934   _DSK6713_version
000023f0   _DSK6713_wait
00002448   _DSK6713_waitusec
00007220   _HOSTclose
00006360   _HOSTlseek
00006c80   _HOSTopen
00006780   _HOSTread
000058c0   _HOSTrename
00007320   _HOSTunlink
00006da0   _HOSTwrite
00008800   _MCBSP_close
00007420   _MCBSP_open
00005e80   _MCBSP_reset
00007520   _MCBSP_start
0000befc   __CIOBUF_
0000b80c   __IRQ_dispatchTable
0000b748   __IRQ_eventTable
000092a0   __IRQ_hookFetchPacket
0000b7cc   __IRQ_intTable
0000b89c   __MCBSP_hDev0
0000b8a0   __MCBSP_hDev1
0000a2e0   __STACK_END
00001000   __STACK_SIZE
00001000   __SYSMEM_SIZE
00000001   __TI_args_main
00008c60   ___TI_cpp_init
0000b90c   ___TI_enable_exit_profile_output
ffffffff   ___TI_pprof_out_hndl
ffffffff   ___TI_prof_data_size
ffffffff   ___TI_prof_data_start
ffffffff   ___binit__
00000220   ___bss__
ffffffff   ___c_args__
0000b938   ___cinit__
00000220   ___end__
000092e0   ___etext__
00008fc0   ___isinf
ffffffff   ___pinit__
00000220   ___text__
00009160   __args_main
00007620   __auto_init
00008500   __c6xabi_divu
00007d20   __cleanup
0000b904   __cleanup_ptr
000064c0   __closefile
0000bd24   __ctypes_
00000220   __divd
00007820   __divli
00008500   __divu
00004fa0   __divul
00003100   __divull
00007e00   __doflush
0000b908   __dtors_ptr
000088a0   __fixdli
00008ce0   __fltlid
000068c0   __frcmpyd_div
0000b600   __ft_end
0000b2e0   __ftable
00008d60   __llshl
00009020   __llshru
0000b918   __lock
00008940   __mpyll
000091e0   __negll
00009200   __nop
00001640   __printfi
000089e0   __remli
000092e0   __stack
000080a0   __strasg
00009080   __subcull
0000a2e0   __sys_memory
0000b4c0   __tmpnams
0000b91c   __unlock
00006ec0   __wrt_ok
00009260   _abort
00006a00   _atoi
00008de0   _c_int00
000092c0   _c_int11
00006fe0   _close
0000b820   _config
000085c0   _copy_in
00008180   _exit
00004d00   _fputc
00001ba0   _fputs
00003480   _free
00005cc0   _fseek
0000b868   _hAIC23_handle
00008f60   _int2ulaw
00007a20   _lseek
00006b40   _ltoa
000091a0   _main
00005440   _malloc
00008e60   _memccpy
00005680   _memcpy
00007100   _memset
0000b8f4   _myModuleFlag
0000b8ec   _myModuleInt
0000b8f0   _myModulePointer
000084d8   _myModule_function1
000084e0   _myModule_function2
00008460   _myModule_init
00007b20   _printf
00004d00   _putc
00008a80   _readmsg
00009280   _remove
000047a0   _setvbuf
000090e0   _ulaw2int
00008b20   _unlink
00000020   _vector1
00000140   _vector10
00000180   _vector12
000001a0   _vector13
000001c0   _vector14
000001e0   _vector15
00000040   _vector2
00000060   _vector3
00000080   _vector4
000000a0   _vector5
000000c0   _vector6
000000e0   _vector7
00000100   _vector8
00000120   _vector9
00000000   _vectors
00007c20   _write
00008bc0   _writemsg
ffffffff   binit
0000b938   cinit
00000220   end
000092e0   etext
ffffffff   pinit


GLOBAL SYMBOLS: SORTED BY Symbol Address 

address    name
--------   ----
00000000   _vectors
00000001   __TI_args_main
00000020   _vector1
00000040   _vector2
00000060   _vector3
00000080   _vector4
000000a0   _vector5
000000c0   _vector6
000000e0   _vector7
00000100   _vector8
00000120   _vector9
00000140   _vector10
00000180   _vector12
000001a0   _vector13
000001c0   _vector14
000001e0   _vector15
00000220   $bss
00000220   .bss
00000220   .text
00000220   ___bss__
00000220   ___end__
00000220   ___text__
00000220   __divd
00000220   end
00001000   __STACK_SIZE
00001000   __SYSMEM_SIZE
00001640   __printfi
00001ba0   _fputs
000020ac   _DSK6713_init
000023c8   _DSK6713_rget
000023dc   _DSK6713_rset
000023f0   _DSK6713_wait
00002448   _DSK6713_waitusec
00002474   _DSK6713_getVersion
00003100   __divull
00003480   _free
00003ec0   _DSK6713_AIC23_openCodec
000047a0   _setvbuf
00004d00   _fputc
00004d00   _putc
00004fa0   __divul
00005440   _malloc
00005680   _memcpy
000058c0   _HOSTrename
00005cc0   _fseek
00005e80   _MCBSP_reset
00006360   _HOSTlseek
000064c0   __closefile
00006620   _DSK6713_AIC23_rset
000066bc   _DSK6713_AIC23_rget
000066e0   _DSK6713_AIC23_config
00006780   _HOSTread
000068c0   __frcmpyd_div
00006a00   _atoi
00006b40   _ltoa
00006c80   _HOSTopen
00006da0   _HOSTwrite
00006ec0   __wrt_ok
00006fe0   _close
00007100   _memset
00007220   _HOSTclose
00007320   _HOSTunlink
00007420   _MCBSP_open
00007520   _MCBSP_start
00007620   __auto_init
00007820   __divli
00007a20   _lseek
00007b20   _printf
00007c20   _write
00007d20   __cleanup
00007e00   __doflush
000080a0   __strasg
00008180   _exit
00008460   _myModule_init
000084d8   _myModule_function1
000084e0   _myModule_function2
00008500   __c6xabi_divu
00008500   __divu
000085c0   _copy_in
00008740   _DSK6713_AIC23_setFreq
00008800   _MCBSP_close
000088a0   __fixdli
00008940   __mpyll
000089e0   __remli
00008a80   _readmsg
00008b20   _unlink
00008bc0   _writemsg
00008c38   C$$IO$$
00008c60   ___TI_cpp_init
00008ce0   __fltlid
00008d60   __llshl
00008de0   _c_int00
00008e60   _memccpy
00008ee0   _DSK6713_AIC23_closeCodec
00008f60   _int2ulaw
00008fc0   ___isinf
00009020   __llshru
00009080   __subcull
000090e0   _ulaw2int
00009160   __args_main
000091a0   _main
000091e0   __negll
00009200   __nop
00009260   C$$EXIT
00009260   _abort
00009280   _remove
000092a0   __IRQ_hookFetchPacket
000092c0   _c_int11
000092e0   ___etext__
000092e0   __stack
000092e0   etext
0000a2e0   __STACK_END
0000a2e0   __sys_memory
0000b2e0   __ftable
0000b4c0   __tmpnams
0000b600   __ft_end
0000b748   __IRQ_eventTable
0000b7cc   __IRQ_intTable
0000b80c   __IRQ_dispatchTable
0000b81c   _AIC_data
0000b820   _config
0000b848   _AIC23CfgData
0000b868   _hAIC23_handle
0000b89c   __MCBSP_hDev0
0000b8a0   __MCBSP_hDev1
0000b8ec   _myModuleInt
0000b8f0   _myModulePointer
0000b8f4   _myModuleFlag
0000b904   __cleanup_ptr
0000b908   __dtors_ptr
0000b90c   ___TI_enable_exit_profile_output
0000b910   _DSK6713_AIC23_codeccontrolhandle
0000b914   _DSK6713_AIC23_codecdatahandle
0000b918   __lock
0000b91c   __unlock
0000b934   _DSK6713_version
0000b938   ___cinit__
0000b938   cinit
0000bd24   __ctypes_
0000befc   __CIOBUF_
ffffffff   ___TI_pprof_out_hndl
ffffffff   ___TI_prof_data_size
ffffffff   ___TI_prof_data_start
ffffffff   ___binit__
ffffffff   ___c_args__
ffffffff   ___pinit__
ffffffff   binit
ffffffff   pinit

[148 symbols]
