<?xml version="1.0"?>
<link_info>
   <banner>TMS320C6x Linker PC v7.4.20</banner>
   <copyright>Copyright (c) 1996-2015 Texas Instruments Incorporated</copyright>
   <link_time>0x5c76c8e0</link_time>
   <output_file>S5e_APP6.out</output_file>
   <entry_point>
      <name>_c_int00</name>
      <address>0x8de0</address>
   </entry_point>
   <input_file_list>
      <input_file id="fl-2">
         <path>.\source\asm\</path>
         <kind>object</kind>
         <file>INT2ULAW.obj</file>
         <name>INT2ULAW.obj</name>
      </input_file>
      <input_file id="fl-3">
         <path>.\source\asm\</path>
         <kind>object</kind>
         <file>ULAW2INT.obj</file>
         <name>ULAW2INT.obj</name>
      </input_file>
      <input_file id="fl-4">
         <path>.\source\asm\</path>
         <kind>object</kind>
         <file>Vectors.obj</file>
         <name>Vectors.obj</name>
      </input_file>
      <input_file id="fl-5">
         <path>.\source\c\</path>
         <kind>object</kind>
         <file>Audio_driver.obj</file>
         <name>Audio_driver.obj</name>
      </input_file>
      <input_file id="fl-6">
         <path>.\source\c\</path>
         <kind>object</kind>
         <file>C6713Helper_UdeS.obj</file>
         <name>C6713Helper_UdeS.obj</name>
      </input_file>
      <input_file id="fl-7">
         <path>.\source\c\</path>
         <kind>object</kind>
         <file>SPI_driver.obj</file>
         <name>SPI_driver.obj</name>
      </input_file>
      <input_file id="fl-8">
         <path>.\source\c\</path>
         <kind>object</kind>
         <file>Telephone.obj</file>
         <name>Telephone.obj</name>
      </input_file>
      <input_file id="fl-9">
         <path>.\source\c\</path>
         <kind>object</kind>
         <file>module_example.obj</file>
         <name>module_example.obj</name>
      </input_file>
      <input_file id="fl-87">
         <path>C:\ti\ccsv7\tools\compiler\c6000_7.4.20\lib\</path>
         <kind>archive</kind>
         <file>rts6700.lib</file>
         <name>boot.obj</name>
      </input_file>
      <input_file id="fl-88">
         <path>C:\ti\ccsv7\tools\compiler\c6000_7.4.20\lib\</path>
         <kind>archive</kind>
         <file>rts6700.lib</file>
         <name>exit.obj</name>
      </input_file>
      <input_file id="fl-89">
         <path>C:\ti\ccsv7\tools\compiler\c6000_7.4.20\lib\</path>
         <kind>archive</kind>
         <file>rts6700.lib</file>
         <name>printf.obj</name>
      </input_file>
      <input_file id="fl-8a">
         <path>C:\ti\ccsv7\tools\compiler\c6000_7.4.20\lib\</path>
         <kind>archive</kind>
         <file>rts6700.lib</file>
         <name>_lock.obj</name>
      </input_file>
      <input_file id="fl-8b">
         <path>C:\ti\ccsv7\tools\compiler\c6000_7.4.20\lib\</path>
         <kind>archive</kind>
         <file>rts6700.lib</file>
         <name>_printfi.obj</name>
      </input_file>
      <input_file id="fl-8c">
         <path>C:\ti\ccsv7\tools\compiler\c6000_7.4.20\lib\</path>
         <kind>archive</kind>
         <file>rts6700.lib</file>
         <name>args_main.obj</name>
      </input_file>
      <input_file id="fl-8d">
         <path>C:\ti\ccsv7\tools\compiler\c6000_7.4.20\lib\</path>
         <kind>archive</kind>
         <file>rts6700.lib</file>
         <name>atoi.obj</name>
      </input_file>
      <input_file id="fl-8e">
         <path>C:\ti\ccsv7\tools\compiler\c6000_7.4.20\lib\</path>
         <kind>archive</kind>
         <file>rts6700.lib</file>
         <name>autoinit.obj</name>
      </input_file>
      <input_file id="fl-8f">
         <path>C:\ti\ccsv7\tools\compiler\c6000_7.4.20\lib\</path>
         <kind>archive</kind>
         <file>rts6700.lib</file>
         <name>cpp_init.obj</name>
      </input_file>
      <input_file id="fl-90">
         <path>C:\ti\ccsv7\tools\compiler\c6000_7.4.20\lib\</path>
         <kind>archive</kind>
         <file>rts6700.lib</file>
         <name>cpy_tbl.obj</name>
      </input_file>
      <input_file id="fl-91">
         <path>C:\ti\ccsv7\tools\compiler\c6000_7.4.20\lib\</path>
         <kind>archive</kind>
         <file>rts6700.lib</file>
         <name>ctype.obj</name>
      </input_file>
      <input_file id="fl-92">
         <path>C:\ti\ccsv7\tools\compiler\c6000_7.4.20\lib\</path>
         <kind>archive</kind>
         <file>rts6700.lib</file>
         <name>defs.obj</name>
      </input_file>
      <input_file id="fl-93">
         <path>C:\ti\ccsv7\tools\compiler\c6000_7.4.20\lib\</path>
         <kind>archive</kind>
         <file>rts6700.lib</file>
         <name>divd.obj</name>
      </input_file>
      <input_file id="fl-94">
         <path>C:\ti\ccsv7\tools\compiler\c6000_7.4.20\lib\</path>
         <kind>archive</kind>
         <file>rts6700.lib</file>
         <name>divu.obj</name>
      </input_file>
      <input_file id="fl-95">
         <path>C:\ti\ccsv7\tools\compiler\c6000_7.4.20\lib\</path>
         <kind>archive</kind>
         <file>rts6700.lib</file>
         <name>fixdli.obj</name>
      </input_file>
      <input_file id="fl-96">
         <path>C:\ti\ccsv7\tools\compiler\c6000_7.4.20\lib\</path>
         <kind>archive</kind>
         <file>rts6700.lib</file>
         <name>fltlid.obj</name>
      </input_file>
      <input_file id="fl-97">
         <path>C:\ti\ccsv7\tools\compiler\c6000_7.4.20\lib\</path>
         <kind>archive</kind>
         <file>rts6700.lib</file>
         <name>fputc.obj</name>
      </input_file>
      <input_file id="fl-98">
         <path>C:\ti\ccsv7\tools\compiler\c6000_7.4.20\lib\</path>
         <kind>archive</kind>
         <file>rts6700.lib</file>
         <name>fputs.obj</name>
      </input_file>
      <input_file id="fl-99">
         <path>C:\ti\ccsv7\tools\compiler\c6000_7.4.20\lib\</path>
         <kind>archive</kind>
         <file>rts6700.lib</file>
         <name>frcmpyd_div.obj</name>
      </input_file>
      <input_file id="fl-9a">
         <path>C:\ti\ccsv7\tools\compiler\c6000_7.4.20\lib\</path>
         <kind>archive</kind>
         <file>rts6700.lib</file>
         <name>imath40.obj</name>
      </input_file>
      <input_file id="fl-9b">
         <path>C:\ti\ccsv7\tools\compiler\c6000_7.4.20\lib\</path>
         <kind>archive</kind>
         <file>rts6700.lib</file>
         <name>imath64.obj</name>
      </input_file>
      <input_file id="fl-9c">
         <path>C:\ti\ccsv7\tools\compiler\c6000_7.4.20\lib\</path>
         <kind>archive</kind>
         <file>rts6700.lib</file>
         <name>isinf.obj</name>
      </input_file>
      <input_file id="fl-9d">
         <path>C:\ti\ccsv7\tools\compiler\c6000_7.4.20\lib\</path>
         <kind>archive</kind>
         <file>rts6700.lib</file>
         <name>llshift.obj</name>
      </input_file>
      <input_file id="fl-9e">
         <path>C:\ti\ccsv7\tools\compiler\c6000_7.4.20\lib\</path>
         <kind>archive</kind>
         <file>rts6700.lib</file>
         <name>lowlev.obj</name>
      </input_file>
      <input_file id="fl-9f">
         <path>C:\ti\ccsv7\tools\compiler\c6000_7.4.20\lib\</path>
         <kind>archive</kind>
         <file>rts6700.lib</file>
         <name>ltoa.obj</name>
      </input_file>
      <input_file id="fl-a0">
         <path>C:\ti\ccsv7\tools\compiler\c6000_7.4.20\lib\</path>
         <kind>archive</kind>
         <file>rts6700.lib</file>
         <name>memccpy.obj</name>
      </input_file>
      <input_file id="fl-a1">
         <path>C:\ti\ccsv7\tools\compiler\c6000_7.4.20\lib\</path>
         <kind>archive</kind>
         <file>rts6700.lib</file>
         <name>memcpy62.obj</name>
      </input_file>
      <input_file id="fl-a2">
         <path>C:\ti\ccsv7\tools\compiler\c6000_7.4.20\lib\</path>
         <kind>archive</kind>
         <file>rts6700.lib</file>
         <name>memset.obj</name>
      </input_file>
      <input_file id="fl-a3">
         <path>C:\ti\ccsv7\tools\compiler\c6000_7.4.20\lib\</path>
         <kind>archive</kind>
         <file>rts6700.lib</file>
         <name>mpyll.obj</name>
      </input_file>
      <input_file id="fl-a4">
         <path>C:\ti\ccsv7\tools\compiler\c6000_7.4.20\lib\</path>
         <kind>archive</kind>
         <file>rts6700.lib</file>
         <name>negll.obj</name>
      </input_file>
      <input_file id="fl-a5">
         <path>C:\ti\ccsv7\tools\compiler\c6000_7.4.20\lib\</path>
         <kind>archive</kind>
         <file>rts6700.lib</file>
         <name>trgdrv.obj</name>
      </input_file>
      <input_file id="fl-a6">
         <path>C:\ti\ccsv7\tools\compiler\c6000_7.4.20\lib\</path>
         <kind>archive</kind>
         <file>rts6700.lib</file>
         <name>trgmsg.obj</name>
      </input_file>
      <input_file id="fl-a7">
         <path>C:\ti\ccsv7\tools\compiler\c6000_7.4.20\lib\</path>
         <kind>archive</kind>
         <file>rts6700.lib</file>
         <name>_io_perm.obj</name>
      </input_file>
      <input_file id="fl-a8">
         <path>C:\ti\ccsv7\tools\compiler\c6000_7.4.20\lib\</path>
         <kind>archive</kind>
         <file>rts6700.lib</file>
         <name>abs.obj</name>
      </input_file>
      <input_file id="fl-a9">
         <path>C:\ti\ccsv7\tools\compiler\c6000_7.4.20\lib\</path>
         <kind>archive</kind>
         <file>rts6700.lib</file>
         <name>fflush.obj</name>
      </input_file>
      <input_file id="fl-aa">
         <path>C:\ti\ccsv7\tools\compiler\c6000_7.4.20\lib\</path>
         <kind>archive</kind>
         <file>rts6700.lib</file>
         <name>fseek.obj</name>
      </input_file>
      <input_file id="fl-ab">
         <path>C:\ti\ccsv7\tools\compiler\c6000_7.4.20\lib\</path>
         <kind>archive</kind>
         <file>rts6700.lib</file>
         <name>setvbuf.obj</name>
      </input_file>
      <input_file id="fl-ac">
         <path>C:\ti\ccsv7\tools\compiler\c6000_7.4.20\lib\</path>
         <kind>archive</kind>
         <file>rts6700.lib</file>
         <name>fopen.obj</name>
      </input_file>
      <input_file id="fl-ad">
         <path>C:\ti\ccsv7\tools\compiler\c6000_7.4.20\lib\</path>
         <kind>archive</kind>
         <file>rts6700.lib</file>
         <name>memory.obj</name>
      </input_file>
      <input_file id="fl-ae">
         <path>C:\ti\ccsv7\tools\compiler\c6000_7.4.20\lib\</path>
         <kind>archive</kind>
         <file>rts6700.lib</file>
         <name>fclose.obj</name>
      </input_file>
      <input_file id="fl-af">
         <path>C:\ti\ccsv7\tools\compiler\c6000_7.4.20\lib\</path>
         <kind>archive</kind>
         <file>rts6700.lib</file>
         <name>remove.obj</name>
      </input_file>
      <input_file id="fl-b0">
         <path>C:\ti\ccsv7\ccs_base\C6xCSL\lib_3x\</path>
         <kind>archive</kind>
         <file>csl6713.lib</file>
         <name>csl_irq.obj</name>
      </input_file>
      <input_file id="fl-b1">
         <path>C:\ti\ccsv7\ccs_base\C6xCSL\lib_3x\</path>
         <kind>archive</kind>
         <file>csl6713.lib</file>
         <name>csl_mcbsp.obj</name>
      </input_file>
      <input_file id="fl-b2">
         <path>C:\ti\dsk6713\lib\</path>
         <kind>archive</kind>
         <file>dsk6713bsl.lib</file>
         <name>dsk6713.obj</name>
      </input_file>
      <input_file id="fl-b3">
         <path>C:\ti\dsk6713\lib\</path>
         <kind>archive</kind>
         <file>dsk6713bsl.lib</file>
         <name>dsk6713_aic23_closecodec.obj</name>
      </input_file>
      <input_file id="fl-b4">
         <path>C:\ti\dsk6713\lib\</path>
         <kind>archive</kind>
         <file>dsk6713bsl.lib</file>
         <name>dsk6713_aic23_opencodec.obj</name>
      </input_file>
      <input_file id="fl-b5">
         <path>C:\ti\dsk6713\lib\</path>
         <kind>archive</kind>
         <file>dsk6713bsl.lib</file>
         <name>dsk6713_aic23_registers.obj</name>
      </input_file>
      <input_file id="fl-b6">
         <path>C:\ti\dsk6713\lib\</path>
         <kind>archive</kind>
         <file>dsk6713bsl.lib</file>
         <name>dsk6713_aic23_setfreq.obj</name>
      </input_file>
      <input_file id="fl-b7">
         <path>C:\ti\ccsv7\tools\compiler\c6000_7.4.20\lib\</path>
         <kind>archive</kind>
         <file>rts6700.lib</file>
         <name>strasg.obj</name>
      </input_file>
   </input_file_list>
   <object_component_list>
      <object_component id="oc-18">
         <name>.vectors</name>
         <load_address>0x0</load_address>
         <run_address>0x0</run_address>
         <size>0x200</size>
         <input_file_ref idref="fl-4"/>
      </object_component>
      <object_component id="oc-129">
         <name>.text:__divd</name>
         <load_address>0x220</load_address>
         <run_address>0x220</run_address>
         <size>0x720</size>
         <input_file_ref idref="fl-93"/>
      </object_component>
      <object_component id="oc-11d">
         <name>.text:__getarg_diouxp</name>
         <load_address>0x940</load_address>
         <run_address>0x940</run_address>
         <size>0x6c0</size>
         <input_file_ref idref="fl-8b"/>
      </object_component>
      <object_component id="oc-10b">
         <name>.text:__setfield</name>
         <load_address>0x1000</load_address>
         <run_address>0x1000</run_address>
         <size>0x640</size>
         <input_file_ref idref="fl-8b"/>
      </object_component>
      <object_component id="oc-106">
         <name>.text:__printfi</name>
         <load_address>0x1640</load_address>
         <run_address>0x1640</run_address>
         <size>0x560</size>
         <input_file_ref idref="fl-8b"/>
      </object_component>
      <object_component id="oc-107">
         <name>.text:_fputs</name>
         <load_address>0x1ba0</load_address>
         <run_address>0x1ba0</run_address>
         <size>0x4c0</size>
         <input_file_ref idref="fl-98"/>
      </object_component>
      <object_component id="oc-cc">
         <name>.text</name>
         <load_address>0x2060</load_address>
         <run_address>0x2060</run_address>
         <size>0x480</size>
         <input_file_ref idref="fl-b2"/>
      </object_component>
      <object_component id="oc-127">
         <name>.text:_fcvt</name>
         <load_address>0x24e0</load_address>
         <run_address>0x24e0</run_address>
         <size>0x420</size>
         <input_file_ref idref="fl-8b"/>
      </object_component>
      <object_component id="oc-112">
         <name>.text:__pproc_fge</name>
         <load_address>0x2900</load_address>
         <run_address>0x2900</run_address>
         <size>0x400</size>
         <input_file_ref idref="fl-8b"/>
      </object_component>
      <object_component id="oc-124">
         <name>.text:_ecvt</name>
         <load_address>0x2d00</load_address>
         <run_address>0x2d00</run_address>
         <size>0x400</size>
         <input_file_ref idref="fl-8b"/>
      </object_component>
      <object_component id="oc-136">
         <name>.text:__divull</name>
         <load_address>0x3100</load_address>
         <run_address>0x3100</run_address>
         <size>0x380</size>
         <input_file_ref idref="fl-9b"/>
      </object_component>
      <object_component id="oc-121">
         <name>.text:_free</name>
         <load_address>0x3480</load_address>
         <run_address>0x3480</run_address>
         <size>0x380</size>
         <input_file_ref idref="fl-ad"/>
      </object_component>
      <object_component id="oc-11c">
         <name>.text:__pconv_e</name>
         <load_address>0x3800</load_address>
         <run_address>0x3800</run_address>
         <size>0x360</size>
         <input_file_ref idref="fl-8b"/>
      </object_component>
      <object_component id="oc-10a">
         <name>.text:__pproc_fwp</name>
         <load_address>0x3b60</load_address>
         <run_address>0x3b60</run_address>
         <size>0x360</size>
         <input_file_ref idref="fl-8b"/>
      </object_component>
      <object_component id="oc-d6">
         <name>.text</name>
         <load_address>0x3ec0</load_address>
         <run_address>0x3ec0</run_address>
         <size>0x320</size>
         <input_file_ref idref="fl-b4"/>
      </object_component>
      <object_component id="oc-113">
         <name>.text:__pproc_diouxp</name>
         <load_address>0x41e0</load_address>
         <run_address>0x41e0</run_address>
         <size>0x300</size>
         <input_file_ref idref="fl-8b"/>
      </object_component>
      <object_component id="oc-10c">
         <name>.text:__pproc_str</name>
         <load_address>0x44e0</load_address>
         <run_address>0x44e0</run_address>
         <size>0x2c0</size>
         <input_file_ref idref="fl-8b"/>
      </object_component>
      <object_component id="oc-116">
         <name>.text:_setvbuf</name>
         <load_address>0x47a0</load_address>
         <run_address>0x47a0</run_address>
         <size>0x2c0</size>
         <input_file_ref idref="fl-ab"/>
      </object_component>
      <object_component id="oc-11a">
         <name>.text:__pconv_g</name>
         <load_address>0x4a60</load_address>
         <run_address>0x4a60</run_address>
         <size>0x2a0</size>
         <input_file_ref idref="fl-8b"/>
      </object_component>
      <object_component id="oc-108">
         <name>.text:_fputc</name>
         <load_address>0x4d00</load_address>
         <run_address>0x4d00</run_address>
         <size>0x2a0</size>
         <input_file_ref idref="fl-97"/>
      </object_component>
      <object_component id="oc-135">
         <name>.text:__divul</name>
         <load_address>0x4fa0</load_address>
         <run_address>0x4fa0</run_address>
         <size>0x260</size>
         <input_file_ref idref="fl-9a"/>
      </object_component>
      <object_component id="oc-126">
         <name>.text:__mcpy</name>
         <load_address>0x5200</load_address>
         <run_address>0x5200</run_address>
         <size>0x240</size>
         <input_file_ref idref="fl-8b"/>
      </object_component>
      <object_component id="oc-122">
         <name>.text:_malloc</name>
         <load_address>0x5440</load_address>
         <run_address>0x5440</run_address>
         <size>0x240</size>
         <input_file_ref idref="fl-ad"/>
      </object_component>
      <object_component id="oc-fb">
         <name>.text:_memcpy</name>
         <load_address>0x5680</load_address>
         <run_address>0x5680</run_address>
         <size>0x240</size>
         <input_file_ref idref="fl-a1"/>
      </object_component>
      <object_component id="oc-f5">
         <name>.text:_HOSTrename</name>
         <load_address>0x58c0</load_address>
         <run_address>0x58c0</run_address>
         <size>0x220</size>
         <input_file_ref idref="fl-a5"/>
      </object_component>
      <object_component id="oc-13e">
         <name>.text:_getdevice</name>
         <load_address>0x5ae0</load_address>
         <run_address>0x5ae0</run_address>
         <size>0x1e0</size>
         <input_file_ref idref="fl-9e"/>
      </object_component>
      <object_component id="oc-115">
         <name>.text:_fseek</name>
         <load_address>0x5cc0</load_address>
         <run_address>0x5cc0</run_address>
         <size>0x1c0</size>
         <input_file_ref idref="fl-aa"/>
      </object_component>
      <object_component id="oc-101">
         <name>.text:_MCBSP_reset</name>
         <load_address>0x5e80</load_address>
         <run_address>0x5e80</run_address>
         <size>0x1a0</size>
         <input_file_ref idref="fl-b1"/>
      </object_component>
      <object_component id="oc-11f">
         <name>.text:__ltostr</name>
         <load_address>0x6020</load_address>
         <run_address>0x6020</run_address>
         <size>0x1a0</size>
         <input_file_ref idref="fl-8b"/>
      </object_component>
      <object_component id="oc-109">
         <name>.text:__pproc_fflags</name>
         <load_address>0x61c0</load_address>
         <run_address>0x61c0</run_address>
         <size>0x1a0</size>
         <input_file_ref idref="fl-8b"/>
      </object_component>
      <object_component id="oc-f3">
         <name>.text:_HOSTlseek</name>
         <load_address>0x6360</load_address>
         <run_address>0x6360</run_address>
         <size>0x160</size>
         <input_file_ref idref="fl-a5"/>
      </object_component>
      <object_component id="oc-12e">
         <name>.text:__closefile</name>
         <load_address>0x64c0</load_address>
         <run_address>0x64c0</run_address>
         <size>0x160</size>
         <input_file_ref idref="fl-ae"/>
      </object_component>
      <object_component id="oc-dc">
         <name>.text</name>
         <load_address>0x6620</load_address>
         <run_address>0x6620</run_address>
         <size>0x160</size>
         <input_file_ref idref="fl-b5"/>
      </object_component>
      <object_component id="oc-f1">
         <name>.text:_HOSTread</name>
         <load_address>0x6780</load_address>
         <run_address>0x6780</run_address>
         <size>0x140</size>
         <input_file_ref idref="fl-a5"/>
      </object_component>
      <object_component id="oc-133">
         <name>.text:__frcmpyd_div</name>
         <load_address>0x68c0</load_address>
         <run_address>0x68c0</run_address>
         <size>0x140</size>
         <input_file_ref idref="fl-99"/>
      </object_component>
      <object_component id="oc-111">
         <name>.text:_atoi</name>
         <load_address>0x6a00</load_address>
         <run_address>0x6a00</run_address>
         <size>0x140</size>
         <input_file_ref idref="fl-8d"/>
      </object_component>
      <object_component id="oc-130">
         <name>.text:_ltoa</name>
         <load_address>0x6b40</load_address>
         <run_address>0x6b40</run_address>
         <size>0x140</size>
         <input_file_ref idref="fl-9f"/>
      </object_component>
      <object_component id="oc-ef">
         <name>.text:_HOSTopen</name>
         <load_address>0x6c80</load_address>
         <run_address>0x6c80</run_address>
         <size>0x120</size>
         <input_file_ref idref="fl-a5"/>
      </object_component>
      <object_component id="oc-f2">
         <name>.text:_HOSTwrite</name>
         <load_address>0x6da0</load_address>
         <run_address>0x6da0</run_address>
         <size>0x120</size>
         <input_file_ref idref="fl-a5"/>
      </object_component>
      <object_component id="oc-10d">
         <name>.text:__wrt_ok</name>
         <load_address>0x6ec0</load_address>
         <run_address>0x6ec0</run_address>
         <size>0x120</size>
         <input_file_ref idref="fl-a7"/>
      </object_component>
      <object_component id="oc-137">
         <name>.text:_close</name>
         <load_address>0x6fe0</load_address>
         <run_address>0x6fe0</run_address>
         <size>0x120</size>
         <input_file_ref idref="fl-9e"/>
      </object_component>
      <object_component id="oc-110">
         <name>.text:_memset</name>
         <load_address>0x7100</load_address>
         <run_address>0x7100</run_address>
         <size>0x120</size>
         <input_file_ref idref="fl-a2"/>
      </object_component>
      <object_component id="oc-f0">
         <name>.text:_HOSTclose</name>
         <load_address>0x7220</load_address>
         <run_address>0x7220</run_address>
         <size>0x100</size>
         <input_file_ref idref="fl-a5"/>
      </object_component>
      <object_component id="oc-f4">
         <name>.text:_HOSTunlink</name>
         <load_address>0x7320</load_address>
         <run_address>0x7320</run_address>
         <size>0x100</size>
         <input_file_ref idref="fl-a5"/>
      </object_component>
      <object_component id="oc-f8">
         <name>.text:_MCBSP_open</name>
         <load_address>0x7420</load_address>
         <run_address>0x7420</run_address>
         <size>0x100</size>
         <input_file_ref idref="fl-b1"/>
      </object_component>
      <object_component id="oc-f9">
         <name>.text:_MCBSP_start</name>
         <load_address>0x7520</load_address>
         <run_address>0x7520</run_address>
         <size>0x100</size>
         <input_file_ref idref="fl-b1"/>
      </object_component>
      <object_component id="oc-eb">
         <name>.text:__auto_init</name>
         <load_address>0x7620</load_address>
         <run_address>0x7620</run_address>
         <size>0x100</size>
         <input_file_ref idref="fl-8e"/>
      </object_component>
      <object_component id="oc-12a">
         <name>.text:__div</name>
         <load_address>0x7720</load_address>
         <run_address>0x7720</run_address>
         <size>0x100</size>
         <input_file_ref idref="fl-8b"/>
      </object_component>
      <object_component id="oc-13a">
         <name>.text:__divli</name>
         <load_address>0x7820</load_address>
         <run_address>0x7820</run_address>
         <size>0x100</size>
         <input_file_ref idref="fl-9a"/>
      </object_component>
      <object_component id="oc-11b">
         <name>.text:__pconv_f</name>
         <load_address>0x7920</load_address>
         <run_address>0x7920</run_address>
         <size>0x100</size>
         <input_file_ref idref="fl-8b"/>
      </object_component>
      <object_component id="oc-120">
         <name>.text:_lseek</name>
         <load_address>0x7a20</load_address>
         <run_address>0x7a20</run_address>
         <size>0x100</size>
         <input_file_ref idref="fl-9e"/>
      </object_component>
      <object_component id="oc-103">
         <name>.text:_printf</name>
         <load_address>0x7b20</load_address>
         <run_address>0x7b20</run_address>
         <size>0x100</size>
         <input_file_ref idref="fl-89"/>
      </object_component>
      <object_component id="oc-10f">
         <name>.text:_write</name>
         <load_address>0x7c20</load_address>
         <run_address>0x7c20</run_address>
         <size>0x100</size>
         <input_file_ref idref="fl-9e"/>
      </object_component>
      <object_component id="oc-123">
         <name>.text:__cleanup</name>
         <load_address>0x7d20</load_address>
         <run_address>0x7d20</run_address>
         <size>0xe0</size>
         <input_file_ref idref="fl-ac"/>
      </object_component>
      <object_component id="oc-10e">
         <name>.text:__doflush</name>
         <load_address>0x7e00</load_address>
         <run_address>0x7e00</run_address>
         <size>0xe0</size>
         <input_file_ref idref="fl-a9"/>
      </object_component>
      <object_component id="oc-125">
         <name>.text:__ecpy</name>
         <load_address>0x7ee0</load_address>
         <run_address>0x7ee0</run_address>
         <size>0xe0</size>
         <input_file_ref idref="fl-8b"/>
      </object_component>
      <object_component id="oc-128">
         <name>.text:__fcpy</name>
         <load_address>0x7fc0</load_address>
         <run_address>0x7fc0</run_address>
         <size>0xe0</size>
         <input_file_ref idref="fl-8b"/>
      </object_component>
      <object_component id="oc-f6">
         <name>.text:__strasg</name>
         <load_address>0x80a0</load_address>
         <run_address>0x80a0</run_address>
         <size>0xe0</size>
         <input_file_ref idref="fl-b7"/>
      </object_component>
      <object_component id="oc-ed">
         <name>.text:_exit</name>
         <load_address>0x8180</load_address>
         <run_address>0x8180</run_address>
         <size>0xe0</size>
         <input_file_ref idref="fl-88"/>
      </object_component>
      <object_component id="oc-12d">
         <name>.text:_minsert</name>
         <load_address>0x8260</load_address>
         <run_address>0x8260</run_address>
         <size>0xe0</size>
         <input_file_ref idref="fl-ad"/>
      </object_component>
      <object_component id="oc-12c">
         <name>.text:_mremove</name>
         <load_address>0x8340</load_address>
         <run_address>0x8340</run_address>
         <size>0xe0</size>
         <input_file_ref idref="fl-ad"/>
      </object_component>
      <object_component id="oc-102">
         <name>.text</name>
         <load_address>0x8420</load_address>
         <run_address>0x8420</run_address>
         <size>0xe0</size>
         <input_file_ref idref="fl-9"/>
      </object_component>
      <object_component id="oc-134">
         <name>.text:__divu</name>
         <load_address>0x8500</load_address>
         <run_address>0x8500</run_address>
         <size>0xc0</size>
         <input_file_ref idref="fl-94"/>
      </object_component>
      <object_component id="oc-fa">
         <name>.text:_copy_in</name>
         <load_address>0x85c0</load_address>
         <run_address>0x85c0</run_address>
         <size>0xc0</size>
         <input_file_ref idref="fl-90"/>
      </object_component>
      <object_component id="oc-13f">
         <name>.text:_finddevice</name>
         <load_address>0x8680</load_address>
         <run_address>0x8680</run_address>
         <size>0xc0</size>
         <input_file_ref idref="fl-9e"/>
      </object_component>
      <object_component id="oc-e2">
         <name>.text</name>
         <load_address>0x8740</load_address>
         <run_address>0x8740</run_address>
         <size>0xc0</size>
         <input_file_ref idref="fl-b6"/>
      </object_component>
      <object_component id="oc-f7">
         <name>.text:_MCBSP_close</name>
         <load_address>0x8800</load_address>
         <run_address>0x8800</run_address>
         <size>0xa0</size>
         <input_file_ref idref="fl-b1"/>
      </object_component>
      <object_component id="oc-12f">
         <name>.text:__fixdli</name>
         <load_address>0x88a0</load_address>
         <run_address>0x88a0</run_address>
         <size>0xa0</size>
         <input_file_ref idref="fl-95"/>
      </object_component>
      <object_component id="oc-12b">
         <name>.text:__mpyll</name>
         <load_address>0x8940</load_address>
         <run_address>0x8940</run_address>
         <size>0xa0</size>
         <input_file_ref idref="fl-a3"/>
      </object_component>
      <object_component id="oc-139">
         <name>.text:__remli</name>
         <load_address>0x89e0</load_address>
         <run_address>0x89e0</run_address>
         <size>0xa0</size>
         <input_file_ref idref="fl-9a"/>
      </object_component>
      <object_component id="oc-100">
         <name>.text:_readmsg</name>
         <load_address>0x8a80</load_address>
         <run_address>0x8a80</run_address>
         <size>0xa0</size>
         <input_file_ref idref="fl-a6"/>
      </object_component>
      <object_component id="oc-13d">
         <name>.text:_unlink</name>
         <load_address>0x8b20</load_address>
         <run_address>0x8b20</run_address>
         <size>0xa0</size>
         <input_file_ref idref="fl-9e"/>
      </object_component>
      <object_component id="oc-ff">
         <name>.text:_writemsg</name>
         <load_address>0x8bc0</load_address>
         <run_address>0x8bc0</run_address>
         <size>0xa0</size>
         <input_file_ref idref="fl-a6"/>
      </object_component>
      <object_component id="oc-fc">
         <name>.text:___TI_cpp_init</name>
         <load_address>0x8c60</load_address>
         <run_address>0x8c60</run_address>
         <size>0x80</size>
         <input_file_ref idref="fl-8f"/>
      </object_component>
      <object_component id="oc-131">
         <name>.text:__fltlid</name>
         <load_address>0x8ce0</load_address>
         <run_address>0x8ce0</run_address>
         <size>0x80</size>
         <input_file_ref idref="fl-96"/>
      </object_component>
      <object_component id="oc-13b">
         <name>.text:__llshl</name>
         <load_address>0x8d60</load_address>
         <run_address>0x8d60</run_address>
         <size>0x80</size>
         <input_file_ref idref="fl-9d"/>
      </object_component>
      <object_component id="oc-e">
         <name>.text:_c_int00</name>
         <load_address>0x8de0</load_address>
         <run_address>0x8de0</run_address>
         <size>0x80</size>
         <input_file_ref idref="fl-87"/>
      </object_component>
      <object_component id="oc-114">
         <name>.text:_memccpy</name>
         <load_address>0x8e60</load_address>
         <run_address>0x8e60</run_address>
         <size>0x80</size>
         <input_file_ref idref="fl-a0"/>
      </object_component>
      <object_component id="oc-d2">
         <name>.text</name>
         <load_address>0x8ee0</load_address>
         <run_address>0x8ee0</run_address>
         <size>0x80</size>
         <input_file_ref idref="fl-b3"/>
      </object_component>
      <object_component id="oc-f">
         <name>.text</name>
         <load_address>0x8f60</load_address>
         <run_address>0x8f60</run_address>
         <size>0x60</size>
         <input_file_ref idref="fl-2"/>
      </object_component>
      <object_component id="oc-119">
         <name>.text:___isinf</name>
         <load_address>0x8fc0</load_address>
         <run_address>0x8fc0</run_address>
         <size>0x60</size>
         <input_file_ref idref="fl-9c"/>
      </object_component>
      <object_component id="oc-132">
         <name>.text:__llshru</name>
         <load_address>0x9020</load_address>
         <run_address>0x9020</run_address>
         <size>0x60</size>
         <input_file_ref idref="fl-9d"/>
      </object_component>
      <object_component id="oc-13c">
         <name>.text:__subcull</name>
         <load_address>0x9080</load_address>
         <run_address>0x9080</run_address>
         <size>0x60</size>
         <input_file_ref idref="fl-9b"/>
      </object_component>
      <object_component id="oc-13">
         <name>.text</name>
         <load_address>0x90e0</load_address>
         <run_address>0x90e0</run_address>
         <size>0x40</size>
         <input_file_ref idref="fl-3"/>
      </object_component>
      <object_component id="oc-118">
         <name>.text:___isnan</name>
         <load_address>0x9120</load_address>
         <run_address>0x9120</run_address>
         <size>0x40</size>
         <input_file_ref idref="fl-8b"/>
      </object_component>
      <object_component id="oc-ec">
         <name>.text:__args_main</name>
         <load_address>0x9160</load_address>
         <run_address>0x9160</run_address>
         <size>0x40</size>
         <input_file_ref idref="fl-8c"/>
      </object_component>
      <object_component id="oc-fd">
         <name>.text</name>
         <load_address>0x91a0</load_address>
         <run_address>0x91a0</run_address>
         <size>0x20</size>
         <input_file_ref idref="fl-8"/>
      </object_component>
      <object_component id="oc-17">
         <name>.text</name>
         <load_address>0x91c0</load_address>
         <run_address>0x91c0</run_address>
         <size>0x20</size>
         <input_file_ref idref="fl-4"/>
      </object_component>
      <object_component id="oc-11e">
         <name>.text:__negll</name>
         <load_address>0x91e0</load_address>
         <run_address>0x91e0</run_address>
         <size>0x20</size>
         <input_file_ref idref="fl-a4"/>
      </object_component>
      <object_component id="oc-ee">
         <name>.text:__nop</name>
         <load_address>0x9200</load_address>
         <run_address>0x9200</run_address>
         <size>0x20</size>
         <input_file_ref idref="fl-8a"/>
      </object_component>
      <object_component id="oc-105">
         <name>.text:__outc</name>
         <load_address>0x9220</load_address>
         <run_address>0x9220</run_address>
         <size>0x20</size>
         <input_file_ref idref="fl-89"/>
      </object_component>
      <object_component id="oc-104">
         <name>.text:__outs</name>
         <load_address>0x9240</load_address>
         <run_address>0x9240</run_address>
         <size>0x20</size>
         <input_file_ref idref="fl-89"/>
      </object_component>
      <object_component id="oc-fe">
         <name>.text:_abort</name>
         <load_address>0x9260</load_address>
         <run_address>0x9260</run_address>
         <size>0x20</size>
         <input_file_ref idref="fl-88"/>
      </object_component>
      <object_component id="oc-138">
         <name>.text:_remove</name>
         <load_address>0x9280</load_address>
         <run_address>0x9280</run_address>
         <size>0x20</size>
         <input_file_ref idref="fl-af"/>
      </object_component>
      <object_component id="oc-c1">
         <name>.text</name>
         <load_address>0x92a0</load_address>
         <run_address>0x92a0</run_address>
         <size>0x20</size>
         <input_file_ref idref="fl-b0"/>
      </object_component>
      <object_component id="oc-1d">
         <name>.text:retain</name>
         <load_address>0x92c0</load_address>
         <run_address>0x92c0</run_address>
         <size>0x20</size>
         <input_file_ref idref="fl-5"/>
      </object_component>
      <object_component id="oc-c2">
         <name>.cinit</name>
         <load_address>0xb938</load_address>
         <run_address>0xb938</run_address>
         <size>0x12c</size>
         <input_file_ref idref="fl-b0"/>
      </object_component>
      <object_component id="oc-30">
         <name>.cinit</name>
         <load_address>0xba68</load_address>
         <run_address>0xba68</run_address>
         <size>0x60</size>
         <input_file_ref idref="fl-9"/>
      </object_component>
      <object_component id="oc-5d">
         <name>.cinit</name>
         <load_address>0xbac8</load_address>
         <run_address>0xbac8</run_address>
         <size>0x5c</size>
         <input_file_ref idref="fl-92"/>
      </object_component>
      <object_component id="oc-83">
         <name>.cinit</name>
         <load_address>0xbb28</load_address>
         <run_address>0xbb28</run_address>
         <size>0x5c</size>
         <input_file_ref idref="fl-9e"/>
      </object_component>
      <object_component id="oc-22">
         <name>.cinit</name>
         <load_address>0xbb88</load_address>
         <run_address>0xbb88</run_address>
         <size>0x58</size>
         <input_file_ref idref="fl-6"/>
      </object_component>
      <object_component id="oc-c7">
         <name>.cinit</name>
         <load_address>0xbbe0</load_address>
         <run_address>0xbbe0</run_address>
         <size>0x54</size>
         <input_file_ref idref="fl-b1"/>
      </object_component>
      <object_component id="oc-dd">
         <name>.cinit</name>
         <load_address>0xbc38</load_address>
         <run_address>0xbc38</run_address>
         <size>0x30</size>
         <input_file_ref idref="fl-b5"/>
      </object_component>
      <object_component id="oc-3b">
         <name>.cinit</name>
         <load_address>0xbc68</load_address>
         <run_address>0xbc68</run_address>
         <size>0x2c</size>
         <input_file_ref idref="fl-88"/>
      </object_component>
      <object_component id="oc-b6">
         <name>.cinit</name>
         <load_address>0xbc98</load_address>
         <run_address>0xbc98</run_address>
         <size>0x2c</size>
         <input_file_ref idref="fl-ad"/>
      </object_component>
      <object_component id="oc-e3">
         <name>.cinit</name>
         <load_address>0xbcc8</load_address>
         <run_address>0xbcc8</run_address>
         <size>0x28</size>
         <input_file_ref idref="fl-b6"/>
      </object_component>
      <object_component id="oc-43">
         <name>.cinit</name>
         <load_address>0xbcf0</load_address>
         <run_address>0xbcf0</run_address>
         <size>0x1c</size>
         <input_file_ref idref="fl-8a"/>
      </object_component>
      <object_component id="oc-b1">
         <name>.cinit</name>
         <load_address>0xbd10</load_address>
         <run_address>0xbd10</run_address>
         <size>0xc</size>
         <input_file_ref idref="fl-ac"/>
      </object_component>
      <object_component id="oc-37">
         <name>.stack</name>
         <uninitialized>true</uninitialized>
         <run_address>0x92e0</run_address>
         <size>0x8</size>
         <input_file_ref idref="fl-87"/>
      </object_component>
      <object_component id="oc-155">
         <name>.stack</name>
         <uninitialized>true</uninitialized>
         <run_address>0x92e0</run_address>
         <size>0x0</size>
      </object_component>
      <object_component id="oc-b8">
         <name>.sysmem</name>
         <uninitialized>true</uninitialized>
         <run_address>0xa2e0</run_address>
         <size>0x8</size>
         <input_file_ref idref="fl-ad"/>
      </object_component>
      <object_component id="oc-156">
         <name>.sysmem</name>
         <uninitialized>true</uninitialized>
         <run_address>0xa2e0</run_address>
         <size>0x0</size>
      </object_component>
      <object_component id="oc-117">
         <name>.const:.string:__ctypes_</name>
         <load_address>0xbd24</load_address>
         <run_address>0xbd24</run_address>
         <size>0x101</size>
         <input_file_ref idref="fl-91"/>
      </object_component>
      <object_component id="oc-70">
         <name>.const:.string</name>
         <load_address>0xbe25</load_address>
         <run_address>0xbe25</run_address>
         <size>0x2</size>
         <input_file_ref idref="fl-98"/>
      </object_component>
      <object_component id="oc-32">
         <name>.const:.string</name>
         <load_address>0xbe28</load_address>
         <run_address>0xbe28</run_address>
         <size>0x50</size>
         <input_file_ref idref="fl-9"/>
      </object_component>
      <object_component id="oc-d8">
         <name>.const</name>
         <load_address>0xbe78</load_address>
         <run_address>0xbe78</run_address>
         <size>0x40</size>
         <input_file_ref idref="fl-b4"/>
      </object_component>
      <object_component id="oc-48">
         <name>.const:.string</name>
         <load_address>0xbeb8</load_address>
         <run_address>0xbeb8</run_address>
         <size>0x23</size>
         <input_file_ref idref="fl-8b"/>
      </object_component>
      <object_component id="oc-ce">
         <name>.const</name>
         <load_address>0xbedc</load_address>
         <run_address>0xbedc</run_address>
         <size>0x20</size>
         <input_file_ref idref="fl-b2"/>
      </object_component>
      <object_component id="oc-23">
         <name>.far</name>
         <uninitialized>true</uninitialized>
         <run_address>0xb814</run_address>
         <size>0x58</size>
         <input_file_ref idref="fl-6"/>
      </object_component>
      <object_component id="oc-31">
         <name>.far</name>
         <uninitialized>true</uninitialized>
         <run_address>0xb8ec</run_address>
         <size>0x18</size>
         <input_file_ref idref="fl-9"/>
      </object_component>
      <object_component id="oc-3c">
         <name>.far</name>
         <uninitialized>true</uninitialized>
         <run_address>0xb904</run_address>
         <size>0xc</size>
         <input_file_ref idref="fl-88"/>
      </object_component>
      <object_component id="oc-44">
         <name>.far</name>
         <uninitialized>true</uninitialized>
         <run_address>0xb918</run_address>
         <size>0x8</size>
         <input_file_ref idref="fl-8a"/>
      </object_component>
      <object_component id="oc-5e">
         <name>.far</name>
         <uninitialized>true</uninitialized>
         <run_address>0xb2e0</run_address>
         <size>0x324</size>
         <input_file_ref idref="fl-92"/>
      </object_component>
      <object_component id="oc-84">
         <name>.far</name>
         <uninitialized>true</uninitialized>
         <run_address>0xb604</run_address>
         <size>0x11c</size>
         <input_file_ref idref="fl-9e"/>
      </object_component>
      <object_component id="oc-9a">
         <name>.far</name>
         <uninitialized>true</uninitialized>
         <run_address>0xb928</run_address>
         <size>0x8</size>
         <input_file_ref idref="fl-a5"/>
      </object_component>
      <object_component id="oc-b2">
         <name>.far</name>
         <uninitialized>true</uninitialized>
         <run_address>0xb930</run_address>
         <size>0x4</size>
         <input_file_ref idref="fl-ac"/>
      </object_component>
      <object_component id="oc-b7">
         <name>.far</name>
         <uninitialized>true</uninitialized>
         <run_address>0xb920</run_address>
         <size>0x8</size>
         <input_file_ref idref="fl-ad"/>
      </object_component>
      <object_component id="oc-c3">
         <name>.far</name>
         <uninitialized>true</uninitialized>
         <run_address>0xb720</run_address>
         <size>0xf4</size>
         <input_file_ref idref="fl-b0"/>
      </object_component>
      <object_component id="oc-c8">
         <name>.far</name>
         <uninitialized>true</uninitialized>
         <run_address>0xb86c</run_address>
         <size>0x38</size>
         <input_file_ref idref="fl-b1"/>
      </object_component>
      <object_component id="oc-cd">
         <name>.far</name>
         <uninitialized>true</uninitialized>
         <run_address>0xb934</run_address>
         <size>0x2</size>
         <input_file_ref idref="fl-b2"/>
      </object_component>
      <object_component id="oc-d7">
         <name>.far</name>
         <uninitialized>true</uninitialized>
         <run_address>0xb910</run_address>
         <size>0x8</size>
         <input_file_ref idref="fl-b4"/>
      </object_component>
      <object_component id="oc-de">
         <name>.far</name>
         <uninitialized>true</uninitialized>
         <run_address>0xb8a4</run_address>
         <size>0x28</size>
         <input_file_ref idref="fl-b5"/>
      </object_component>
      <object_component id="oc-e4">
         <name>.far</name>
         <uninitialized>true</uninitialized>
         <run_address>0xb8cc</run_address>
         <size>0x20</size>
         <input_file_ref idref="fl-b6"/>
      </object_component>
      <object_component id="oc-9e">
         <name>.cio</name>
         <uninitialized>true</uninitialized>
         <run_address>0xbefc</run_address>
         <size>0x120</size>
         <input_file_ref idref="fl-a6"/>
      </object_component>
      <object_component id="oc-10">
         <name>.debug_info</name>
         <load_address>0x0</load_address>
         <run_address>0x0</run_address>
         <size>0xea</size>
         <input_file_ref idref="fl-2"/>
      </object_component>
      <object_component id="oc-14">
         <name>.debug_info</name>
         <load_address>0xea</load_address>
         <run_address>0xea</run_address>
         <size>0xea</size>
         <input_file_ref idref="fl-3"/>
      </object_component>
      <object_component id="oc-19">
         <name>.debug_info</name>
         <load_address>0x1d4</load_address>
         <run_address>0x1d4</run_address>
         <size>0x113</size>
         <input_file_ref idref="fl-4"/>
      </object_component>
      <object_component id="oc-1c">
         <name>.debug_info</name>
         <load_address>0x2e7</load_address>
         <run_address>0x2e7</run_address>
         <size>0x649</size>
         <input_file_ref idref="fl-5"/>
      </object_component>
      <object_component id="oc-21">
         <name>.debug_info</name>
         <load_address>0x930</load_address>
         <run_address>0x930</run_address>
         <size>0xc13</size>
         <input_file_ref idref="fl-6"/>
      </object_component>
      <object_component id="oc-27">
         <name>.debug_info</name>
         <load_address>0x1543</load_address>
         <run_address>0x1543</run_address>
         <size>0x5e9</size>
         <input_file_ref idref="fl-7"/>
      </object_component>
      <object_component id="oc-2b">
         <name>.debug_info</name>
         <load_address>0x1b2c</load_address>
         <run_address>0x1b2c</run_address>
         <size>0x6d0</size>
         <input_file_ref idref="fl-8"/>
      </object_component>
      <object_component id="oc-2f">
         <name>.debug_info</name>
         <load_address>0x21fc</load_address>
         <run_address>0x21fc</run_address>
         <size>0x951</size>
         <input_file_ref idref="fl-9"/>
      </object_component>
      <object_component id="oc-36">
         <name>.debug_info</name>
         <load_address>0x2b4d</load_address>
         <run_address>0x2b4d</run_address>
         <size>0x70b</size>
         <input_file_ref idref="fl-87"/>
      </object_component>
      <object_component id="oc-3a">
         <name>.debug_info</name>
         <load_address>0x3258</load_address>
         <run_address>0x3258</run_address>
         <size>0x7ff</size>
         <input_file_ref idref="fl-88"/>
      </object_component>
      <object_component id="oc-3f">
         <name>.debug_info</name>
         <load_address>0x3a57</load_address>
         <run_address>0x3a57</run_address>
         <size>0x902</size>
         <input_file_ref idref="fl-89"/>
      </object_component>
      <object_component id="oc-42">
         <name>.debug_info</name>
         <load_address>0x4359</load_address>
         <run_address>0x4359</run_address>
         <size>0x64c</size>
         <input_file_ref idref="fl-8a"/>
      </object_component>
      <object_component id="oc-47">
         <name>.debug_info</name>
         <load_address>0x49a5</load_address>
         <run_address>0x49a5</run_address>
         <size>0x2bda</size>
         <input_file_ref idref="fl-8b"/>
      </object_component>
      <object_component id="oc-4b">
         <name>.debug_info</name>
         <load_address>0x757f</load_address>
         <run_address>0x757f</run_address>
         <size>0x6e1</size>
         <input_file_ref idref="fl-8c"/>
      </object_component>
      <object_component id="oc-4e">
         <name>.debug_info</name>
         <load_address>0x7c60</load_address>
         <run_address>0x7c60</run_address>
         <size>0x722</size>
         <input_file_ref idref="fl-8d"/>
      </object_component>
      <object_component id="oc-51">
         <name>.debug_info</name>
         <load_address>0x8382</load_address>
         <run_address>0x8382</run_address>
         <size>0x871</size>
         <input_file_ref idref="fl-8e"/>
      </object_component>
      <object_component id="oc-54">
         <name>.debug_info</name>
         <load_address>0x8bf3</load_address>
         <run_address>0x8bf3</run_address>
         <size>0x6e9</size>
         <input_file_ref idref="fl-8f"/>
      </object_component>
      <object_component id="oc-57">
         <name>.debug_info</name>
         <load_address>0x92dc</load_address>
         <run_address>0x92dc</run_address>
         <size>0x7df</size>
         <input_file_ref idref="fl-90"/>
      </object_component>
      <object_component id="oc-5a">
         <name>.debug_info</name>
         <load_address>0x9abb</load_address>
         <run_address>0x9abb</run_address>
         <size>0x5fa</size>
         <input_file_ref idref="fl-91"/>
      </object_component>
      <object_component id="oc-5c">
         <name>.debug_info</name>
         <load_address>0xa0b5</load_address>
         <run_address>0xa0b5</run_address>
         <size>0x6e7</size>
         <input_file_ref idref="fl-92"/>
      </object_component>
      <object_component id="oc-60">
         <name>.debug_info</name>
         <load_address>0xa79c</load_address>
         <run_address>0xa79c</run_address>
         <size>0x982</size>
         <input_file_ref idref="fl-93"/>
      </object_component>
      <object_component id="oc-63">
         <name>.debug_info</name>
         <load_address>0xb11e</load_address>
         <run_address>0xb11e</run_address>
         <size>0xd0</size>
         <input_file_ref idref="fl-94"/>
      </object_component>
      <object_component id="oc-66">
         <name>.debug_info</name>
         <load_address>0xb1ee</load_address>
         <run_address>0xb1ee</run_address>
         <size>0x691</size>
         <input_file_ref idref="fl-95"/>
      </object_component>
      <object_component id="oc-69">
         <name>.debug_info</name>
         <load_address>0xb87f</load_address>
         <run_address>0xb87f</run_address>
         <size>0x6aa</size>
         <input_file_ref idref="fl-96"/>
      </object_component>
      <object_component id="oc-6c">
         <name>.debug_info</name>
         <load_address>0xbf29</load_address>
         <run_address>0xbf29</run_address>
         <size>0x82a</size>
         <input_file_ref idref="fl-97"/>
      </object_component>
      <object_component id="oc-6f">
         <name>.debug_info</name>
         <load_address>0xc753</load_address>
         <run_address>0xc753</run_address>
         <size>0xb90</size>
         <input_file_ref idref="fl-98"/>
      </object_component>
      <object_component id="oc-73">
         <name>.debug_info</name>
         <load_address>0xd2e3</load_address>
         <run_address>0xd2e3</run_address>
         <size>0x6a4</size>
         <input_file_ref idref="fl-99"/>
      </object_component>
      <object_component id="oc-76">
         <name>.debug_info</name>
         <load_address>0xd987</load_address>
         <run_address>0xd987</run_address>
         <size>0x7bd</size>
         <input_file_ref idref="fl-9a"/>
      </object_component>
      <object_component id="oc-79">
         <name>.debug_info</name>
         <load_address>0xe144</load_address>
         <run_address>0xe144</run_address>
         <size>0x7b8</size>
         <input_file_ref idref="fl-9b"/>
      </object_component>
      <object_component id="oc-7c">
         <name>.debug_info</name>
         <load_address>0xe8fc</load_address>
         <run_address>0xe8fc</run_address>
         <size>0x816</size>
         <input_file_ref idref="fl-9c"/>
      </object_component>
      <object_component id="oc-7f">
         <name>.debug_info</name>
         <load_address>0xf112</load_address>
         <run_address>0xf112</run_address>
         <size>0x701</size>
         <input_file_ref idref="fl-9d"/>
      </object_component>
      <object_component id="oc-82">
         <name>.debug_info</name>
         <load_address>0xf813</load_address>
         <run_address>0xf813</run_address>
         <size>0xf67</size>
         <input_file_ref idref="fl-9e"/>
      </object_component>
      <object_component id="oc-87">
         <name>.debug_info</name>
         <load_address>0x1077a</load_address>
         <run_address>0x1077a</run_address>
         <size>0x748</size>
         <input_file_ref idref="fl-9f"/>
      </object_component>
      <object_component id="oc-8a">
         <name>.debug_info</name>
         <load_address>0x10ec2</load_address>
         <run_address>0x10ec2</run_address>
         <size>0x6ec</size>
         <input_file_ref idref="fl-a0"/>
      </object_component>
      <object_component id="oc-8d">
         <name>.debug_info</name>
         <load_address>0x115ae</load_address>
         <run_address>0x115ae</run_address>
         <size>0x792</size>
         <input_file_ref idref="fl-a1"/>
      </object_component>
      <object_component id="oc-90">
         <name>.debug_info</name>
         <load_address>0x11d40</load_address>
         <run_address>0x11d40</run_address>
         <size>0x730</size>
         <input_file_ref idref="fl-a2"/>
      </object_component>
      <object_component id="oc-93">
         <name>.debug_info</name>
         <load_address>0x12470</load_address>
         <run_address>0x12470</run_address>
         <size>0x6b7</size>
         <input_file_ref idref="fl-a3"/>
      </object_component>
      <object_component id="oc-96">
         <name>.debug_info</name>
         <load_address>0x12b27</load_address>
         <run_address>0x12b27</run_address>
         <size>0x618</size>
         <input_file_ref idref="fl-a4"/>
      </object_component>
      <object_component id="oc-99">
         <name>.debug_info</name>
         <load_address>0x1313f</load_address>
         <run_address>0x1313f</run_address>
         <size>0xf02</size>
         <input_file_ref idref="fl-a5"/>
      </object_component>
      <object_component id="oc-9d">
         <name>.debug_info</name>
         <load_address>0x14041</load_address>
         <run_address>0x14041</run_address>
         <size>0x8d1</size>
         <input_file_ref idref="fl-a6"/>
      </object_component>
      <object_component id="oc-a1">
         <name>.debug_info</name>
         <load_address>0x14912</load_address>
         <run_address>0x14912</run_address>
         <size>0x75a</size>
         <input_file_ref idref="fl-a7"/>
      </object_component>
      <object_component id="oc-a4">
         <name>.debug_info</name>
         <load_address>0x1506c</load_address>
         <run_address>0x1506c</run_address>
         <size>0x5cc</size>
         <input_file_ref idref="fl-a8"/>
      </object_component>
      <object_component id="oc-a7">
         <name>.debug_info</name>
         <load_address>0x15638</load_address>
         <run_address>0x15638</run_address>
         <size>0x781</size>
         <input_file_ref idref="fl-a9"/>
      </object_component>
      <object_component id="oc-aa">
         <name>.debug_info</name>
         <load_address>0x15db9</load_address>
         <run_address>0x15db9</run_address>
         <size>0x7b9</size>
         <input_file_ref idref="fl-aa"/>
      </object_component>
      <object_component id="oc-ad">
         <name>.debug_info</name>
         <load_address>0x16572</load_address>
         <run_address>0x16572</run_address>
         <size>0x813</size>
         <input_file_ref idref="fl-ab"/>
      </object_component>
      <object_component id="oc-b0">
         <name>.debug_info</name>
         <load_address>0x16d85</load_address>
         <run_address>0x16d85</run_address>
         <size>0x885</size>
         <input_file_ref idref="fl-ac"/>
      </object_component>
      <object_component id="oc-b5">
         <name>.debug_info</name>
         <load_address>0x1760a</load_address>
         <run_address>0x1760a</run_address>
         <size>0xb47</size>
         <input_file_ref idref="fl-ad"/>
      </object_component>
      <object_component id="oc-bb">
         <name>.debug_info</name>
         <load_address>0x18151</load_address>
         <run_address>0x18151</run_address>
         <size>0x806</size>
         <input_file_ref idref="fl-ae"/>
      </object_component>
      <object_component id="oc-be">
         <name>.debug_info</name>
         <load_address>0x18957</load_address>
         <run_address>0x18957</run_address>
         <size>0x664</size>
         <input_file_ref idref="fl-af"/>
      </object_component>
      <object_component id="oc-c5">
         <name>.debug_info</name>
         <load_address>0x18fbb</load_address>
         <run_address>0x18fbb</run_address>
         <size>0x802</size>
         <input_file_ref idref="fl-b0"/>
      </object_component>
      <object_component id="oc-ca">
         <name>.debug_info</name>
         <load_address>0x197bd</load_address>
         <run_address>0x197bd</run_address>
         <size>0xb6c</size>
         <input_file_ref idref="fl-b1"/>
      </object_component>
      <object_component id="oc-d0">
         <name>.debug_info</name>
         <load_address>0x1a329</load_address>
         <run_address>0x1a329</run_address>
         <size>0xa4e</size>
         <input_file_ref idref="fl-b2"/>
      </object_component>
      <object_component id="oc-d4">
         <name>.debug_info</name>
         <load_address>0x1ad77</load_address>
         <run_address>0x1ad77</run_address>
         <size>0x7c9</size>
         <input_file_ref idref="fl-b3"/>
      </object_component>
      <object_component id="oc-da">
         <name>.debug_info</name>
         <load_address>0x1b540</load_address>
         <run_address>0x1b540</run_address>
         <size>0xa20</size>
         <input_file_ref idref="fl-b4"/>
      </object_component>
      <object_component id="oc-e0">
         <name>.debug_info</name>
         <load_address>0x1bf60</load_address>
         <run_address>0x1bf60</run_address>
         <size>0xaa0</size>
         <input_file_ref idref="fl-b5"/>
      </object_component>
      <object_component id="oc-e6">
         <name>.debug_info</name>
         <load_address>0x1ca00</load_address>
         <run_address>0x1ca00</run_address>
         <size>0x723</size>
         <input_file_ref idref="fl-b6"/>
      </object_component>
      <object_component id="oc-e8">
         <name>.debug_info</name>
         <load_address>0x1d123</load_address>
         <run_address>0x1d123</run_address>
         <size>0xd6</size>
         <input_file_ref idref="fl-b7"/>
      </object_component>
      <object_component id="oc-157">
         <name>.debug_info</name>
         <load_address>0x1d1f9</load_address>
         <run_address>0x1d1f9</run_address>
         <size>0x6e</size>
      </object_component>
      <object_component id="oc-11">
         <name>.debug_line</name>
         <load_address>0x0</load_address>
         <run_address>0x0</run_address>
         <size>0x4f</size>
         <input_file_ref idref="fl-2"/>
      </object_component>
      <object_component id="oc-15">
         <name>.debug_line</name>
         <load_address>0x4f</load_address>
         <run_address>0x4f</run_address>
         <size>0x4e</size>
         <input_file_ref idref="fl-3"/>
      </object_component>
      <object_component id="oc-1a">
         <name>.debug_line</name>
         <load_address>0x9d</load_address>
         <run_address>0x9d</run_address>
         <size>0xd3</size>
         <input_file_ref idref="fl-4"/>
      </object_component>
      <object_component id="oc-1f">
         <name>.debug_line</name>
         <load_address>0x170</load_address>
         <run_address>0x170</run_address>
         <size>0x4e</size>
         <input_file_ref idref="fl-5"/>
      </object_component>
      <object_component id="oc-25">
         <name>.debug_line</name>
         <load_address>0x1be</load_address>
         <run_address>0x1be</run_address>
         <size>0x3c</size>
         <input_file_ref idref="fl-6"/>
      </object_component>
      <object_component id="oc-29">
         <name>.debug_line</name>
         <load_address>0x1fa</load_address>
         <run_address>0x1fa</run_address>
         <size>0x36</size>
         <input_file_ref idref="fl-7"/>
      </object_component>
      <object_component id="oc-2d">
         <name>.debug_line</name>
         <load_address>0x230</load_address>
         <run_address>0x230</run_address>
         <size>0x4e</size>
         <input_file_ref idref="fl-8"/>
      </object_component>
      <object_component id="oc-34">
         <name>.debug_line</name>
         <load_address>0x27e</load_address>
         <run_address>0x27e</run_address>
         <size>0xa9</size>
         <input_file_ref idref="fl-9"/>
      </object_component>
      <object_component id="oc-38">
         <name>.debug_line</name>
         <load_address>0x327</load_address>
         <run_address>0x327</run_address>
         <size>0x3d</size>
         <input_file_ref idref="fl-87"/>
      </object_component>
      <object_component id="oc-3d">
         <name>.debug_line</name>
         <load_address>0x364</load_address>
         <run_address>0x364</run_address>
         <size>0x4f</size>
         <input_file_ref idref="fl-88"/>
      </object_component>
      <object_component id="oc-40">
         <name>.debug_line</name>
         <load_address>0x3b3</load_address>
         <run_address>0x3b3</run_address>
         <size>0x6a</size>
         <input_file_ref idref="fl-89"/>
      </object_component>
      <object_component id="oc-45">
         <name>.debug_line</name>
         <load_address>0x41d</load_address>
         <run_address>0x41d</run_address>
         <size>0x36</size>
         <input_file_ref idref="fl-8a"/>
      </object_component>
      <object_component id="oc-49">
         <name>.debug_line</name>
         <load_address>0x453</load_address>
         <run_address>0x453</run_address>
         <size>0x343</size>
         <input_file_ref idref="fl-8b"/>
      </object_component>
      <object_component id="oc-4c">
         <name>.debug_line</name>
         <load_address>0x796</load_address>
         <run_address>0x796</run_address>
         <size>0x41</size>
         <input_file_ref idref="fl-8c"/>
      </object_component>
      <object_component id="oc-4f">
         <name>.debug_line</name>
         <load_address>0x7d7</load_address>
         <run_address>0x7d7</run_address>
         <size>0x41</size>
         <input_file_ref idref="fl-8d"/>
      </object_component>
      <object_component id="oc-52">
         <name>.debug_line</name>
         <load_address>0x818</load_address>
         <run_address>0x818</run_address>
         <size>0x47</size>
         <input_file_ref idref="fl-8e"/>
      </object_component>
      <object_component id="oc-55">
         <name>.debug_line</name>
         <load_address>0x85f</load_address>
         <run_address>0x85f</run_address>
         <size>0x45</size>
         <input_file_ref idref="fl-8f"/>
      </object_component>
      <object_component id="oc-58">
         <name>.debug_line</name>
         <load_address>0x8a4</load_address>
         <run_address>0x8a4</run_address>
         <size>0x44</size>
         <input_file_ref idref="fl-90"/>
      </object_component>
      <object_component id="oc-61">
         <name>.debug_line</name>
         <load_address>0x8e8</load_address>
         <run_address>0x8e8</run_address>
         <size>0x3c</size>
         <input_file_ref idref="fl-93"/>
      </object_component>
      <object_component id="oc-64">
         <name>.debug_line</name>
         <load_address>0x924</load_address>
         <run_address>0x924</run_address>
         <size>0x44</size>
         <input_file_ref idref="fl-94"/>
      </object_component>
      <object_component id="oc-67">
         <name>.debug_line</name>
         <load_address>0x968</load_address>
         <run_address>0x968</run_address>
         <size>0x3d</size>
         <input_file_ref idref="fl-95"/>
      </object_component>
      <object_component id="oc-6a">
         <name>.debug_line</name>
         <load_address>0x9a5</load_address>
         <run_address>0x9a5</run_address>
         <size>0x3d</size>
         <input_file_ref idref="fl-96"/>
      </object_component>
      <object_component id="oc-6d">
         <name>.debug_line</name>
         <load_address>0x9e2</load_address>
         <run_address>0x9e2</run_address>
         <size>0x3f</size>
         <input_file_ref idref="fl-97"/>
      </object_component>
      <object_component id="oc-71">
         <name>.debug_line</name>
         <load_address>0xa21</load_address>
         <run_address>0xa21</run_address>
         <size>0xa9</size>
         <input_file_ref idref="fl-98"/>
      </object_component>
      <object_component id="oc-74">
         <name>.debug_line</name>
         <load_address>0xaca</load_address>
         <run_address>0xaca</run_address>
         <size>0x3e</size>
         <input_file_ref idref="fl-99"/>
      </object_component>
      <object_component id="oc-77">
         <name>.debug_line</name>
         <load_address>0xb08</load_address>
         <run_address>0xb08</run_address>
         <size>0x73</size>
         <input_file_ref idref="fl-9a"/>
      </object_component>
      <object_component id="oc-7a">
         <name>.debug_line</name>
         <load_address>0xb7b</load_address>
         <run_address>0xb7b</run_address>
         <size>0x5f</size>
         <input_file_ref idref="fl-9b"/>
      </object_component>
      <object_component id="oc-7d">
         <name>.debug_line</name>
         <load_address>0xbda</load_address>
         <run_address>0xbda</run_address>
         <size>0x38</size>
         <input_file_ref idref="fl-9c"/>
      </object_component>
      <object_component id="oc-80">
         <name>.debug_line</name>
         <load_address>0xc12</load_address>
         <run_address>0xc12</run_address>
         <size>0x56</size>
         <input_file_ref idref="fl-9d"/>
      </object_component>
      <object_component id="oc-85">
         <name>.debug_line</name>
         <load_address>0xc68</load_address>
         <run_address>0xc68</run_address>
         <size>0x10c</size>
         <input_file_ref idref="fl-9e"/>
      </object_component>
      <object_component id="oc-88">
         <name>.debug_line</name>
         <load_address>0xd74</load_address>
         <run_address>0xd74</run_address>
         <size>0x40</size>
         <input_file_ref idref="fl-9f"/>
      </object_component>
      <object_component id="oc-8b">
         <name>.debug_line</name>
         <load_address>0xdb4</load_address>
         <run_address>0xdb4</run_address>
         <size>0x3f</size>
         <input_file_ref idref="fl-a0"/>
      </object_component>
      <object_component id="oc-8e">
         <name>.debug_line</name>
         <load_address>0xdf3</load_address>
         <run_address>0xdf3</run_address>
         <size>0x4e</size>
         <input_file_ref idref="fl-a1"/>
      </object_component>
      <object_component id="oc-91">
         <name>.debug_line</name>
         <load_address>0xe41</load_address>
         <run_address>0xe41</run_address>
         <size>0x47</size>
         <input_file_ref idref="fl-a2"/>
      </object_component>
      <object_component id="oc-94">
         <name>.debug_line</name>
         <load_address>0xe88</load_address>
         <run_address>0xe88</run_address>
         <size>0x3d</size>
         <input_file_ref idref="fl-a3"/>
      </object_component>
      <object_component id="oc-97">
         <name>.debug_line</name>
         <load_address>0xec5</load_address>
         <run_address>0xec5</run_address>
         <size>0x37</size>
         <input_file_ref idref="fl-a4"/>
      </object_component>
      <object_component id="oc-9b">
         <name>.debug_line</name>
         <load_address>0xefc</load_address>
         <run_address>0xefc</run_address>
         <size>0x139</size>
         <input_file_ref idref="fl-a5"/>
      </object_component>
      <object_component id="oc-9f">
         <name>.debug_line</name>
         <load_address>0x1035</load_address>
         <run_address>0x1035</run_address>
         <size>0x64</size>
         <input_file_ref idref="fl-a6"/>
      </object_component>
      <object_component id="oc-a2">
         <name>.debug_line</name>
         <load_address>0x1099</load_address>
         <run_address>0x1099</run_address>
         <size>0x40</size>
         <input_file_ref idref="fl-a7"/>
      </object_component>
      <object_component id="oc-a5">
         <name>.debug_line</name>
         <load_address>0x10d9</load_address>
         <run_address>0x10d9</run_address>
         <size>0x23</size>
         <input_file_ref idref="fl-a8"/>
      </object_component>
      <object_component id="oc-a8">
         <name>.debug_line</name>
         <load_address>0x10fc</load_address>
         <run_address>0x10fc</run_address>
         <size>0x3e</size>
         <input_file_ref idref="fl-a9"/>
      </object_component>
      <object_component id="oc-ab">
         <name>.debug_line</name>
         <load_address>0x113a</load_address>
         <run_address>0x113a</run_address>
         <size>0x3c</size>
         <input_file_ref idref="fl-aa"/>
      </object_component>
      <object_component id="oc-ae">
         <name>.debug_line</name>
         <load_address>0x1176</load_address>
         <run_address>0x1176</run_address>
         <size>0x40</size>
         <input_file_ref idref="fl-ab"/>
      </object_component>
      <object_component id="oc-b3">
         <name>.debug_line</name>
         <load_address>0x11b6</load_address>
         <run_address>0x11b6</run_address>
         <size>0x42</size>
         <input_file_ref idref="fl-ac"/>
      </object_component>
      <object_component id="oc-b9">
         <name>.debug_line</name>
         <load_address>0x11f8</load_address>
         <run_address>0x11f8</run_address>
         <size>0xa7</size>
         <input_file_ref idref="fl-ad"/>
      </object_component>
      <object_component id="oc-bc">
         <name>.debug_line</name>
         <load_address>0x129f</load_address>
         <run_address>0x129f</run_address>
         <size>0x3e</size>
         <input_file_ref idref="fl-ae"/>
      </object_component>
      <object_component id="oc-bf">
         <name>.debug_line</name>
         <load_address>0x12dd</load_address>
         <run_address>0x12dd</run_address>
         <size>0x39</size>
         <input_file_ref idref="fl-af"/>
      </object_component>
      <object_component id="oc-c6">
         <name>.debug_line</name>
         <load_address>0x1316</load_address>
         <run_address>0x1316</run_address>
         <size>0x64</size>
         <input_file_ref idref="fl-b0"/>
      </object_component>
      <object_component id="oc-cb">
         <name>.debug_line</name>
         <load_address>0x137a</load_address>
         <run_address>0x137a</run_address>
         <size>0xda</size>
         <input_file_ref idref="fl-b1"/>
      </object_component>
      <object_component id="oc-d1">
         <name>.debug_line</name>
         <load_address>0x1454</load_address>
         <run_address>0x1454</run_address>
         <size>0xb2</size>
         <input_file_ref idref="fl-b2"/>
      </object_component>
      <object_component id="oc-d5">
         <name>.debug_line</name>
         <load_address>0x1506</load_address>
         <run_address>0x1506</run_address>
         <size>0x4c</size>
         <input_file_ref idref="fl-b3"/>
      </object_component>
      <object_component id="oc-db">
         <name>.debug_line</name>
         <load_address>0x1552</load_address>
         <run_address>0x1552</run_address>
         <size>0x4f</size>
         <input_file_ref idref="fl-b4"/>
      </object_component>
      <object_component id="oc-e1">
         <name>.debug_line</name>
         <load_address>0x15a1</load_address>
         <run_address>0x15a1</run_address>
         <size>0x7e</size>
         <input_file_ref idref="fl-b5"/>
      </object_component>
      <object_component id="oc-e7">
         <name>.debug_line</name>
         <load_address>0x161f</load_address>
         <run_address>0x161f</run_address>
         <size>0x50</size>
         <input_file_ref idref="fl-b6"/>
      </object_component>
      <object_component id="oc-e9">
         <name>.debug_line</name>
         <load_address>0x166f</load_address>
         <run_address>0x166f</run_address>
         <size>0x48</size>
         <input_file_ref idref="fl-b7"/>
      </object_component>
      <object_component id="oc-12">
         <name>.debug_abbrev</name>
         <load_address>0x0</load_address>
         <run_address>0x0</run_address>
         <size>0x21</size>
         <input_file_ref idref="fl-2"/>
      </object_component>
      <object_component id="oc-16">
         <name>.debug_abbrev</name>
         <load_address>0x21</load_address>
         <run_address>0x21</run_address>
         <size>0x21</size>
         <input_file_ref idref="fl-3"/>
      </object_component>
      <object_component id="oc-1b">
         <name>.debug_abbrev</name>
         <load_address>0x42</load_address>
         <run_address>0x42</run_address>
         <size>0x21</size>
         <input_file_ref idref="fl-4"/>
      </object_component>
      <object_component id="oc-20">
         <name>.debug_abbrev</name>
         <load_address>0x63</load_address>
         <run_address>0x63</run_address>
         <size>0x91</size>
         <input_file_ref idref="fl-5"/>
      </object_component>
      <object_component id="oc-26">
         <name>.debug_abbrev</name>
         <load_address>0xf4</load_address>
         <run_address>0xf4</run_address>
         <size>0x18e</size>
         <input_file_ref idref="fl-6"/>
      </object_component>
      <object_component id="oc-2a">
         <name>.debug_abbrev</name>
         <load_address>0x282</load_address>
         <run_address>0x282</run_address>
         <size>0x69</size>
         <input_file_ref idref="fl-7"/>
      </object_component>
      <object_component id="oc-2e">
         <name>.debug_abbrev</name>
         <load_address>0x2eb</load_address>
         <run_address>0x2eb</run_address>
         <size>0x96</size>
         <input_file_ref idref="fl-8"/>
      </object_component>
      <object_component id="oc-35">
         <name>.debug_abbrev</name>
         <load_address>0x381</load_address>
         <run_address>0x381</run_address>
         <size>0x10f</size>
         <input_file_ref idref="fl-9"/>
      </object_component>
      <object_component id="oc-39">
         <name>.debug_abbrev</name>
         <load_address>0x490</load_address>
         <run_address>0x490</run_address>
         <size>0xfe</size>
         <input_file_ref idref="fl-87"/>
      </object_component>
      <object_component id="oc-3e">
         <name>.debug_abbrev</name>
         <load_address>0x58e</load_address>
         <run_address>0x58e</run_address>
         <size>0x119</size>
         <input_file_ref idref="fl-88"/>
      </object_component>
      <object_component id="oc-41">
         <name>.debug_abbrev</name>
         <load_address>0x6a7</load_address>
         <run_address>0x6a7</run_address>
         <size>0x161</size>
         <input_file_ref idref="fl-89"/>
      </object_component>
      <object_component id="oc-46">
         <name>.debug_abbrev</name>
         <load_address>0x808</load_address>
         <run_address>0x808</run_address>
         <size>0x9f</size>
         <input_file_ref idref="fl-8a"/>
      </object_component>
      <object_component id="oc-4a">
         <name>.debug_abbrev</name>
         <load_address>0x8a7</load_address>
         <run_address>0x8a7</run_address>
         <size>0x1d1</size>
         <input_file_ref idref="fl-8b"/>
      </object_component>
      <object_component id="oc-4d">
         <name>.debug_abbrev</name>
         <load_address>0xa78</load_address>
         <run_address>0xa78</run_address>
         <size>0xe1</size>
         <input_file_ref idref="fl-8c"/>
      </object_component>
      <object_component id="oc-50">
         <name>.debug_abbrev</name>
         <load_address>0xb59</load_address>
         <run_address>0xb59</run_address>
         <size>0xcc</size>
         <input_file_ref idref="fl-8d"/>
      </object_component>
      <object_component id="oc-53">
         <name>.debug_abbrev</name>
         <load_address>0xc25</load_address>
         <run_address>0xc25</run_address>
         <size>0x13f</size>
         <input_file_ref idref="fl-8e"/>
      </object_component>
      <object_component id="oc-56">
         <name>.debug_abbrev</name>
         <load_address>0xd64</load_address>
         <run_address>0xd64</run_address>
         <size>0xdd</size>
         <input_file_ref idref="fl-8f"/>
      </object_component>
      <object_component id="oc-59">
         <name>.debug_abbrev</name>
         <load_address>0xe41</load_address>
         <run_address>0xe41</run_address>
         <size>0x10c</size>
         <input_file_ref idref="fl-90"/>
      </object_component>
      <object_component id="oc-5b">
         <name>.debug_abbrev</name>
         <load_address>0xf4d</load_address>
         <run_address>0xf4d</run_address>
         <size>0x5f</size>
         <input_file_ref idref="fl-91"/>
      </object_component>
      <object_component id="oc-5f">
         <name>.debug_abbrev</name>
         <load_address>0xfac</load_address>
         <run_address>0xfac</run_address>
         <size>0x8e</size>
         <input_file_ref idref="fl-92"/>
      </object_component>
      <object_component id="oc-62">
         <name>.debug_abbrev</name>
         <load_address>0x103a</load_address>
         <run_address>0x103a</run_address>
         <size>0xf5</size>
         <input_file_ref idref="fl-93"/>
      </object_component>
      <object_component id="oc-65">
         <name>.debug_abbrev</name>
         <load_address>0x112f</load_address>
[...]
         <name>___end__</name>
         <value>0x220</value>
      </symbol>
      <symbol id="sm-12">
         <name>___TI_pprof_out_hndl</name>
         <value>0xffffffff</value>
      </symbol>
      <symbol id="sm-13">
         <name>___TI_prof_data_start</name>
         <value>0xffffffff</value>
      </symbol>
      <symbol id="sm-14">
         <name>___TI_prof_data_size</name>
         <value>0xffffffff</value>
      </symbol>
      <symbol id="sm-15">
         <name>$bss</name>
         <value>0x220</value>
      </symbol>
      <symbol id="sm-3d">
         <name>_int2ulaw</name>
         <value>0x8f60</value>
         <object_component_ref idref="oc-f"/>
      </symbol>
      <symbol id="sm-45">
         <name>_ulaw2int</name>
         <value>0x90e0</value>
         <object_component_ref idref="oc-13"/>
      </symbol>
      <symbol id="sm-52">
         <name>_vector10</name>
         <value>0x140</value>
         <object_component_ref idref="oc-18"/>
      </symbol>
      <symbol id="sm-53">
         <name>_vector12</name>
         <value>0x180</value>
         <object_component_ref idref="oc-18"/>
      </symbol>
      <symbol id="sm-54">
         <name>_vector13</name>
         <value>0x1a0</value>
         <object_component_ref idref="oc-18"/>
      </symbol>
      <symbol id="sm-55">
         <name>_vector14</name>
         <value>0x1c0</value>
         <object_component_ref idref="oc-18"/>
      </symbol>
      <symbol id="sm-56">
         <name>_vector15</name>
         <value>0x1e0</value>
         <object_component_ref idref="oc-18"/>
      </symbol>
      <symbol id="sm-57">
         <name>_vectors</name>
         <value>0x0</value>
         <object_component_ref idref="oc-18"/>
      </symbol>
      <symbol id="sm-58">
         <name>_vector1</name>
         <value>0x20</value>
         <object_component_ref idref="oc-18"/>
      </symbol>
      <symbol id="sm-59">
         <name>_vector3</name>
         <value>0x60</value>
         <object_component_ref idref="oc-18"/>
      </symbol>
      <symbol id="sm-5a">
         <name>_vector2</name>
         <value>0x40</value>
         <object_component_ref idref="oc-18"/>
      </symbol>
      <symbol id="sm-5b">
         <name>_vector5</name>
         <value>0xa0</value>
         <object_component_ref idref="oc-18"/>
      </symbol>
      <symbol id="sm-5c">
         <name>_vector4</name>
         <value>0x80</value>
         <object_component_ref idref="oc-18"/>
      </symbol>
      <symbol id="sm-5d">
         <name>_vector7</name>
         <value>0xe0</value>
         <object_component_ref idref="oc-18"/>
      </symbol>
      <symbol id="sm-5e">
         <name>_vector6</name>
         <value>0xc0</value>
         <object_component_ref idref="oc-18"/>
      </symbol>
      <symbol id="sm-5f">
         <name>_vector9</name>
         <value>0x120</value>
         <object_component_ref idref="oc-18"/>
      </symbol>
      <symbol id="sm-60">
         <name>_vector8</name>
         <value>0x100</value>
         <object_component_ref idref="oc-18"/>
      </symbol>
      <symbol id="sm-68">
         <name>_c_int11</name>
         <value>0x92c0</value>
         <object_component_ref idref="oc-1d"/>
      </symbol>
      <symbol id="sm-76">
         <name>_config</name>
         <value>0xb820</value>
         <object_component_ref idref="oc-23"/>
      </symbol>
      <symbol id="sm-77">
         <name>_AIC_data</name>
         <value>0xb81c</value>
         <object_component_ref idref="oc-23"/>
      </symbol>
      <symbol id="sm-78">
         <name>_hAIC23_handle</name>
         <value>0xb868</value>
         <object_component_ref idref="oc-23"/>
      </symbol>
      <symbol id="sm-79">
         <name>_AIC23CfgData</name>
         <value>0xb848</value>
         <object_component_ref idref="oc-23"/>
      </symbol>
      <symbol id="sm-8a">
         <name>_main</name>
         <value>0x91a0</value>
         <object_component_ref idref="oc-fd"/>
      </symbol>
      <symbol id="sm-a4">
         <name>_myModuleInt</name>
         <value>0xb8ec</value>
         <object_component_ref idref="oc-31"/>
      </symbol>
      <symbol id="sm-a5">
         <name>_myModule_function2</name>
         <value>0x84e0</value>
         <object_component_ref idref="oc-102"/>
      </symbol>
      <symbol id="sm-a6">
         <name>_myModule_function1</name>
         <value>0x84d8</value>
         <object_component_ref idref="oc-102"/>
      </symbol>
      <symbol id="sm-a7">
         <name>_myModuleFlag</name>
         <value>0xb8f4</value>
         <object_component_ref idref="oc-31"/>
      </symbol>
      <symbol id="sm-a8">
         <name>_myModule_init</name>
         <value>0x8460</value>
         <object_component_ref idref="oc-102"/>
      </symbol>
      <symbol id="sm-a9">
         <name>_myModulePointer</name>
         <value>0xb8f0</value>
         <object_component_ref idref="oc-31"/>
      </symbol>
      <symbol id="sm-b5">
         <name>_c_int00</name>
         <value>0x8de0</value>
         <object_component_ref idref="oc-e"/>
      </symbol>
      <symbol id="sm-b6">
         <name>__stack</name>
         <value>0x92e0</value>
         <object_component_ref idref="oc-37"/>
      </symbol>
      <symbol id="sm-c6">
         <name>C$$EXIT</name>
         <value>0x9260</value>
         <object_component_ref idref="oc-fe"/>
      </symbol>
      <symbol id="sm-c7">
         <name>_exit</name>
         <value>0x8180</value>
         <object_component_ref idref="oc-ed"/>
      </symbol>
      <symbol id="sm-c8">
         <name>___TI_enable_exit_profile_output</name>
         <value>0xb90c</value>
         <object_component_ref idref="oc-3c"/>
      </symbol>
      <symbol id="sm-c9">
         <name>_abort</name>
         <value>0x9260</value>
         <object_component_ref idref="oc-fe"/>
      </symbol>
      <symbol id="sm-ca">
         <name>__cleanup_ptr</name>
         <value>0xb904</value>
         <object_component_ref idref="oc-3c"/>
      </symbol>
      <symbol id="sm-cb">
         <name>__dtors_ptr</name>
         <value>0xb908</value>
         <object_component_ref idref="oc-3c"/>
      </symbol>
      <symbol id="sm-d9">
         <name>_printf</name>
         <value>0x7b20</value>
         <object_component_ref idref="oc-103"/>
      </symbol>
      <symbol id="sm-e7">
         <name>__unlock</name>
         <value>0xb91c</value>
         <object_component_ref idref="oc-44"/>
      </symbol>
      <symbol id="sm-e8">
         <name>__lock</name>
         <value>0xb918</value>
         <object_component_ref idref="oc-44"/>
      </symbol>
      <symbol id="sm-e9">
         <name>__nop</name>
         <value>0x9200</value>
         <object_component_ref idref="oc-ee"/>
      </symbol>
      <symbol id="sm-119">
         <name>__printfi</name>
         <value>0x1640</value>
         <object_component_ref idref="oc-106"/>
      </symbol>
      <symbol id="sm-123">
         <name>__args_main</name>
         <value>0x9160</value>
         <object_component_ref idref="oc-ec"/>
      </symbol>
      <symbol id="sm-124">
         <name>__TI_args_main</name>
         <value>0x1</value>
      </symbol>
      <symbol id="sm-12e">
         <name>_atoi</name>
         <value>0x6a00</value>
         <object_component_ref idref="oc-111"/>
      </symbol>
      <symbol id="sm-138">
         <name>__auto_init</name>
         <value>0x7620</value>
         <object_component_ref idref="oc-eb"/>
      </symbol>
      <symbol id="sm-142">
         <name>___TI_cpp_init</name>
         <value>0x8c60</value>
         <object_component_ref idref="oc-fc"/>
      </symbol>
      <symbol id="sm-14c">
         <name>_copy_in</name>
         <value>0x85c0</value>
         <object_component_ref idref="oc-fa"/>
      </symbol>
      <symbol id="sm-154">
         <name>__ctypes_</name>
         <value>0xbd24</value>
         <object_component_ref idref="oc-117"/>
      </symbol>
      <symbol id="sm-15e">
         <name>__tmpnams</name>
         <value>0xb4c0</value>
         <object_component_ref idref="oc-5e"/>
      </symbol>
      <symbol id="sm-15f">
         <name>__ft_end</name>
         <value>0xb600</value>
         <object_component_ref idref="oc-5e"/>
      </symbol>
      <symbol id="sm-160">
         <name>__ftable</name>
         <value>0xb2e0</value>
         <object_component_ref idref="oc-5e"/>
      </symbol>
      <symbol id="sm-16a">
         <name>__divd</name>
         <value>0x220</value>
         <object_component_ref idref="oc-129"/>
      </symbol>
      <symbol id="sm-172">
         <name>__c6xabi_divu</name>
         <value>0x8500</value>
         <object_component_ref idref="oc-134"/>
      </symbol>
      <symbol id="sm-173">
         <name>__divu</name>
         <value>0x8500</value>
         <object_component_ref idref="oc-134"/>
      </symbol>
      <symbol id="sm-17d">
         <name>__fixdli</name>
         <value>0x88a0</value>
         <object_component_ref idref="oc-12f"/>
      </symbol>
      <symbol id="sm-187">
         <name>__fltlid</name>
         <value>0x8ce0</value>
         <object_component_ref idref="oc-131"/>
      </symbol>
      <symbol id="sm-191">
         <name>_putc</name>
         <value>0x4d00</value>
         <object_component_ref idref="oc-108"/>
      </symbol>
      <symbol id="sm-192">
         <name>_fputc</name>
         <value>0x4d00</value>
         <object_component_ref idref="oc-108"/>
      </symbol>
      <symbol id="sm-19e">
         <name>_fputs</name>
         <value>0x1ba0</value>
         <object_component_ref idref="oc-107"/>
      </symbol>
      <symbol id="sm-1a8">
         <name>__frcmpyd_div</name>
         <value>0x68c0</value>
         <object_component_ref idref="oc-133"/>
      </symbol>
      <symbol id="sm-1b6">
         <name>__divul</name>
         <value>0x4fa0</value>
         <object_component_ref idref="oc-135"/>
      </symbol>
      <symbol id="sm-1b7">
         <name>__remli</name>
         <value>0x89e0</value>
         <object_component_ref idref="oc-139"/>
      </symbol>
      <symbol id="sm-1b8">
         <name>__divli</name>
         <value>0x7820</value>
         <object_component_ref idref="oc-13a"/>
      </symbol>
      <symbol id="sm-1c4">
         <name>__subcull</name>
         <value>0x9080</value>
         <object_component_ref idref="oc-13c"/>
      </symbol>
      <symbol id="sm-1c5">
         <name>__divull</name>
         <value>0x3100</value>
         <object_component_ref idref="oc-136"/>
      </symbol>
      <symbol id="sm-1cf">
         <name>___isinf</name>
         <value>0x8fc0</value>
         <object_component_ref idref="oc-119"/>
      </symbol>
      <symbol id="sm-1db">
         <name>__llshl</name>
         <value>0x8d60</value>
         <object_component_ref idref="oc-13b"/>
      </symbol>
      <symbol id="sm-1dc">
         <name>__llshru</name>
         <value>0x9020</value>
         <object_component_ref idref="oc-132"/>
      </symbol>
      <symbol id="sm-1f4">
         <name>_unlink</name>
         <value>0x8b20</value>
         <object_component_ref idref="oc-13d"/>
      </symbol>
      <symbol id="sm-1f5">
         <name>_lseek</name>
         <value>0x7a20</value>
         <object_component_ref idref="oc-120"/>
      </symbol>
      <symbol id="sm-1f6">
         <name>_close</name>
         <value>0x6fe0</value>
         <object_component_ref idref="oc-137"/>
      </symbol>
      <symbol id="sm-1f7">
         <name>_write</name>
         <value>0x7c20</value>
         <object_component_ref idref="oc-10f"/>
      </symbol>
      <symbol id="sm-201">
         <name>_ltoa</name>
         <value>0x6b40</value>
         <object_component_ref idref="oc-130"/>
      </symbol>
      <symbol id="sm-20b">
         <name>_memccpy</name>
         <value>0x8e60</value>
         <object_component_ref idref="oc-114"/>
      </symbol>
      <symbol id="sm-215">
         <name>_memcpy</name>
         <value>0x5680</value>
         <object_component_ref idref="oc-fb"/>
      </symbol>
      <symbol id="sm-21f">
         <name>_memset</name>
         <value>0x7100</value>
         <object_component_ref idref="oc-110"/>
      </symbol>
      <symbol id="sm-229">
         <name>__mpyll</name>
         <value>0x8940</value>
         <object_component_ref idref="oc-12b"/>
      </symbol>
      <symbol id="sm-233">
         <name>__negll</name>
         <value>0x91e0</value>
         <object_component_ref idref="oc-11e"/>
      </symbol>
      <symbol id="sm-24b">
         <name>_HOSTopen</name>
         <value>0x6c80</value>
         <object_component_ref idref="oc-ef"/>
      </symbol>
      <symbol id="sm-24c">
         <name>_HOSTread</name>
         <value>0x6780</value>
         <object_component_ref idref="oc-f1"/>
      </symbol>
      <symbol id="sm-24d">
         <name>_HOSTrename</name>
         <value>0x58c0</value>
         <object_component_ref idref="oc-f5"/>
      </symbol>
      <symbol id="sm-24e">
         <name>_HOSTwrite</name>
         <value>0x6da0</value>
         <object_component_ref idref="oc-f2"/>
      </symbol>
      <symbol id="sm-24f">
         <name>_HOSTlseek</name>
         <value>0x6360</value>
         <object_component_ref idref="oc-f3"/>
      </symbol>
      <symbol id="sm-250">
         <name>_HOSTunlink</name>
         <value>0x7320</value>
         <object_component_ref idref="oc-f4"/>
      </symbol>
      <symbol id="sm-251">
         <name>_HOSTclose</name>
         <value>0x7220</value>
         <object_component_ref idref="oc-f0"/>
      </symbol>
      <symbol id="sm-25f">
         <name>C$$IO$$</name>
         <value>0x8c38</value>
         <object_component_ref idref="oc-ff"/>
      </symbol>
      <symbol id="sm-260">
         <name>__CIOBUF_</name>
         <value>0xbefc</value>
         <object_component_ref idref="oc-9e"/>
      </symbol>
      <symbol id="sm-261">
         <name>_readmsg</name>
         <value>0x8a80</value>
         <object_component_ref idref="oc-100"/>
      </symbol>
      <symbol id="sm-262">
         <name>_writemsg</name>
         <value>0x8bc0</value>
         <object_component_ref idref="oc-ff"/>
      </symbol>
      <symbol id="sm-26c">
         <name>__wrt_ok</name>
         <value>0x6ec0</value>
         <object_component_ref idref="oc-10d"/>
      </symbol>
      <symbol id="sm-27d">
         <name>__doflush</name>
         <value>0x7e00</value>
         <object_component_ref idref="oc-10e"/>
      </symbol>
      <symbol id="sm-287">
         <name>_fseek</name>
         <value>0x5cc0</value>
         <object_component_ref idref="oc-115"/>
      </symbol>
      <symbol id="sm-291">
         <name>_setvbuf</name>
         <value>0x47a0</value>
         <object_component_ref idref="oc-116"/>
      </symbol>
      <symbol id="sm-29f">
         <name>__cleanup</name>
         <value>0x7d20</value>
         <object_component_ref idref="oc-123"/>
      </symbol>
      <symbol id="sm-2b5">
         <name>__sys_memory</name>
         <value>0xa2e0</value>
         <object_component_ref idref="oc-b8"/>
      </symbol>
      <symbol id="sm-2b6">
         <name>_free</name>
         <value>0x3480</value>
         <object_component_ref idref="oc-121"/>
      </symbol>
      <symbol id="sm-2b7">
         <name>_malloc</name>
         <value>0x5440</value>
         <object_component_ref idref="oc-122"/>
      </symbol>
      <symbol id="sm-2c1">
         <name>__closefile</name>
         <value>0x64c0</value>
         <object_component_ref idref="oc-12e"/>
      </symbol>
      <symbol id="sm-2cb">
         <name>_remove</name>
         <value>0x9280</value>
         <object_component_ref idref="oc-138"/>
      </symbol>
      <symbol id="sm-2d9">
         <name>__IRQ_eventTable</name>
         <value>0xb748</value>
         <object_component_ref idref="oc-c3"/>
      </symbol>
      <symbol id="sm-2da">
         <name>__IRQ_intTable</name>
         <value>0xb7cc</value>
         <object_component_ref idref="oc-c3"/>
      </symbol>
      <symbol id="sm-2db">
         <name>__IRQ_dispatchTable</name>
         <value>0xb80c</value>
         <object_component_ref idref="oc-c3"/>
      </symbol>
      <symbol id="sm-2dc">
         <name>__IRQ_hookFetchPacket</name>
         <value>0x92a0</value>
         <object_component_ref idref="oc-c1"/>
      </symbol>
      <symbol id="sm-2f0">
         <name>_MCBSP_reset</name>
         <value>0x5e80</value>
         <object_component_ref idref="oc-101"/>
      </symbol>
      <symbol id="sm-2f1">
         <name>_MCBSP_close</name>
         <value>0x8800</value>
         <object_component_ref idref="oc-f7"/>
      </symbol>
      <symbol id="sm-2f2">
         <name>_MCBSP_open</name>
         <value>0x7420</value>
         <object_component_ref idref="oc-f8"/>
      </symbol>
      <symbol id="sm-2f3">
         <name>__MCBSP_hDev0</name>
         <value>0xb89c</value>
         <object_component_ref idref="oc-c8"/>
      </symbol>
      <symbol id="sm-2f4">
         <name>__MCBSP_hDev1</name>
         <value>0xb8a0</value>
         <object_component_ref idref="oc-c8"/>
      </symbol>
      <symbol id="sm-2f5">
         <name>_MCBSP_start</name>
         <value>0x7520</value>
         <object_component_ref idref="oc-f9"/>
      </symbol>
      <symbol id="sm-303">
         <name>_DSK6713_init</name>
         <value>0x20ac</value>
         <object_component_ref idref="oc-cc"/>
      </symbol>
      <symbol id="sm-304">
         <name>_DSK6713_version</name>
         <value>0xb934</value>
         <object_component_ref idref="oc-cd"/>
      </symbol>
      <symbol id="sm-305">
         <name>_DSK6713_rget</name>
         <value>0x23c8</value>
         <object_component_ref idref="oc-cc"/>
      </symbol>
      <symbol id="sm-306">
         <name>_DSK6713_wait</name>
         <value>0x23f0</value>
         <object_component_ref idref="oc-cc"/>
      </symbol>
      <symbol id="sm-307">
         <name>_DSK6713_rset</name>
         <value>0x23dc</value>
         <object_component_ref idref="oc-cc"/>
      </symbol>
      <symbol id="sm-308">
         <name>_DSK6713_waitusec</name>
         <value>0x2448</value>
         <object_component_ref idref="oc-cc"/>
      </symbol>
      <symbol id="sm-309">
         <name>_DSK6713_getVersion</name>
         <value>0x2474</value>
         <object_component_ref idref="oc-cc"/>
      </symbol>
      <symbol id="sm-313">
         <name>_DSK6713_AIC23_closeCodec</name>
         <value>0x8ee0</value>
         <object_component_ref idref="oc-d2"/>
      </symbol>
      <symbol id="sm-321">
         <name>_DSK6713_AIC23_codeccontrolhandle</name>
         <value>0xb910</value>
         <object_component_ref idref="oc-d7"/>
      </symbol>
      <symbol id="sm-322">
         <name>_DSK6713_AIC23_codecdatahandle</name>
         <value>0xb914</value>
         <object_component_ref idref="oc-d7"/>
      </symbol>
      <symbol id="sm-323">
         <name>_DSK6713_AIC23_openCodec</name>
         <value>0x3ec0</value>
         <object_component_ref idref="oc-d6"/>
      </symbol>
      <symbol id="sm-331">
         <name>_DSK6713_AIC23_config</name>
         <value>0x66e0</value>
         <object_component_ref idref="oc-dc"/>
      </symbol>
      <symbol id="sm-332">
         <name>_DSK6713_AIC23_rget</name>
         <value>0x66bc</value>
         <object_component_ref idref="oc-dc"/>
      </symbol>
      <symbol id="sm-333">
         <name>_DSK6713_AIC23_rset</name>
         <value>0x6620</value>
         <object_component_ref idref="oc-dc"/>
      </symbol>
      <symbol id="sm-341">
         <name>_DSK6713_AIC23_setFreq</name>
         <value>0x8740</value>
         <object_component_ref idref="oc-e2"/>
      </symbol>
      <symbol id="sm-349">
         <name>__strasg</name>
         <value>0x80a0</value>
         <object_component_ref idref="oc-f6"/>
      </symbol>
   </symbol_table>
</link_info>
