******************************************************************************
               TMS320C6x Linker PC v7.4.20                     
******************************************************************************
>> Linked Tue Feb 05 10:02:58 2019

OUTPUT FILE NAME:   <APP3.out>
ENTRY POINT SYMBOL: "_c_int00"  address: 00002da0


MEMORY CONFIGURATION

         name            origin    length      used     unused   attr    fill
----------------------  --------  ---------  --------  --------  ----  --------
  IVECS                 00000000   00000220  00000200  00000020  RWIX
  IRAM                  00000220   0002fde0  00004856  0002b58a  RWIX
  SDRAM                 80000000   01000000  00075300  00f8ad00  RWIX
  FLASH                 90000000   00020000  00000000  00020000  RWIX


SECTION ALLOCATION MAP

 output                                  attributes/
section   page    origin      length       input sections
--------  ----  ----------  ----------   ----------------
.vectors   0    00000000    00000200     
                  00000000    00000200     Vectors_intr.obj (.vectors)

.bss       0    00000220    00000000     UNINITIALIZED

.text      0    00000220    00002ea0     
                  00000220    000007e0     C6713Helper_UdeS.obj (.text)
                  00000a00    000007a0     main.obj (.text)
                  000011a0    00000480     dsk6713bsl.lib : dsk6713.obj (.text)
                  00001620    00000400     main.obj (.text:retain)
                  00001a20    00000320     dsk6713bsl.lib : dsk6713_aic23_opencodec.obj (.text)
                  00001d40    00000240     rts6700.lib : memcpy62.obj (.text:_memcpy)
                  00001f80    000001c0     csl6713.lib : csl_irq.obj (.text:_IRQ_map)
                  00002140    000001a0                 : csl_mcbsp.obj (.text:_MCBSP_reset)
                  000022e0    00000160     dsk6713bsl.lib : dsk6713_aic23_registers.obj (.text)
                  00002440    00000100     csl6713.lib : csl_mcbsp.obj (.text:_MCBSP_open)
                  00002540    00000100                 : csl_mcbsp.obj (.text:_MCBSP_start)
                  00002640    00000100     rts6700.lib : autoinit.obj (.text:__auto_init)
                  00002740    000000e0                 : strasg.obj (.text:__strasg)
                  00002820    000000e0                 : exit.obj (.text:_exit)
                  00002900    000000c0                 : cpy_tbl.obj (.text:_copy_in)
                  000029c0    000000c0     dsk6713bsl.lib : dsk6713_aic23_setfreq.obj (.text)
                  00002a80    000000c0     setup_interruption.obj (.text)
                  00002b40    000000a0     csl6713.lib : csl_mcbsp.obj (.text:_MCBSP_close)
                  00002be0    000000a0                 : csl_mcbsp.obj (.text:_MCBSP_config)
                  00002c80    000000a0                 : csl_irq.obj (.text:_setMux)
                  00002d20    00000080     rts6700.lib : cpp_init.obj (.text:___TI_cpp_init)
                  00002da0    00000080                 : boot.obj (.text:_c_int00)
                  00002e20    00000080     dsk6713bsl.lib : dsk6713_aic23_closecodec.obj (.text)
                  00002ea0    00000040     csl6713.lib : csl_irq.obj (.text:_IRQ_enable)
                  00002ee0    00000040                 : csl_irq.obj (.text:_IRQ_reset)
                  00002f20    00000040     rts6700.lib : args_main.obj (.text:__args_main)
                  00002f60    00000020     Vectors_intr.obj (.text)
                  00002f80    00000020     csl6713.lib : csl_irq.obj (.text:_IRQ_globalDisable)
                  00002fa0    00000020                 : csl_irq.obj (.text:_IRQ_globalEnable)
                  00002fc0    00000020                 : csl_irq.obj (.text:_IRQ_nmiEnable)
                  00002fe0    00000020                 : csl_mcbsp.obj (.text:_MCBSP_getXmtEventId)
                  00003000    00000020                 : csl_mcbsp.obj (.text:_MCBSP_read)
                  00003020    00000020                 : csl_mcbsp.obj (.text:_MCBSP_rrdy)
                  00003040    00000020                 : csl_mcbsp.obj (.text:_MCBSP_write)
                  00003060    00000020                 : csl_mcbsp.obj (.text:_MCBSP_xrdy)
                  00003080    00000020     rts6700.lib : exit.obj (.text:_abort)
                  000030a0    00000020     csl6713.lib : csl_irq.obj (.text)

.stack     0    000030c0    00001000     UNINITIALIZED
                  000030c0    00000008     rts6700.lib : boot.obj (.stack)
                  000030c8    00000ff8     --HOLE--

.far       0    000040c0    00000632     UNINITIALIZED
                  000040c0    00000450     main.obj (.far)
                  00004510    000000f4     csl6713.lib : csl_irq.obj (.far)
                  00004604    00000058     C6713Helper_UdeS.obj (.far)
                  0000465c    00000038     csl6713.lib : csl_mcbsp.obj (.far)
                  00004694    00000028     dsk6713bsl.lib : dsk6713_aic23_registers.obj (.far)
                  000046bc    00000020                    : dsk6713_aic23_setfreq.obj (.far)
                  000046dc    0000000c     rts6700.lib : exit.obj (.far)
                  000046e8    00000008     dsk6713bsl.lib : dsk6713_aic23_opencodec.obj (.far)
                  000046f0    00000002                    : dsk6713.obj (.far)

.cinit     0    000046f8    00000324     
                  000046f8    0000012c     csl6713.lib : csl_irq.obj (.cinit)
                  00004824    00000004     --HOLE-- [fill = 0]
                  00004828    000000b8     main.obj (.cinit)
                  000048e0    00000058     C6713Helper_UdeS.obj (.cinit)
                  00004938    00000054     csl6713.lib : csl_mcbsp.obj (.cinit)
                  0000498c    00000004     --HOLE-- [fill = 0]
                  00004990    00000030     dsk6713bsl.lib : dsk6713_aic23_registers.obj (.cinit)
                  000049c0    0000002c     rts6700.lib : exit.obj (.cinit)
                  000049ec    00000004     --HOLE-- [fill = 0]
                  000049f0    00000028     dsk6713bsl.lib : dsk6713_aic23_setfreq.obj (.cinit)
                  00004a18    00000004     --HOLE-- [fill = 0]

.const     0    00004a1c    00000060     
                  00004a1c    00000040     dsk6713bsl.lib : dsk6713_aic23_opencodec.obj (.const)
                  00004a5c    00000020                    : dsk6713.obj (.const)

.EXT_RAM   0    80000000    00075300     UNINITIALIZED
                  80000000    00075300     main.obj (.EXT_RAM)


GLOBAL SYMBOLS: SORTED ALPHABETICALLY BY Name 

address    name
--------   ----
00000220   $bss
00000220   .bss
00000220   .text
00003080   C$$EXIT
00004638   _AIC23CfgData
0000460c   _AIC_data
00000254   _CODEC_start
00000320   _CODEC_stop
000044e4   _DIP0Stat
000044e6   _DIP1Stat
000044e8   _DIP2Stat
000044e2   _DIP3Stat
00002e20   _DSK6713_AIC23_closeCodec
000046e8   _DSK6713_AIC23_codeccontrolhandle
000046ec   _DSK6713_AIC23_codecdatahandle
000023a0   _DSK6713_AIC23_config
00001a20   _DSK6713_AIC23_openCodec
0000237c   _DSK6713_AIC23_rget
000022e0   _DSK6713_AIC23_rset
000029c0   _DSK6713_AIC23_setFreq
000015b4   _DSK6713_getVersion
000011ec   _DSK6713_init
00001508   _DSK6713_rget
0000151c   _DSK6713_rset
000046f0   _DSK6713_version
00001530   _DSK6713_wait
00001588   _DSK6713_waitusec
00002ea0   _IRQ_enable
00002f80   _IRQ_globalDisable
00002fa0   _IRQ_globalEnable
00001f80   _IRQ_map
00002fc0   _IRQ_nmiEnable
00002ee0   _IRQ_reset
00000e8c   _Initwrite
00002b40   _MCBSP_close
00002be0   _MCBSP_config
00002fe0   _MCBSP_getXmtEventId
00002440   _MCBSP_open
00003000   _MCBSP_read
00002140   _MCBSP_reset
00003020   _MCBSP_rrdy
00002540   _MCBSP_start
00003040   _MCBSP_write
00003060   _MCBSP_xrdy
00001098   _ReadStatusDIP0
000010ec   _ReadStatusDIP1
00001140   _ReadStatusDIP2
00001044   _ReadStatusDIP3
000045fc   __IRQ_dispatchTable
00004538   __IRQ_eventTable
000030a0   __IRQ_hookFetchPacket
000045bc   __IRQ_intTable
0000468c   __MCBSP_hDev0
00004690   __MCBSP_hDev1
000040c0   __STACK_END
00001000   __STACK_SIZE
00000001   __TI_args_main
00002d20   ___TI_cpp_init
000046e4   ___TI_enable_exit_profile_output
ffffffff   ___TI_pprof_out_hndl
ffffffff   ___TI_prof_data_size
ffffffff   ___TI_prof_data_start
ffffffff   ___binit__
00000220   ___bss__
ffffffff   ___c_args__
000046f8   ___cinit__
00000220   ___end__
000030c0   ___etext__
ffffffff   ___pinit__
00000220   ___text__
00002f20   __args_main
00002640   __auto_init
000046dc   __cleanup_ptr
000046e0   __dtors_ptr
000030c0   __stack
00002740   __strasg
00003080   _abort
80000000   _buffer
000040cc   _bufindex
00002da0   _c_int00
00001830   _c_int11
00001620   _c_int15
00001728   _c_int4
000008c0   _comm_intr
00000220   _comm_poll
00004610   _config
00000f54   _configAndStartTimer
00000fb8   _configGP4In
00002900   _copy_in
00002ad4   _disableInterruptSin
00002a9c   _disableInterruptVoice
00002b0c   _enableAllInterrupts
00002af0   _enableInterrupt4
00002ab8   _enableInterruptSin
00002a80   _enableInterruptVoice
00002820   _exit
000040c0   _fs
000044e0   _gain
00004658   _hAIC23_handle
00004508   _i
000044f4   _incrementBoucle
00000730   _input_left_sample
000007f8   _input_right_sample
0000062c   _input_sample
000040c4   _inputsource
000044f8   _j
000040c8   _loopindex
00000a00   _main
00001d40   _memcpy
000044f0   _nbEchantillon
00004500   _nbSon
000040e0   _out_buffer
0000046c   _output_left_sample
0000054c   _output_right_sample
00000350   _output_sample
00001020   _prob_4
00000eb4   _read
000040d0   _sine_table
00000e38   _startTimer
00000e6c   _stopListening
000044fc   _sw0
000044ec   _tempor
00000020   _vector1
00000140   _vector10
00000180   _vector12
000001a0   _vector13
000001c0   _vector14
00000040   _vector2
00000060   _vector3
000000a0   _vector5
000000c0   _vector6
000000e0   _vector7
00000100   _vector8
00000120   _vector9
00000000   _vectors
ffffffff   binit
000046f8   cinit
00000220   end
000030c0   etext
ffffffff   pinit


GLOBAL SYMBOLS: SORTED BY Symbol Address 

address    name
--------   ----
00000000   _vectors
00000001   __TI_args_main
00000020   _vector1
00000040   _vector2
00000060   _vector3
000000a0   _vector5
000000c0   _vector6
000000e0   _vector7
00000100   _vector8
00000120   _vector9
00000140   _vector10
00000180   _vector12
000001a0   _vector13
000001c0   _vector14
00000220   $bss
00000220   .bss
00000220   .text
00000220   ___bss__
00000220   ___end__
00000220   ___text__
00000220   _comm_poll
00000220   end
00000254   _CODEC_start
00000320   _CODEC_stop
00000350   _output_sample
0000046c   _output_left_sample
0000054c   _output_right_sample
0000062c   _input_sample
00000730   _input_left_sample
000007f8   _input_right_sample
000008c0   _comm_intr
00000a00   _main
00000e38   _startTimer
00000e6c   _stopListening
00000e8c   _Initwrite
00000eb4   _read
00000f54   _configAndStartTimer
00000fb8   _configGP4In
00001000   __STACK_SIZE
00001020   _prob_4
00001044   _ReadStatusDIP3
00001098   _ReadStatusDIP0
000010ec   _ReadStatusDIP1
00001140   _ReadStatusDIP2
000011ec   _DSK6713_init
00001508   _DSK6713_rget
0000151c   _DSK6713_rset
00001530   _DSK6713_wait
00001588   _DSK6713_waitusec
000015b4   _DSK6713_getVersion
00001620   _c_int15
00001728   _c_int4
00001830   _c_int11
00001a20   _DSK6713_AIC23_openCodec
00001d40   _memcpy
00001f80   _IRQ_map
00002140   _MCBSP_reset
000022e0   _DSK6713_AIC23_rset
0000237c   _DSK6713_AIC23_rget
000023a0   _DSK6713_AIC23_config
00002440   _MCBSP_open
00002540   _MCBSP_start
00002640   __auto_init
00002740   __strasg
00002820   _exit
00002900   _copy_in
000029c0   _DSK6713_AIC23_setFreq
00002a80   _enableInterruptVoice
00002a9c   _disableInterruptVoice
00002ab8   _enableInterruptSin
00002ad4   _disableInterruptSin
00002af0   _enableInterrupt4
00002b0c   _enableAllInterrupts
00002b40   _MCBSP_close
00002be0   _MCBSP_config
00002d20   ___TI_cpp_init
00002da0   _c_int00
00002e20   _DSK6713_AIC23_closeCodec
00002ea0   _IRQ_enable
00002ee0   _IRQ_reset
00002f20   __args_main
00002f80   _IRQ_globalDisable
00002fa0   _IRQ_globalEnable
00002fc0   _IRQ_nmiEnable
00002fe0   _MCBSP_getXmtEventId
00003000   _MCBSP_read
00003020   _MCBSP_rrdy
00003040   _MCBSP_write
00003060   _MCBSP_xrdy
00003080   C$$EXIT
00003080   _abort
000030a0   __IRQ_hookFetchPacket
000030c0   ___etext__
000030c0   __stack
000030c0   etext
000040c0   __STACK_END
000040c0   _fs
000040c4   _inputsource
000040c8   _loopindex
000040cc   _bufindex
000040d0   _sine_table
000040e0   _out_buffer
000044e0   _gain
000044e2   _DIP3Stat
000044e4   _DIP0Stat
000044e6   _DIP1Stat
000044e8   _DIP2Stat
000044ec   _tempor
000044f0   _nbEchantillon
000044f4   _incrementBoucle
000044f8   _j
000044fc   _sw0
00004500   _nbSon
00004508   _i
00004538   __IRQ_eventTable
000045bc   __IRQ_intTable
000045fc   __IRQ_dispatchTable
0000460c   _AIC_data
00004610   _config
00004638   _AIC23CfgData
00004658   _hAIC23_handle
0000468c   __MCBSP_hDev0
00004690   __MCBSP_hDev1
000046dc   __cleanup_ptr
000046e0   __dtors_ptr
000046e4   ___TI_enable_exit_profile_output
000046e8   _DSK6713_AIC23_codeccontrolhandle
000046ec   _DSK6713_AIC23_codecdatahandle
000046f0   _DSK6713_version
000046f8   ___cinit__
000046f8   cinit
80000000   _buffer
ffffffff   ___TI_pprof_out_hndl
ffffffff   ___TI_prof_data_size
ffffffff   ___TI_prof_data_start
ffffffff   ___binit__
ffffffff   ___c_args__
ffffffff   ___pinit__
ffffffff   binit
ffffffff   pinit

[140 symbols]
