<?xml version="1.0"?>
<link_info>
   <banner>TMS320C6x Linker PC v7.4.4</banner>
   <copyright>Copyright (c) 1996-2013 Texas Instruments Incorporated</copyright>
   <link_time>0x5817bacf</link_time>
   <output_file>S5eAPP5_Accordeur3.out</output_file>
   <entry_point>
      <name>_c_int00</name>
      <address>0xc340</address>
   </entry_point>
   <input_file_list>
      <input_file id="fl-2">
         <path>.\source\C\</path>
         <kind>object</kind>
         <file>main_accordeur.obj</file>
         <name>main_accordeur.obj</name>
      </input_file>
      <input_file id="fl-3">
         <path>.\source\C\</path>
         <kind>object</kind>
         <file>getNewCommand.obj</file>
         <name>getNewCommand.obj</name>
      </input_file>
      <input_file id="fl-4">
         <path>.\source\C\</path>
         <kind>object</kind>
         <file>genCos.obj</file>
         <name>genCos.obj</name>
      </input_file>
      <input_file id="fl-5">
         <path>.\source\C\</path>
         <kind>object</kind>
         <file>findErrAccordage.obj</file>
         <name>findErrAccordage.obj</name>
      </input_file>
      <input_file id="fl-6">
         <path>.\source\C\</path>
         <kind>object</kind>
         <file>bitrev_index.obj</file>
         <name>bitrev_index.obj</name>
      </input_file>
      <input_file id="fl-7">
         <path>.\source\C\</path>
         <kind>object</kind>
         <file>C6713Helper_UdeS.obj</file>
         <name>C6713Helper_UdeS.obj</name>
      </input_file>
      <input_file id="fl-8">
         <path>.\source\asm\</path>
         <kind>object</kind>
         <file>Vectors_intr.obj</file>
         <name>Vectors_intr.obj</name>
      </input_file>
      <input_file id="fl-f">
         <path>..\includes\</path>
         <kind>archive</kind>
         <file>dsp67x.lib</file>
         <name>DSPF_sp_cfftr2_dit.obj</name>
      </input_file>
      <input_file id="fl-10">
         <path>..\includes\</path>
         <kind>archive</kind>
         <file>dsp67x.lib</file>
         <name>DSPF_sp_icfftr2_dif.obj</name>
      </input_file>
      <input_file id="fl-11">
         <path>C:\ti\ccsv5\tools\compiler\c6000_7.4.4\lib\</path>
         <kind>archive</kind>
         <file>rts6700.lib</file>
         <name>boot.obj</name>
      </input_file>
      <input_file id="fl-12">
         <path>C:\ti\ccsv5\tools\compiler\c6000_7.4.4\lib\</path>
         <kind>archive</kind>
         <file>rts6700.lib</file>
         <name>cos.obj</name>
      </input_file>
      <input_file id="fl-13">
         <path>C:\ti\ccsv5\tools\compiler\c6000_7.4.4\lib\</path>
         <kind>archive</kind>
         <file>rts6700.lib</file>
         <name>divd.obj</name>
      </input_file>
      <input_file id="fl-14">
         <path>C:\ti\ccsv5\tools\compiler\c6000_7.4.4\lib\</path>
         <kind>archive</kind>
         <file>rts6700.lib</file>
         <name>divf.obj</name>
      </input_file>
      <input_file id="fl-15">
         <path>C:\ti\ccsv5\tools\compiler\c6000_7.4.4\lib\</path>
         <kind>archive</kind>
         <file>rts6700.lib</file>
         <name>divi.obj</name>
      </input_file>
      <input_file id="fl-16">
         <path>C:\ti\ccsv5\tools\compiler\c6000_7.4.4\lib\</path>
         <kind>archive</kind>
         <file>rts6700.lib</file>
         <name>exit.obj</name>
      </input_file>
      <input_file id="fl-17">
         <path>C:\ti\ccsv5\tools\compiler\c6000_7.4.4\lib\</path>
         <kind>archive</kind>
         <file>rts6700.lib</file>
         <name>frcmpyd_div.obj</name>
      </input_file>
      <input_file id="fl-18">
         <path>C:\ti\ccsv5\tools\compiler\c6000_7.4.4\lib\</path>
         <kind>archive</kind>
         <file>rts6700.lib</file>
         <name>llshift.obj</name>
      </input_file>
      <input_file id="fl-19">
         <path>C:\ti\ccsv5\tools\compiler\c6000_7.4.4\lib\</path>
         <kind>archive</kind>
         <file>rts6700.lib</file>
         <name>log10.obj</name>
      </input_file>
      <input_file id="fl-1a">
         <path>C:\ti\ccsv5\tools\compiler\c6000_7.4.4\lib\</path>
         <kind>archive</kind>
         <file>rts6700.lib</file>
         <name>modf.obj</name>
      </input_file>
      <input_file id="fl-1b">
         <path>C:\ti\ccsv5\tools\compiler\c6000_7.4.4\lib\</path>
         <kind>archive</kind>
         <file>rts6700.lib</file>
         <name>mpyll.obj</name>
      </input_file>
      <input_file id="fl-1c">
         <path>C:\ti\ccsv5\tools\compiler\c6000_7.4.4\lib\</path>
         <kind>archive</kind>
         <file>rts6700.lib</file>
         <name>pow.obj</name>
      </input_file>
      <input_file id="fl-1d">
         <path>C:\ti\ccsv5\tools\compiler\c6000_7.4.4\lib\</path>
         <kind>archive</kind>
         <file>rts6700.lib</file>
         <name>printf.obj</name>
      </input_file>
      <input_file id="fl-1e">
         <path>C:\ti\ccsv5\tools\compiler\c6000_7.4.4\lib\</path>
         <kind>archive</kind>
         <file>rts6700.lib</file>
         <name>round.obj</name>
      </input_file>
      <input_file id="fl-1f">
         <path>C:\ti\ccsv5\tools\compiler\c6000_7.4.4\lib\</path>
         <kind>archive</kind>
         <file>rts6700.lib</file>
         <name>trunc.obj</name>
      </input_file>
      <input_file id="fl-20">
         <path>C:\ti\ccsv5\tools\compiler\c6000_7.4.4\lib\</path>
         <kind>archive</kind>
         <file>rts6700.lib</file>
         <name>_lock.obj</name>
      </input_file>
      <input_file id="fl-21">
         <path>C:\ti\ccsv5\tools\compiler\c6000_7.4.4\lib\</path>
         <kind>archive</kind>
         <file>rts6700.lib</file>
         <name>_printfi.obj</name>
      </input_file>
      <input_file id="fl-22">
         <path>C:\ti\ccsv5\tools\compiler\c6000_7.4.4\lib\</path>
         <kind>archive</kind>
         <file>rts6700.lib</file>
         <name>args_main.obj</name>
      </input_file>
      <input_file id="fl-23">
         <path>C:\ti\ccsv5\tools\compiler\c6000_7.4.4\lib\</path>
         <kind>archive</kind>
         <file>rts6700.lib</file>
         <name>atoi.obj</name>
      </input_file>
      <input_file id="fl-24">
         <path>C:\ti\ccsv5\tools\compiler\c6000_7.4.4\lib\</path>
         <kind>archive</kind>
         <file>rts6700.lib</file>
         <name>autoinit.obj</name>
      </input_file>
      <input_file id="fl-25">
         <path>C:\ti\ccsv5\tools\compiler\c6000_7.4.4\lib\</path>
         <kind>archive</kind>
         <file>rts6700.lib</file>
         <name>cpp_init.obj</name>
      </input_file>
      <input_file id="fl-26">
         <path>C:\ti\ccsv5\tools\compiler\c6000_7.4.4\lib\</path>
         <kind>archive</kind>
         <file>rts6700.lib</file>
         <name>cpy_tbl.obj</name>
      </input_file>
      <input_file id="fl-27">
         <path>C:\ti\ccsv5\tools\compiler\c6000_7.4.4\lib\</path>
         <kind>archive</kind>
         <file>rts6700.lib</file>
         <name>ctype.obj</name>
      </input_file>
      <input_file id="fl-28">
         <path>C:\ti\ccsv5\tools\compiler\c6000_7.4.4\lib\</path>
         <kind>archive</kind>
         <file>rts6700.lib</file>
         <name>defs.obj</name>
      </input_file>
      <input_file id="fl-29">
         <path>C:\ti\ccsv5\tools\compiler\c6000_7.4.4\lib\</path>
         <kind>archive</kind>
         <file>rts6700.lib</file>
         <name>divu.obj</name>
      </input_file>
      <input_file id="fl-2a">
         <path>C:\ti\ccsv5\tools\compiler\c6000_7.4.4\lib\</path>
         <kind>archive</kind>
         <file>rts6700.lib</file>
         <name>errno.obj</name>
      </input_file>
      <input_file id="fl-2b">
         <path>C:\ti\ccsv5\tools\compiler\c6000_7.4.4\lib\</path>
         <kind>archive</kind>
         <file>rts6700.lib</file>
         <name>fixdli.obj</name>
      </input_file>
      <input_file id="fl-2c">
         <path>C:\ti\ccsv5\tools\compiler\c6000_7.4.4\lib\</path>
         <kind>archive</kind>
         <file>rts6700.lib</file>
         <name>fltlid.obj</name>
      </input_file>
      <input_file id="fl-2d">
         <path>C:\ti\ccsv5\tools\compiler\c6000_7.4.4\lib\</path>
         <kind>archive</kind>
         <file>rts6700.lib</file>
         <name>fputc.obj</name>
      </input_file>
      <input_file id="fl-2e">
         <path>C:\ti\ccsv5\tools\compiler\c6000_7.4.4\lib\</path>
         <kind>archive</kind>
         <file>rts6700.lib</file>
         <name>fputs.obj</name>
      </input_file>
      <input_file id="fl-2f">
         <path>C:\ti\ccsv5\tools\compiler\c6000_7.4.4\lib\</path>
         <kind>archive</kind>
         <file>rts6700.lib</file>
         <name>frexp.obj</name>
      </input_file>
      <input_file id="fl-30">
         <path>C:\ti\ccsv5\tools\compiler\c6000_7.4.4\lib\</path>
         <kind>archive</kind>
         <file>rts6700.lib</file>
         <name>imath40.obj</name>
      </input_file>
      <input_file id="fl-31">
         <path>C:\ti\ccsv5\tools\compiler\c6000_7.4.4\lib\</path>
         <kind>archive</kind>
         <file>rts6700.lib</file>
         <name>imath64.obj</name>
      </input_file>
      <input_file id="fl-32">
         <path>C:\ti\ccsv5\tools\compiler\c6000_7.4.4\lib\</path>
         <kind>archive</kind>
         <file>rts6700.lib</file>
         <name>isinf.obj</name>
      </input_file>
      <input_file id="fl-33">
         <path>C:\ti\ccsv5\tools\compiler\c6000_7.4.4\lib\</path>
         <kind>archive</kind>
         <file>rts6700.lib</file>
         <name>ldexp.obj</name>
      </input_file>
      <input_file id="fl-34">
         <path>C:\ti\ccsv5\tools\compiler\c6000_7.4.4\lib\</path>
         <kind>archive</kind>
         <file>rts6700.lib</file>
         <name>log.obj</name>
      </input_file>
      <input_file id="fl-35">
         <path>C:\ti\ccsv5\tools\compiler\c6000_7.4.4\lib\</path>
         <kind>archive</kind>
         <file>rts6700.lib</file>
         <name>lowlev.obj</name>
      </input_file>
      <input_file id="fl-36">
         <path>C:\ti\ccsv5\tools\compiler\c6000_7.4.4\lib\</path>
         <kind>archive</kind>
         <file>rts6700.lib</file>
         <name>ltoa.obj</name>
      </input_file>
      <input_file id="fl-37">
         <path>C:\ti\ccsv5\tools\compiler\c6000_7.4.4\lib\</path>
         <kind>archive</kind>
         <file>rts6700.lib</file>
         <name>memccpy.obj</name>
      </input_file>
      <input_file id="fl-38">
         <path>C:\ti\ccsv5\tools\compiler\c6000_7.4.4\lib\</path>
         <kind>archive</kind>
         <file>rts6700.lib</file>
         <name>memcpy62.obj</name>
      </input_file>
      <input_file id="fl-39">
         <path>C:\ti\ccsv5\tools\compiler\c6000_7.4.4\lib\</path>
         <kind>archive</kind>
         <file>rts6700.lib</file>
         <name>memset.obj</name>
      </input_file>
      <input_file id="fl-3a">
         <path>C:\ti\ccsv5\tools\compiler\c6000_7.4.4\lib\</path>
         <kind>archive</kind>
         <file>rts6700.lib</file>
         <name>negll.obj</name>
      </input_file>
      <input_file id="fl-3b">
         <path>C:\ti\ccsv5\tools\compiler\c6000_7.4.4\lib\</path>
         <kind>archive</kind>
         <file>rts6700.lib</file>
         <name>trgdrv.obj</name>
      </input_file>
      <input_file id="fl-3c">
         <path>C:\ti\ccsv5\tools\compiler\c6000_7.4.4\lib\</path>
         <kind>archive</kind>
         <file>rts6700.lib</file>
         <name>trgmsg.obj</name>
      </input_file>
      <input_file id="fl-3d">
         <path>C:\ti\ccsv5\tools\compiler\c6000_7.4.4\lib\</path>
         <kind>archive</kind>
         <file>rts6700.lib</file>
         <name>_io_perm.obj</name>
      </input_file>
      <input_file id="fl-3e">
         <path>C:\ti\ccsv5\tools\compiler\c6000_7.4.4\lib\</path>
         <kind>archive</kind>
         <file>rts6700.lib</file>
         <name>abs.obj</name>
      </input_file>
      <input_file id="fl-3f">
         <path>C:\ti\ccsv5\tools\compiler\c6000_7.4.4\lib\</path>
         <kind>archive</kind>
         <file>rts6700.lib</file>
         <name>fflush.obj</name>
      </input_file>
      <input_file id="fl-40">
         <path>C:\ti\ccsv5\tools\compiler\c6000_7.4.4\lib\</path>
         <kind>archive</kind>
         <file>rts6700.lib</file>
         <name>fseek.obj</name>
      </input_file>
      <input_file id="fl-41">
         <path>C:\ti\ccsv5\tools\compiler\c6000_7.4.4\lib\</path>
         <kind>archive</kind>
         <file>rts6700.lib</file>
         <name>setvbuf.obj</name>
      </input_file>
      <input_file id="fl-42">
         <path>C:\ti\ccsv5\tools\compiler\c6000_7.4.4\lib\</path>
         <kind>archive</kind>
         <file>rts6700.lib</file>
         <name>fopen.obj</name>
      </input_file>
      <input_file id="fl-43">
         <path>C:\ti\ccsv5\tools\compiler\c6000_7.4.4\lib\</path>
         <kind>archive</kind>
         <file>rts6700.lib</file>
         <name>memory.obj</name>
      </input_file>
      <input_file id="fl-44">
         <path>C:\ti\ccsv5\tools\compiler\c6000_7.4.4\lib\</path>
         <kind>archive</kind>
         <file>rts6700.lib</file>
         <name>fclose.obj</name>
      </input_file>
      <input_file id="fl-45">
         <path>C:\ti\ccsv5\tools\compiler\c6000_7.4.4\lib\</path>
         <kind>archive</kind>
         <file>rts6700.lib</file>
         <name>remove.obj</name>
      </input_file>
      <input_file id="fl-46">
         <path>C:\ti\ccsv5\ccs_base\C6xCSL\lib_3x\</path>
         <kind>archive</kind>
         <file>csl6713.lib</file>
         <name>csl_irq.obj</name>
      </input_file>
      <input_file id="fl-47">
         <path>C:\ti\ccsv5\ccs_base\C6xCSL\lib_3x\</path>
         <kind>archive</kind>
         <file>csl6713.lib</file>
         <name>csl_mcbsp.obj</name>
      </input_file>
      <input_file id="fl-48">
         <path>C:\ti\dsk6713\lib\</path>
         <kind>archive</kind>
         <file>dsk6713bsl.lib</file>
         <name>dsk6713.obj</name>
      </input_file>
      <input_file id="fl-49">
         <path>C:\ti\dsk6713\lib\</path>
         <kind>archive</kind>
         <file>dsk6713bsl.lib</file>
         <name>dsk6713_aic23_closecodec.obj</name>
      </input_file>
      <input_file id="fl-4a">
         <path>C:\ti\dsk6713\lib\</path>
         <kind>archive</kind>
         <file>dsk6713bsl.lib</file>
         <name>dsk6713_aic23_opencodec.obj</name>
      </input_file>
      <input_file id="fl-4b">
         <path>C:\ti\dsk6713\lib\</path>
         <kind>archive</kind>
         <file>dsk6713bsl.lib</file>
         <name>dsk6713_aic23_registers.obj</name>
      </input_file>
      <input_file id="fl-4c">
         <path>C:\ti\dsk6713\lib\</path>
         <kind>archive</kind>
         <file>dsk6713bsl.lib</file>
         <name>dsk6713_aic23_setfreq.obj</name>
      </input_file>
      <input_file id="fl-4d">
         <path>C:\ti\dsk6713\lib\</path>
         <kind>archive</kind>
         <file>dsk6713bsl.lib</file>
         <name>dsk6713_dip.obj</name>
      </input_file>
      <input_file id="fl-4e">
         <path>C:\ti\dsk6713\lib\</path>
         <kind>archive</kind>
         <file>dsk6713bsl.lib</file>
         <name>dsk6713_led.obj</name>
      </input_file>
      <input_file id="fl-4f">
         <path>C:\ti\ccsv5\tools\compiler\c6000_7.4.4\lib\</path>
         <kind>archive</kind>
         <file>rts6700.lib</file>
         <name>strasg.obj</name>
      </input_file>
   </input_file_list>
   <object_component_list>
      <object_component id="oc-34">
         <name>.vectors</name>
         <load_address>0x0</load_address>
         <run_address>0x0</run_address>
         <size>0x200</size>
         <input_file_ref idref="fl-8"/>
      </object_component>
      <object_component id="oc-14c">
         <name>.text:_pow</name>
         <load_address>0x220</load_address>
         <run_address>0x220</run_address>
         <size>0x980</size>
         <input_file_ref idref="fl-1c"/>
      </object_component>
      <object_component id="oc-12d">
         <name>.text</name>
         <load_address>0xba0</load_address>
         <run_address>0xba0</run_address>
         <size>0x7e0</size>
         <input_file_ref idref="fl-7"/>
      </object_component>
      <object_component id="oc-15a">
         <name>.text:__divd</name>
         <load_address>0x1380</load_address>
         <run_address>0x1380</run_address>
         <size>0x720</size>
         <input_file_ref idref="fl-13"/>
      </object_component>
      <object_component id="oc-12e">
         <name>.text</name>
         <load_address>0x1aa0</load_address>
         <run_address>0x1aa0</run_address>
         <size>0x700</size>
         <input_file_ref idref="fl-2"/>
      </object_component>
      <object_component id="oc-177">
         <name>.text:__getarg_diouxp</name>
         <load_address>0x21a0</load_address>
         <run_address>0x21a0</run_address>
         <size>0x6c0</size>
         <input_file_ref idref="fl-21"/>
      </object_component>
      <object_component id="oc-3c">
         <name>.text</name>
         <load_address>0x2860</load_address>
         <run_address>0x2860</run_address>
         <size>0x640</size>
         <input_file_ref idref="fl-10"/>
      </object_component>
      <object_component id="oc-162">
         <name>.text:__setfield</name>
         <load_address>0x2ea0</load_address>
         <run_address>0x2ea0</run_address>
         <size>0x5a0</size>
         <input_file_ref idref="fl-21"/>
      </object_component>
      <object_component id="oc-157">
         <name>.text:__printfi</name>
         <load_address>0x3440</load_address>
         <run_address>0x3440</run_address>
         <size>0x560</size>
         <input_file_ref idref="fl-21"/>
      </object_component>
      <object_component id="oc-38">
         <name>.text</name>
         <load_address>0x39a0</load_address>
         <run_address>0x39a0</run_address>
         <size>0x4e0</size>
         <input_file_ref idref="fl-f"/>
      </object_component>
      <object_component id="oc-15e">
         <name>.text:_fputs</name>
         <load_address>0x3e80</load_address>
         <run_address>0x3e80</run_address>
         <size>0x4c0</size>
         <input_file_ref idref="fl-2e"/>
      </object_component>
      <object_component id="oc-101">
         <name>.text</name>
         <load_address>0x4340</load_address>
         <run_address>0x4340</run_address>
         <size>0x480</size>
         <input_file_ref idref="fl-48"/>
      </object_component>
      <object_component id="oc-181">
         <name>.text:_fcvt</name>
         <load_address>0x47c0</load_address>
         <run_address>0x47c0</run_address>
         <size>0x420</size>
         <input_file_ref idref="fl-21"/>
      </object_component>
      <object_component id="oc-16b">
         <name>.text:__pproc_fge</name>
         <load_address>0x4be0</load_address>
         <run_address>0x4be0</run_address>
         <size>0x400</size>
         <input_file_ref idref="fl-21"/>
      </object_component>
      <object_component id="oc-17e">
         <name>.text:_ecvt</name>
         <load_address>0x4fe0</load_address>
         <run_address>0x4fe0</run_address>
         <size>0x400</size>
         <input_file_ref idref="fl-21"/>
      </object_component>
      <object_component id="oc-18c">
         <name>.text:__divull</name>
         <load_address>0x53e0</load_address>
         <run_address>0x53e0</run_address>
         <size>0x380</size>
         <input_file_ref idref="fl-31"/>
      </object_component>
      <object_component id="oc-17b">
         <name>.text:_free</name>
         <load_address>0x5760</load_address>
         <run_address>0x5760</run_address>
         <size>0x380</size>
         <input_file_ref idref="fl-43"/>
      </object_component>
      <object_component id="oc-176">
         <name>.text:__pconv_e</name>
         <load_address>0x5ae0</load_address>
         <run_address>0x5ae0</run_address>
         <size>0x360</size>
         <input_file_ref idref="fl-21"/>
      </object_component>
      <object_component id="oc-161">
         <name>.text:__pproc_fwp</name>
         <load_address>0x5e40</load_address>
         <run_address>0x5e40</run_address>
         <size>0x360</size>
         <input_file_ref idref="fl-21"/>
      </object_component>
      <object_component id="oc-150">
         <name>.text:_cos</name>
         <load_address>0x61a0</load_address>
         <run_address>0x61a0</run_address>
         <size>0x360</size>
         <input_file_ref idref="fl-12"/>
      </object_component>
      <object_component id="oc-10b">
         <name>.text</name>
         <load_address>0x6500</load_address>
         <run_address>0x6500</run_address>
         <size>0x320</size>
         <input_file_ref idref="fl-4a"/>
      </object_component>
      <object_component id="oc-16c">
         <name>.text:__pproc_diouxp</name>
         <load_address>0x6820</load_address>
         <run_address>0x6820</run_address>
         <size>0x300</size>
         <input_file_ref idref="fl-21"/>
      </object_component>
      <object_component id="oc-14d">
         <name>.text</name>
         <load_address>0x6b20</load_address>
         <run_address>0x6b20</run_address>
         <size>0x300</size>
         <input_file_ref idref="fl-3"/>
      </object_component>
      <object_component id="oc-174">
         <name>.text:__pconv_g</name>
         <load_address>0x6e20</load_address>
         <run_address>0x6e20</run_address>
         <size>0x2c0</size>
         <input_file_ref idref="fl-21"/>
      </object_component>
      <object_component id="oc-163">
         <name>.text:__pproc_str</name>
         <load_address>0x70e0</load_address>
         <run_address>0x70e0</run_address>
         <size>0x2c0</size>
         <input_file_ref idref="fl-21"/>
      </object_component>
      <object_component id="oc-15f">
         <name>.text:_fputc</name>
         <load_address>0x73a0</load_address>
         <run_address>0x73a0</run_address>
         <size>0x2a0</size>
         <input_file_ref idref="fl-2d"/>
      </object_component>
      <object_component id="oc-170">
         <name>.text:_setvbuf</name>
         <load_address>0x7640</load_address>
         <run_address>0x7640</run_address>
         <size>0x2a0</size>
         <input_file_ref idref="fl-41"/>
      </object_component>
      <object_component id="oc-12">
         <name>.text:retain</name>
         <load_address>0x78e0</load_address>
         <run_address>0x78e0</run_address>
         <size>0x280</size>
         <input_file_ref idref="fl-2"/>
      </object_component>
      <object_component id="oc-18b">
         <name>.text:__divul</name>
         <load_address>0x7b60</load_address>
         <run_address>0x7b60</run_address>
         <size>0x260</size>
         <input_file_ref idref="fl-30"/>
      </object_component>
      <object_component id="oc-180">
         <name>.text:__mcpy</name>
         <load_address>0x7dc0</load_address>
         <run_address>0x7dc0</run_address>
         <size>0x240</size>
         <input_file_ref idref="fl-21"/>
      </object_component>
      <object_component id="oc-17c">
         <name>.text:_malloc</name>
         <load_address>0x8000</load_address>
         <run_address>0x8000</run_address>
         <size>0x240</size>
         <input_file_ref idref="fl-43"/>
      </object_component>
      <object_component id="oc-13c">
         <name>.text:_memcpy</name>
         <load_address>0x8240</load_address>
         <run_address>0x8240</run_address>
         <size>0x240</size>
         <input_file_ref idref="fl-38"/>
      </object_component>
      <object_component id="oc-136">
         <name>.text:_HOSTrename</name>
         <load_address>0x8480</load_address>
         <run_address>0x8480</run_address>
         <size>0x220</size>
         <input_file_ref idref="fl-3b"/>
      </object_component>
      <object_component id="oc-194">
         <name>.text:_getdevice</name>
         <load_address>0x86a0</load_address>
         <run_address>0x86a0</run_address>
         <size>0x1e0</size>
         <input_file_ref idref="fl-35"/>
      </object_component>
      <object_component id="oc-146">
         <name>.text:_IRQ_map</name>
         <load_address>0x8880</load_address>
         <run_address>0x8880</run_address>
         <size>0x1c0</size>
         <input_file_ref idref="fl-46"/>
      </object_component>
      <object_component id="oc-16f">
         <name>.text:_fseek</name>
         <load_address>0x8a40</load_address>
         <run_address>0x8a40</run_address>
         <size>0x1c0</size>
         <input_file_ref idref="fl-40"/>
      </object_component>
      <object_component id="oc-153">
         <name>.text:_MCBSP_reset</name>
         <load_address>0x8c00</load_address>
         <run_address>0x8c00</run_address>
         <size>0x1a0</size>
         <input_file_ref idref="fl-47"/>
      </object_component>
      <object_component id="oc-179">
         <name>.text:__ltostr</name>
         <load_address>0x8da0</load_address>
         <run_address>0x8da0</run_address>
         <size>0x1a0</size>
         <input_file_ref idref="fl-21"/>
      </object_component>
      <object_component id="oc-160">
         <name>.text:__pproc_fflags</name>
         <load_address>0x8f40</load_address>
         <run_address>0x8f40</run_address>
         <size>0x1a0</size>
         <input_file_ref idref="fl-21"/>
      </object_component>
      <object_component id="oc-121">
         <name>.text</name>
         <load_address>0x90e0</load_address>
         <run_address>0x90e0</run_address>
         <size>0x1a0</size>
         <input_file_ref idref="fl-4e"/>
      </object_component>
      <object_component id="oc-14f">
         <name>.text</name>
         <load_address>0x9280</load_address>
         <run_address>0x9280</run_address>
         <size>0x1a0</size>
         <input_file_ref idref="fl-4"/>
      </object_component>
      <object_component id="oc-159">
         <name>.text:_ldexp</name>
         <load_address>0x9420</load_address>
         <run_address>0x9420</run_address>
         <size>0x180</size>
         <input_file_ref idref="fl-33"/>
      </object_component>
      <object_component id="oc-134">
         <name>.text:_HOSTlseek</name>
         <load_address>0x95a0</load_address>
         <run_address>0x95a0</run_address>
         <size>0x160</size>
         <input_file_ref idref="fl-3b"/>
      </object_component>
      <object_component id="oc-186">
         <name>.text:__closefile</name>
         <load_address>0x9700</load_address>
         <run_address>0x9700</run_address>
         <size>0x160</size>
         <input_file_ref idref="fl-44"/>
      </object_component>
      <object_component id="oc-111">
         <name>.text</name>
         <load_address>0x9860</load_address>
         <run_address>0x9860</run_address>
         <size>0x160</size>
         <input_file_ref idref="fl-4b"/>
      </object_component>
      <object_component id="oc-132">
         <name>.text:_HOSTread</name>
         <load_address>0x99c0</load_address>
         <run_address>0x99c0</run_address>
         <size>0x140</size>
         <input_file_ref idref="fl-3b"/>
      </object_component>
      <object_component id="oc-165">
         <name>.text:__frcmpyd_div</name>
         <load_address>0x9b00</load_address>
         <run_address>0x9b00</run_address>
         <size>0x140</size>
         <input_file_ref idref="fl-17"/>
      </object_component>
      <object_component id="oc-16a">
         <name>.text:_atoi</name>
         <load_address>0x9c40</load_address>
         <run_address>0x9c40</run_address>
         <size>0x140</size>
         <input_file_ref idref="fl-23"/>
      </object_component>
      <object_component id="oc-158">
         <name>.text:_frexp</name>
         <load_address>0x9d80</load_address>
         <run_address>0x9d80</run_address>
         <size>0x140</size>
         <input_file_ref idref="fl-2f"/>
      </object_component>
      <object_component id="oc-130">
         <name>.text:_HOSTopen</name>
         <load_address>0x9ec0</load_address>
         <run_address>0x9ec0</run_address>
         <size>0x120</size>
         <input_file_ref idref="fl-3b"/>
      </object_component>
      <object_component id="oc-133">
         <name>.text:_HOSTwrite</name>
         <load_address>0x9fe0</load_address>
         <run_address>0x9fe0</run_address>
         <size>0x120</size>
         <input_file_ref idref="fl-3b"/>
      </object_component>
      <object_component id="oc-166">
         <name>.text:__wrt_ok</name>
         <load_address>0xa100</load_address>
         <run_address>0xa100</run_address>
         <size>0x120</size>
         <input_file_ref idref="fl-3d"/>
      </object_component>
      <object_component id="oc-18d">
         <name>.text:_close</name>
         <load_address>0xa220</load_address>
         <run_address>0xa220</run_address>
         <size>0x120</size>
         <input_file_ref idref="fl-35"/>
      </object_component>
      <object_component id="oc-188">
         <name>.text:_ltoa</name>
         <load_address>0xa340</load_address>
         <run_address>0xa340</run_address>
         <size>0x120</size>
         <input_file_ref idref="fl-36"/>
      </object_component>
      <object_component id="oc-169">
         <name>.text:_memset</name>
         <load_address>0xa460</load_address>
         <run_address>0xa460</run_address>
         <size>0x120</size>
         <input_file_ref idref="fl-39"/>
      </object_component>
      <object_component id="oc-131">
         <name>.text:_HOSTclose</name>
         <load_address>0xa580</load_address>
         <run_address>0xa580</run_address>
         <size>0x100</size>
         <input_file_ref idref="fl-3b"/>
      </object_component>
      <object_component id="oc-135">
         <name>.text:_HOSTunlink</name>
         <load_address>0xa680</load_address>
         <run_address>0xa680</run_address>
         <size>0x100</size>
         <input_file_ref idref="fl-3b"/>
      </object_component>
      <object_component id="oc-139">
         <name>.text:_MCBSP_open</name>
         <load_address>0xa780</load_address>
         <run_address>0xa780</run_address>
         <size>0x100</size>
         <input_file_ref idref="fl-47"/>
      </object_component>
      <object_component id="oc-13a">
         <name>.text:_MCBSP_start</name>
         <load_address>0xa880</load_address>
         <run_address>0xa880</run_address>
         <size>0x100</size>
         <input_file_ref idref="fl-47"/>
      </object_component>
      <object_component id="oc-129">
         <name>.text:__auto_init</name>
         <load_address>0xa980</load_address>
         <run_address>0xa980</run_address>
         <size>0x100</size>
         <input_file_ref idref="fl-24"/>
      </object_component>
      <object_component id="oc-183">
         <name>.text:__div</name>
         <load_address>0xaa80</load_address>
         <run_address>0xaa80</run_address>
         <size>0x100</size>
         <input_file_ref idref="fl-21"/>
      </object_component>
      <object_component id="oc-190">
         <name>.text:__divli</name>
         <load_address>0xab80</load_address>
         <run_address>0xab80</run_address>
         <size>0x100</size>
         <input_file_ref idref="fl-30"/>
      </object_component>
      <object_component id="oc-175">
         <name>.text:__pconv_f</name>
         <load_address>0xac80</load_address>
         <run_address>0xac80</run_address>
         <size>0x100</size>
         <input_file_ref idref="fl-21"/>
      </object_component>
      <object_component id="oc-17a">
         <name>.text:_lseek</name>
         <load_address>0xad80</load_address>
         <run_address>0xad80</run_address>
         <size>0x100</size>
         <input_file_ref idref="fl-35"/>
      </object_component>
      <object_component id="oc-14b">
         <name>.text:_printf</name>
         <load_address>0xae80</load_address>
         <run_address>0xae80</run_address>
         <size>0x100</size>
         <input_file_ref idref="fl-1d"/>
      </object_component>
      <object_component id="oc-168">
         <name>.text:_write</name>
         <load_address>0xaf80</load_address>
         <run_address>0xaf80</run_address>
         <size>0x100</size>
         <input_file_ref idref="fl-35"/>
      </object_component>
      <object_component id="oc-17d">
         <name>.text:__cleanup</name>
         <load_address>0xb080</load_address>
         <run_address>0xb080</run_address>
         <size>0xe0</size>
         <input_file_ref idref="fl-42"/>
      </object_component>
      <object_component id="oc-167">
         <name>.text:__doflush</name>
         <load_address>0xb160</load_address>
         <run_address>0xb160</run_address>
         <size>0xe0</size>
         <input_file_ref idref="fl-3f"/>
      </object_component>
      <object_component id="oc-17f">
         <name>.text:__ecpy</name>
         <load_address>0xb240</load_address>
         <run_address>0xb240</run_address>
         <size>0xe0</size>
         <input_file_ref idref="fl-21"/>
      </object_component>
      <object_component id="oc-182">
         <name>.text:__fcpy</name>
         <load_address>0xb320</load_address>
         <run_address>0xb320</run_address>
         <size>0xe0</size>
         <input_file_ref idref="fl-21"/>
      </object_component>
      <object_component id="oc-137">
         <name>.text:__strasg</name>
         <load_address>0xb400</load_address>
         <run_address>0xb400</run_address>
         <size>0xe0</size>
         <input_file_ref idref="fl-4f"/>
      </object_component>
      <object_component id="oc-12b">
         <name>.text:_exit</name>
         <load_address>0xb4e0</load_address>
         <run_address>0xb4e0</run_address>
         <size>0xe0</size>
         <input_file_ref idref="fl-16"/>
      </object_component>
      <object_component id="oc-185">
         <name>.text:_minsert</name>
         <load_address>0xb5c0</load_address>
         <run_address>0xb5c0</run_address>
         <size>0xe0</size>
         <input_file_ref idref="fl-43"/>
      </object_component>
      <object_component id="oc-15d">
         <name>.text:_modf</name>
         <load_address>0xb6a0</load_address>
         <run_address>0xb6a0</run_address>
         <size>0xe0</size>
         <input_file_ref idref="fl-1a"/>
      </object_component>
      <object_component id="oc-184">
         <name>.text:_mremove</name>
         <load_address>0xb780</load_address>
         <run_address>0xb780</run_address>
         <size>0xe0</size>
         <input_file_ref idref="fl-43"/>
      </object_component>
      <object_component id="oc-18a">
         <name>.text:__divu</name>
         <load_address>0xb860</load_address>
         <run_address>0xb860</run_address>
         <size>0xc0</size>
         <input_file_ref idref="fl-29"/>
      </object_component>
      <object_component id="oc-15b">
         <name>.text:__nround</name>
         <load_address>0xb920</load_address>
         <run_address>0xb920</run_address>
         <size>0xc0</size>
         <input_file_ref idref="fl-1e"/>
      </object_component>
      <object_component id="oc-13b">
         <name>.text:_copy_in</name>
         <load_address>0xb9e0</load_address>
         <run_address>0xb9e0</run_address>
         <size>0xc0</size>
         <input_file_ref idref="fl-26"/>
      </object_component>
      <object_component id="oc-195">
         <name>.text:_finddevice</name>
         <load_address>0xbaa0</load_address>
         <run_address>0xbaa0</run_address>
         <size>0xc0</size>
         <input_file_ref idref="fl-35"/>
      </object_component>
      <object_component id="oc-117">
         <name>.text</name>
         <load_address>0xbb60</load_address>
         <run_address>0xbb60</run_address>
         <size>0xc0</size>
         <input_file_ref idref="fl-4c"/>
      </object_component>
      <object_component id="oc-138">
         <name>.text:_MCBSP_close</name>
         <load_address>0xbc20</load_address>
         <run_address>0xbc20</run_address>
         <size>0xa0</size>
         <input_file_ref idref="fl-47"/>
      </object_component>
      <object_component id="oc-13f">
         <name>.text:_MCBSP_config</name>
         <load_address>0xbcc0</load_address>
         <run_address>0xbcc0</run_address>
         <size>0xa0</size>
         <input_file_ref idref="fl-47"/>
      </object_component>
      <object_component id="oc-187">
         <name>.text:__fixdli</name>
         <load_address>0xbd60</load_address>
         <run_address>0xbd60</run_address>
         <size>0xa0</size>
         <input_file_ref idref="fl-2b"/>
      </object_component>
      <object_component id="oc-16e">
         <name>.text:__mpyll</name>
         <load_address>0xbe00</load_address>
         <run_address>0xbe00</run_address>
         <size>0xa0</size>
         <input_file_ref idref="fl-1b"/>
      </object_component>
      <object_component id="oc-18f">
         <name>.text:__remli</name>
         <load_address>0xbea0</load_address>
         <run_address>0xbea0</run_address>
         <size>0xa0</size>
         <input_file_ref idref="fl-30"/>
      </object_component>
      <object_component id="oc-152">
         <name>.text:_readmsg</name>
         <load_address>0xbf40</load_address>
         <run_address>0xbf40</run_address>
         <size>0xa0</size>
         <input_file_ref idref="fl-3c"/>
      </object_component>
      <object_component id="oc-154">
         <name>.text:_setMux</name>
         <load_address>0xbfe0</load_address>
         <run_address>0xbfe0</run_address>
         <size>0xa0</size>
         <input_file_ref idref="fl-46"/>
      </object_component>
      <object_component id="oc-193">
         <name>.text:_unlink</name>
         <load_address>0xc080</load_address>
         <run_address>0xc080</run_address>
         <size>0xa0</size>
         <input_file_ref idref="fl-35"/>
      </object_component>
      <object_component id="oc-151">
         <name>.text:_writemsg</name>
         <load_address>0xc120</load_address>
         <run_address>0xc120</run_address>
         <size>0xa0</size>
         <input_file_ref idref="fl-3c"/>
      </object_component>
      <object_component id="oc-13d">
         <name>.text:___TI_cpp_init</name>
         <load_address>0xc1c0</load_address>
         <run_address>0xc1c0</run_address>
         <size>0x80</size>
         <input_file_ref idref="fl-25"/>
      </object_component>
      <object_component id="oc-189">
         <name>.text:__fltlid</name>
         <load_address>0xc240</load_address>
         <run_address>0xc240</run_address>
         <size>0x80</size>
         <input_file_ref idref="fl-2c"/>
      </object_component>
      <object_component id="oc-191">
         <name>.text:__llshl</name>
         <load_address>0xc2c0</load_address>
         <run_address>0xc2c0</run_address>
         <size>0x80</size>
         <input_file_ref idref="fl-18"/>
      </object_component>
      <object_component id="oc-e">
         <name>.text:_c_int00</name>
         <load_address>0xc340</load_address>
         <run_address>0xc340</run_address>
         <size>0x80</size>
         <input_file_ref idref="fl-11"/>
      </object_component>
      <object_component id="oc-16d">
         <name>.text:_memccpy</name>
         <load_address>0xc3c0</load_address>
         <run_address>0xc3c0</run_address>
         <size>0x80</size>
         <input_file_ref idref="fl-37"/>
      </object_component>
      <object_component id="oc-107">
         <name>.text</name>
         <load_address>0xc440</load_address>
         <run_address>0xc440</run_address>
         <size>0x80</size>
         <input_file_ref idref="fl-49"/>
      </object_component>
      <object_component id="oc-11d">
         <name>.text</name>
         <load_address>0xc4c0</load_address>
         <run_address>0xc4c0</run_address>
         <size>0x80</size>
         <input_file_ref idref="fl-4d"/>
      </object_component>
      <object_component id="oc-173">
         <name>.text:___isinf</name>
         <load_address>0xc540</load_address>
         <run_address>0xc540</run_address>
         <size>0x60</size>
         <input_file_ref idref="fl-32"/>
      </object_component>
      <object_component id="oc-164">
         <name>.text:__llshru</name>
         <load_address>0xc5a0</load_address>
         <run_address>0xc5a0</run_address>
         <size>0x60</size>
         <input_file_ref idref="fl-18"/>
      </object_component>
      <object_component id="oc-192">
         <name>.text:__subcull</name>
         <load_address>0xc600</load_address>
         <run_address>0xc600</run_address>
         <size>0x60</size>
         <input_file_ref idref="fl-31"/>
      </object_component>
      <object_component id="oc-14a">
         <name>.text:_IRQ_enable</name>
         <load_address>0xc660</load_address>
         <run_address>0xc660</run_address>
         <size>0x40</size>
         <input_file_ref idref="fl-46"/>
      </object_component>
      <object_component id="oc-147">
         <name>.text:_IRQ_reset</name>
         <load_address>0xc6a0</load_address>
         <run_address>0xc6a0</run_address>
         <size>0x40</size>
         <input_file_ref idref="fl-46"/>
      </object_component>
      <object_component id="oc-172">
         <name>.text:___isnan</name>
         <load_address>0xc6e0</load_address>
         <run_address>0xc6e0</run_address>
         <size>0x40</size>
         <input_file_ref idref="fl-21"/>
      </object_component>
      <object_component id="oc-12a">
         <name>.text:__args_main</name>
         <load_address>0xc720</load_address>
         <run_address>0xc720</run_address>
         <size>0x40</size>
         <input_file_ref idref="fl-22"/>
      </object_component>
      <object_component id="oc-15c">
         <name>.text:__trunc</name>
         <load_address>0xc760</load_address>
         <run_address>0xc760</run_address>
         <size>0x40</size>
         <input_file_ref idref="fl-1f"/>
      </object_component>
      <object_component id="oc-33">
         <name>.text</name>
         <load_address>0xc7a0</load_address>
         <run_address>0xc7a0</run_address>
         <size>0x20</size>
         <input_file_ref idref="fl-8"/>
      </object_component>
      <object_component id="oc-144">
         <name>.text:_IRQ_globalDisable</name>
         <load_address>0xc7c0</load_address>
         <run_address>0xc7c0</run_address>
         <size>0x20</size>
         <input_file_ref idref="fl-46"/>
      </object_component>
      <object_component id="oc-148">
         <name>.text:_IRQ_globalEnable</name>
         <load_address>0xc7e0</load_address>
         <run_address>0xc7e0</run_address>
         <size>0x20</size>
         <input_file_ref idref="fl-46"/>
      </object_component>
      <object_component id="oc-149">
         <name>.text:_IRQ_nmiEnable</name>
         <load_address>0xc800</load_address>
         <run_address>0xc800</run_address>
         <size>0x20</size>
         <input_file_ref idref="fl-46"/>
      </object_component>
      <object_component id="oc-145">
         <name>.text:_MCBSP_getXmtEventId</name>
         <load_address>0xc820</load_address>
         <run_address>0xc820</run_address>
         <size>0x20</size>
         <input_file_ref idref="fl-47"/>
      </object_component>
      <object_component id="oc-143">
         <name>.text:_MCBSP_read</name>
         <load_address>0xc840</load_address>
         <run_address>0xc840</run_address>
         <size>0x20</size>
         <input_file_ref idref="fl-47"/>
      </object_component>
      <object_component id="oc-142">
         <name>.text:_MCBSP_rrdy</name>
         <load_address>0xc860</load_address>
         <run_address>0xc860</run_address>
         <size>0x20</size>
         <input_file_ref idref="fl-47"/>
      </object_component>
      <object_component id="oc-141">
         <name>.text:_MCBSP_write</name>
         <load_address>0xc880</load_address>
         <run_address>0xc880</run_address>
         <size>0x20</size>
         <input_file_ref idref="fl-47"/>
      </object_component>
      <object_component id="oc-140">
         <name>.text:_MCBSP_xrdy</name>
         <load_address>0xc8a0</load_address>
         <run_address>0xc8a0</run_address>
         <size>0x20</size>
         <input_file_ref idref="fl-47"/>
      </object_component>
      <object_component id="oc-178">
         <name>.text:__negll</name>
         <load_address>0xc8c0</load_address>
         <run_address>0xc8c0</run_address>
         <size>0x20</size>
         <input_file_ref idref="fl-3a"/>
      </object_component>
      <object_component id="oc-12f">
         <name>.text:__nop</name>
         <load_address>0xc8e0</load_address>
         <run_address>0xc8e0</run_address>
         <size>0x20</size>
         <input_file_ref idref="fl-20"/>
      </object_component>
      <object_component id="oc-156">
         <name>.text:__outc</name>
         <load_address>0xc900</load_address>
         <run_address>0xc900</run_address>
         <size>0x20</size>
         <input_file_ref idref="fl-1d"/>
      </object_component>
      <object_component id="oc-155">
         <name>.text:__outs</name>
         <load_address>0xc920</load_address>
         <run_address>0xc920</run_address>
         <size>0x20</size>
         <input_file_ref idref="fl-1d"/>
      </object_component>
      <object_component id="oc-13e">
         <name>.text:_abort</name>
         <load_address>0xc940</load_address>
         <run_address>0xc940</run_address>
         <size>0x20</size>
         <input_file_ref idref="fl-16"/>
      </object_component>
      <object_component id="oc-18e">
         <name>.text:_remove</name>
         <load_address>0xc960</load_address>
         <run_address>0xc960</run_address>
         <size>0x20</size>
         <input_file_ref idref="fl-45"/>
      </object_component>
      <object_component id="oc-f6">
         <name>.text</name>
         <load_address>0xc980</load_address>
         <run_address>0xc980</run_address>
         <size>0x20</size>
         <input_file_ref idref="fl-46"/>
      </object_component>
      <object_component id="oc-24">
         <name>.cinit</name>
         <load_address>0x1fe18</load_address>
         <run_address>0x1fe18</run_address>
         <size>0x808</size>
         <input_file_ref idref="fl-5"/>
      </object_component>
      <object_component id="oc-67">
         <name>.cinit</name>
         <load_address>0x20620</load_address>
         <run_address>0x20620</run_address>
         <size>0x140</size>
         <input_file_ref idref="fl-1c"/>
      </object_component>
      <object_component id="oc-f7">
         <name>.cinit</name>
         <load_address>0x20760</load_address>
         <run_address>0x20760</run_address>
         <size>0x12c</size>
         <input_file_ref idref="fl-46"/>
      </object_component>
      <object_component id="oc-10">
         <name>.cinit</name>
         <load_address>0x20890</load_address>
         <run_address>0x20890</run_address>
         <size>0x6c</size>
         <input_file_ref idref="fl-2"/>
      </object_component>
      <object_component id="oc-8f">
         <name>.cinit</name>
         <load_address>0x20900</load_address>
         <run_address>0x20900</run_address>
         <size>0x5c</size>
         <input_file_ref idref="fl-28"/>
      </object_component>
      <object_component id="oc-bb">
         <name>.cinit</name>
         <load_address>0x20960</load_address>
         <run_address>0x20960</run_address>
         <size>0x5c</size>
         <input_file_ref idref="fl-35"/>
      </object_component>
      <object_component id="oc-2e">
         <name>.cinit</name>
         <load_address>0x209c0</load_address>
         <run_address>0x209c0</run_address>
         <size>0x58</size>
         <input_file_ref idref="fl-7"/>
      </object_component>
      <object_component id="oc-fc">
         <name>.cinit</name>
         <load_address>0x20a18</load_address>
         <run_address>0x20a18</run_address>
         <size>0x54</size>
         <input_file_ref idref="fl-47"/>
      </object_component>
      <object_component id="oc-45">
         <name>.cinit</name>
         <load_address>0x20a70</load_address>
         <run_address>0x20a70</run_address>
         <size>0x48</size>
         <input_file_ref idref="fl-12"/>
      </object_component>
      <object_component id="oc-b6">
         <name>.cinit</name>
         <load_address>0x20ab8</load_address>
         <run_address>0x20ab8</run_address>
         <size>0x40</size>
         <input_file_ref idref="fl-34"/>
      </object_component>
      <object_component id="oc-112">
         <name>.cinit</name>
         <load_address>0x20af8</load_address>
         <run_address>0x20af8</run_address>
         <size>0x30</size>
         <input_file_ref idref="fl-4b"/>
      </object_component>
      <object_component id="oc-18">
         <name>.cinit</name>
         <load_address>0x20b28</load_address>
         <run_address>0x20b28</run_address>
         <size>0x2c</size>
         <input_file_ref idref="fl-3"/>
      </object_component>
      <object_component id="oc-53">
         <name>.cinit</name>
         <load_address>0x20b58</load_address>
         <run_address>0x20b58</run_address>
         <size>0x2c</size>
         <input_file_ref idref="fl-16"/>
      </object_component>
      <object_component id="oc-eb">
         <name>.cinit</name>
         <load_address>0x20b88</load_address>
         <run_address>0x20b88</run_address>
         <size>0x2c</size>
         <input_file_ref idref="fl-43"/>
      </object_component>
      <object_component id="oc-118">
         <name>.cinit</name>
         <load_address>0x20bb8</load_address>
         <run_address>0x20bb8</run_address>
         <size>0x28</size>
         <input_file_ref idref="fl-4c"/>
      </object_component>
      <object_component id="oc-75">
         <name>.cinit</name>
         <load_address>0x20be0</load_address>
         <run_address>0x20be0</run_address>
         <size>0x1c</size>
         <input_file_ref idref="fl-20"/>
      </object_component>
      <object_component id="oc-96">
         <name>.cinit</name>
         <load_address>0x20c00</load_address>
         <run_address>0x20c00</run_address>
         <size>0xc</size>
         <input_file_ref idref="fl-2a"/>
      </object_component>
      <object_component id="oc-e6">
         <name>.cinit</name>
         <load_address>0x20c10</load_address>
         <run_address>0x20c10</run_address>
         <size>0xc</size>
         <input_file_ref idref="fl-42"/>
      </object_component>
      <object_component id="oc-41">
         <name>.stack</name>
         <uninitialized>true</uninitialized>
         <run_address>0xc9a0</run_address>
         <size>0x8</size>
         <input_file_ref idref="fl-11"/>
      </object_component>
      <object_component id="oc-1ab">
         <name>.stack</name>
         <uninitialized>true</uninitialized>
         <run_address>0xc9a0</run_address>
         <size>0x0</size>
      </object_component>
      <object_component id="oc-ed">
         <name>.sysmem</name>
         <uninitialized>true</uninitialized>
         <run_address>0x149a0</run_address>
         <size>0x8</size>
         <input_file_ref idref="fl-43"/>
      </object_component>
      <object_component id="oc-1ac">
         <name>.sysmem</name>
         <uninitialized>true</uninitialized>
         <run_address>0x149a0</run_address>
         <size>0x0</size>
      </object_component>
      <object_component id="oc-171">
         <name>.const:.string:__ctypes_</name>
         <load_address>0x20c24</load_address>
         <run_address>0x20c24</run_address>
         <size>0x101</size>
         <input_file_ref idref="fl-27"/>
      </object_component>
      <object_component id="oc-a3">
         <name>.const:.string</name>
         <load_address>0x20d25</load_address>
         <run_address>0x20d25</run_address>
         <size>0x2</size>
         <input_file_ref idref="fl-2e"/>
      </object_component>
      <object_component id="oc-13">
         <name>.const:.string</name>
         <load_address>0x20d28</load_address>
         <run_address>0x20d28</run_address>
         <size>0xc8</size>
         <input_file_ref idref="fl-2"/>
      </object_component>
      <object_component id="oc-10d">
         <name>.const</name>
         <load_address>0x20df0</load_address>
         <run_address>0x20df0</run_address>
         <size>0x40</size>
         <input_file_ref idref="fl-4a"/>
      </object_component>
      <object_component id="oc-7a">
         <name>.const:.string</name>
         <load_address>0x20e30</load_address>
         <run_address>0x20e30</run_address>
         <size>0x23</size>
         <input_file_ref idref="fl-21"/>
      </object_component>
      <object_component id="oc-103">
         <name>.const</name>
         <load_address>0x20e54</load_address>
         <run_address>0x20e54</run_address>
         <size>0x20</size>
         <input_file_ref idref="fl-48"/>
      </object_component>
      <object_component id="oc-12c">
         <name>.const:_$P$T0$2</name>
         <load_address>0x20e74</load_address>
         <run_address>0x20e74</run_address>
         <size>0x14</size>
         <input_file_ref idref="fl-2"/>
      </object_component>
      <object_component id="oc-1f">
         <name>.const</name>
         <load_address>0x20e88</load_address>
         <run_address>0x20e88</run_address>
         <size>0x4</size>
         <input_file_ref idref="fl-4"/>
      </object_component>
      <object_component id="oc-19">
         <name>.const</name>
         <load_address>0x20e8c</load_address>
         <run_address>0x20e8c</run_address>
         <size>0x4</size>
         <input_file_ref idref="fl-3"/>
      </object_component>
      <object_component id="oc-14e">
         <name>.switch:_getCommandes</name>
         <load_address>0x20fb0</load_address>
         <run_address>0x20fb0</run_address>
         <size>0x10</size>
         <input_file_ref idref="fl-2"/>
      </object_component>
      <object_component id="oc-11">
         <name>.far</name>
         <uninitialized>true</uninitialized>
         <run_address>0x1f1e0</run_address>
         <size>0x458</size>
         <input_file_ref idref="fl-2"/>
      </object_component>
      <object_component id="oc-1a">
         <name>.far</name>
         <uninitialized>true</uninitialized>
         <run_address>0x1fdd8</run_address>
         <size>0xc</size>
         <input_file_ref idref="fl-3"/>
      </object_component>
      <object_component id="oc-25">
         <name>.far</name>
         <uninitialized>true</uninitialized>
         <run_address>0x1c9a0</run_address>
         <size>0x2840</size>
         <input_file_ref idref="fl-5"/>
      </object_component>
      <object_component id="oc-2f">
         <name>.far</name>
         <uninitialized>true</uninitialized>
         <run_address>0x1fc90</run_address>
         <size>0x58</size>
         <input_file_ref idref="fl-7"/>
      </object_component>
      <object_component id="oc-46">
         <name>.far</name>
         <uninitialized>true</uninitialized>
         <run_address>0x1fce8</run_address>
         <size>0x40</size>
         <input_file_ref idref="fl-12"/>
      </object_component>
      <object_component id="oc-54">
         <name>.far</name>
         <uninitialized>true</uninitialized>
         <run_address>0x1fde4</run_address>
         <size>0xc</size>
         <input_file_ref idref="fl-16"/>
      </object_component>
      <object_component id="oc-68">
         <name>.far</name>
         <uninitialized>true</uninitialized>
         <run_address>0x1f960</run_address>
         <size>0x120</size>
         <input_file_ref idref="fl-1c"/>
      </object_component>
      <object_component id="oc-76">
         <name>.far</name>
         <uninitialized>true</uninitialized>
         <run_address>0x1fdf8</run_address>
         <size>0x8</size>
         <input_file_ref idref="fl-20"/>
      </object_component>
      <object_component id="oc-90">
         <name>.far</name>
         <uninitialized>true</uninitialized>
         <run_address>0x1f638</run_address>
         <size>0x324</size>
         <input_file_ref idref="fl-28"/>
      </object_component>
      <object_component id="oc-97">
         <name>.far</name>
         <uninitialized>true</uninitialized>
         <run_address>0x1f95c</run_address>
         <size>0x4</size>
         <input_file_ref idref="fl-2a"/>
      </object_component>
      <object_component id="oc-b7">
         <name>.far</name>
         <uninitialized>true</uninitialized>
         <run_address>0x1fd60</run_address>
         <size>0x30</size>
         <input_file_ref idref="fl-34"/>
      </object_component>
      <object_component id="oc-bc">
         <name>.far</name>
         <uninitialized>true</uninitialized>
         <run_address>0x1fa80</run_address>
         <size>0x11c</size>
         <input_file_ref idref="fl-35"/>
      </object_component>
      <object_component id="oc-cf">
         <name>.far</name>
         <uninitialized>true</uninitialized>
         <run_address>0x1fe08</run_address>
         <size>0x8</size>
         <input_file_ref idref="fl-3b"/>
      </object_component>
      <object_component id="oc-e7">
         <name>.far</name>
         <uninitialized>true</uninitialized>
         <run_address>0x1fe10</run_address>
         <size>0x4</size>
         <input_file_ref idref="fl-42"/>
      </object_component>
      <object_component id="oc-ec">
         <name>.far</name>
         <uninitialized>true</uninitialized>
         <run_address>0x1fe00</run_address>
         <size>0x8</size>
         <input_file_ref idref="fl-43"/>
      </object_component>
      <object_component id="oc-f8">
         <name>.far</name>
         <uninitialized>true</uninitialized>
         <run_address>0x1fb9c</run_address>
         <size>0xf4</size>
         <input_file_ref idref="fl-46"/>
      </object_component>
      <object_component id="oc-fd">
         <name>.far</name>
         <uninitialized>true</uninitialized>
         <run_address>0x1fd28</run_address>
         <size>0x38</size>
         <input_file_ref idref="fl-47"/>
      </object_component>
      <object_component id="oc-102">
         <name>.far</name>
         <uninitialized>true</uninitialized>
         <run_address>0x1fe14</run_address>
         <size>0x2</size>
         <input_file_ref idref="fl-48"/>
      </object_component>
      <object_component id="oc-10c">
         <name>.far</name>
         <uninitialized>true</uninitialized>
         <run_address>0x1fdf0</run_address>
         <size>0x8</size>
         <input_file_ref idref="fl-4a"/>
      </object_component>
      <object_component id="oc-113">
         <name>.far</name>
         <uninitialized>true</uninitialized>
         <run_address>0x1fd90</run_address>
         <size>0x28</size>
         <input_file_ref idref="fl-4b"/>
      </object_component>
      <object_component id="oc-119">
         <name>.far</name>
         <uninitialized>true</uninitialized>
         <run_address>0x1fdb8</run_address>
         <size>0x20</size>
         <input_file_ref idref="fl-4c"/>
      </object_component>
      <object_component id="oc-122">
         <name>.far</name>
         <uninitialized>true</uninitialized>
         <run_address>0x1fe16</run_address>
         <size>0x2</size>
         <input_file_ref idref="fl-4e"/>
      </object_component>
      <object_component id="oc-d3">
         <name>.cio</name>
         <uninitialized>true</uninitialized>
         <run_address>0x20e90</run_address>
         <size>0x120</size>
         <input_file_ref idref="fl-3c"/>
      </object_component>
      <object_component id="oc-f">
         <name>.debug_info</name>
         <load_address>0x0</load_address>
         <run_address>0x0</run_address>
         <size>0x14b7</size>
         <input_file_ref idref="fl-2"/>
      </object_component>
      <object_component id="oc-17">
         <name>.debug_info</name>
         <load_address>0x14b7</load_address>
         <run_address>0x14b7</run_address>
         <size>0x9bc</size>
         <input_file_ref idref="fl-3"/>
      </object_component>
      <object_component id="oc-1e">
         <name>.debug_info</name>
         <load_address>0x1e73</load_address>
         <run_address>0x1e73</run_address>
         <size>0x827</size>
         <input_file_ref idref="fl-4"/>
      </object_component>
      <object_component id="oc-23">
         <name>.debug_info</name>
         <load_address>0x269a</load_address>
         <run_address>0x269a</run_address>
         <size>0x713</size>
         <input_file_ref idref="fl-5"/>
      </object_component>
      <object_component id="oc-29">
         <name>.debug_info</name>
         <load_address>0x2dad</load_address>
         <run_address>0x2dad</run_address>
         <size>0x5d3</size>
         <input_file_ref idref="fl-6"/>
      </object_component>
      <object_component id="oc-2d">
         <name>.debug_info</name>
         <load_address>0x3380</load_address>
         <run_address>0x3380</run_address>
         <size>0x16b7</size>
         <input_file_ref idref="fl-7"/>
      </object_component>
      <object_component id="oc-35">
         <name>.debug_info</name>
         <load_address>0x4a37</load_address>
         <run_address>0x4a37</run_address>
         <size>0x108</size>
         <input_file_ref idref="fl-8"/>
      </object_component>
      <object_component id="oc-3a">
         <name>.debug_info</name>
         <load_address>0x4b3f</load_address>
         <run_address>0x4b3f</run_address>
         <size>0xaf</size>
         <input_file_ref idref="fl-f"/>
      </object_component>
      <object_component id="oc-3e">
         <name>.debug_info</name>
         <load_address>0x4bee</load_address>
         <run_address>0x4bee</run_address>
         <size>0xb1</size>
         <input_file_ref idref="fl-10"/>
      </object_component>
      <object_component id="oc-40">
         <name>.debug_info</name>
         <load_address>0x4c9f</load_address>
         <run_address>0x4c9f</run_address>
         <size>0x70d</size>
         <input_file_ref idref="fl-11"/>
      </object_component>
      <object_component id="oc-44">
         <name>.debug_info</name>
         <load_address>0x53ac</load_address>
         <run_address>0x53ac</run_address>
         <size>0x719</size>
         <input_file_ref idref="fl-12"/>
      </object_component>
      <object_component id="oc-49">
         <name>.debug_info</name>
         <load_address>0x5ac5</load_address>
         <run_address>0x5ac5</run_address>
         <size>0x984</size>
         <input_file_ref idref="fl-13"/>
      </object_component>
      <object_component id="oc-4c">
         <name>.debug_info</name>
         <load_address>0x6449</load_address>
         <run_address>0x6449</run_address>
         <size>0x85a</size>
         <input_file_ref idref="fl-14"/>
      </object_component>
      <object_component id="oc-4f">
         <name>.debug_info</name>
         <load_address>0x6ca3</load_address>
         <run_address>0x6ca3</run_address>
         <size>0xa2</size>
         <input_file_ref idref="fl-15"/>
      </object_component>
      <object_component id="oc-52">
         <name>.debug_info</name>
         <load_address>0x6d45</load_address>
         <run_address>0x6d45</run_address>
         <size>0x801</size>
         <input_file_ref idref="fl-16"/>
      </object_component>
      <object_component id="oc-57">
         <name>.debug_info</name>
         <load_address>0x7546</load_address>
         <run_address>0x7546</run_address>
         <size>0x6a6</size>
         <input_file_ref idref="fl-17"/>
      </object_component>
      <object_component id="oc-5a">
         <name>.debug_info</name>
         <load_address>0x7bec</load_address>
         <run_address>0x7bec</run_address>
         <size>0x703</size>
         <input_file_ref idref="fl-18"/>
      </object_component>
      <object_component id="oc-5d">
         <name>.debug_info</name>
         <load_address>0x82ef</load_address>
         <run_address>0x82ef</run_address>
         <size>0x5e6</size>
         <input_file_ref idref="fl-19"/>
      </object_component>
      <object_component id="oc-60">
         <name>.debug_info</name>
         <load_address>0x88d5</load_address>
         <run_address>0x88d5</run_address>
         <size>0x682</size>
         <input_file_ref idref="fl-1a"/>
      </object_component>
      <object_component id="oc-63">
         <name>.debug_info</name>
         <load_address>0x8f57</load_address>
         <run_address>0x8f57</run_address>
         <size>0x6b9</size>
         <input_file_ref idref="fl-1b"/>
      </object_component>
      <object_component id="oc-66">
         <name>.debug_info</name>
         <load_address>0x9610</load_address>
         <run_address>0x9610</run_address>
         <size>0x8bb</size>
         <input_file_ref idref="fl-1c"/>
      </object_component>
      <object_component id="oc-6b">
         <name>.debug_info</name>
         <load_address>0x9ecb</load_address>
         <run_address>0x9ecb</run_address>
         <size>0x904</size>
         <input_file_ref idref="fl-1d"/>
      </object_component>
      <object_component id="oc-6e">
         <name>.debug_info</name>
         <load_address>0xa7cf</load_address>
         <run_address>0xa7cf</run_address>
         <size>0x655</size>
         <input_file_ref idref="fl-1e"/>
      </object_component>
      <object_component id="oc-71">
         <name>.debug_info</name>
         <load_address>0xae24</load_address>
         <run_address>0xae24</run_address>
         <size>0x653</size>
         <input_file_ref idref="fl-1f"/>
      </object_component>
      <object_component id="oc-74">
         <name>.debug_info</name>
         <load_address>0xb477</load_address>
         <run_address>0xb477</run_address>
         <size>0x64e</size>
         <input_file_ref idref="fl-20"/>
      </object_component>
      <object_component id="oc-79">
         <name>.debug_info</name>
         <load_address>0xbac5</load_address>
         <run_address>0xbac5</run_address>
         <size>0x2bfa</size>
         <input_file_ref idref="fl-21"/>
      </object_component>
      <object_component id="oc-7d">
         <name>.debug_info</name>
         <load_address>0xe6bf</load_address>
         <run_address>0xe6bf</run_address>
         <size>0x6e3</size>
         <input_file_ref idref="fl-22"/>
      </object_component>
      <object_component id="oc-80">
         <name>.debug_info</name>
         <load_address>0xeda2</load_address>
         <run_address>0xeda2</run_address>
         <size>0x724</size>
         <input_file_ref idref="fl-23"/>
      </object_component>
      <object_component id="oc-83">
         <name>.debug_info</name>
         <load_address>0xf4c6</load_address>
         <run_address>0xf4c6</run_address>
         <size>0x873</size>
         <input_file_ref idref="fl-24"/>
      </object_component>
      <object_component id="oc-86">
         <name>.debug_info</name>
         <load_address>0xfd39</load_address>
         <run_address>0xfd39</run_address>
         <size>0x6eb</size>
         <input_file_ref idref="fl-25"/>
      </object_component>
      <object_component id="oc-89">
         <name>.debug_info</name>
         <load_address>0x10424</load_address>
         <run_address>0x10424</run_address>
         <size>0x7e1</size>
         <input_file_ref idref="fl-26"/>
      </object_component>
      <object_component id="oc-8c">
         <name>.debug_info</name>
         <load_address>0x10c05</load_address>
         <run_address>0x10c05</run_address>
         <size>0x5fc</size>
         <input_file_ref idref="fl-27"/>
      </object_component>
      <object_component id="oc-8e">
         <name>.debug_info</name>
         <load_address>0x11201</load_address>
         <run_address>0x11201</run_address>
         <size>0x6e9</size>
         <input_file_ref idref="fl-28"/>
      </object_component>
      <object_component id="oc-92">
         <name>.debug_info</name>
         <load_address>0x118ea</load_address>
         <run_address>0x118ea</run_address>
         <size>0xd4</size>
         <input_file_ref idref="fl-29"/>
      </object_component>
      <object_component id="oc-95">
         <name>.debug_info</name>
         <load_address>0x119be</load_address>
         <run_address>0x119be</run_address>
         <size>0x5e4</size>
         <input_file_ref idref="fl-2a"/>
      </object_component>
      <object_component id="oc-99">
         <name>.debug_info</name>
         <load_address>0x11fa2</load_address>
         <run_address>0x11fa2</run_address>
         <size>0x693</size>
         <input_file_ref idref="fl-2b"/>
      </object_component>
      <object_component id="oc-9c">
         <name>.debug_info</name>
         <load_address>0x12635</load_address>
         <run_address>0x12635</run_address>
         <size>0x6ac</size>
         <input_file_ref idref="fl-2c"/>
      </object_component>
      <object_component id="oc-9f">
         <name>.debug_info</name>
         <load_address>0x12ce1</load_address>
         <run_address>0x12ce1</run_address>
         <size>0x82c</size>
         <input_file_ref idref="fl-2d"/>
      </object_component>
      <object_component id="oc-a2">
         <name>.debug_info</name>
         <load_address>0x1350d</load_address>
         <run_address>0x1350d</run_address>
         <size>0xb9b</size>
         <input_file_ref idref="fl-2e"/>
      </object_component>
      <object_component id="oc-a6">
         <name>.debug_info</name>
         <load_address>0x140a8</load_address>
         <run_address>0x140a8</run_address>
         <size>0x69d</size>
         <input_file_ref idref="fl-2f"/>
      </object_component>
      <object_component id="oc-a9">
         <name>.debug_info</name>
         <load_address>0x14745</load_address>
         <run_address>0x14745</run_address>
         <size>0x7bf</size>
         <input_file_ref idref="fl-30"/>
      </object_component>
      <object_component id="oc-ac">
         <name>.debug_info</name>
         <load_address>0x14f04</load_address>
         <run_address>0x14f04</run_address>
         <size>0x7ba</size>
         <input_file_ref idref="fl-31"/>
      </object_component>
      <object_component id="oc-af">
         <name>.debug_info</name>
         <load_address>0x156be</load_address>
         <run_address>0x156be</run_address>
         <size>0x818</size>
         <input_file_ref idref="fl-32"/>
      </object_component>
      <object_component id="oc-b2">
         <name>.debug_info</name>
         <load_address>0x15ed6</load_address>
         <run_address>0x15ed6</run_address>
         <size>0x699</size>
         <input_file_ref idref="fl-33"/>
      </object_component>
      <object_component id="oc-b5">
         <name>.debug_info</name>
         <load_address>0x1656f</load_address>
         <run_address>0x1656f</run_address>
         <size>0x607</size>
         <input_file_ref idref="fl-34"/>
      </object_component>
      <object_component id="oc-ba">
         <name>.debug_info</name>
         <load_address>0x16b76</load_address>
         <run_address>0x16b76</run_address>
         <size>0xf75</size>
         <input_file_ref idref="fl-35"/>
      </object_component>
      <object_component id="oc-bf">
         <name>.debug_info</name>
         <load_address>0x17aeb</load_address>
         <run_address>0x17aeb</run_address>
         <size>0x74a</size>
         <input_file_ref idref="fl-36"/>
      </object_component>
      <object_component id="oc-c2">
         <name>.debug_info</name>
         <load_address>0x18235</load_address>
         <run_address>0x18235</run_address>
         <size>0x6ee</size>
         <input_file_ref idref="fl-37"/>
      </object_component>
      <object_component id="oc-c5">
         <name>.debug_info</name>
         <load_address>0x18923</load_address>
         <run_address>0x18923</run_address>
         <size>0x794</size>
         <input_file_ref idref="fl-38"/>
      </object_component>
      <object_component id="oc-c8">
         <name>.debug_info</name>
         <load_address>0x190b7</load_address>
         <run_address>0x190b7</run_address>
         <size>0x732</size>
         <input_file_ref idref="fl-39"/>
      </object_component>
      <object_component id="oc-cb">
         <name>.debug_info</name>
         <load_address>0x197e9</load_address>
         <run_address>0x197e9</run_address>
         <size>0x61a</size>
         <input_file_ref idref="fl-3a"/>
      </object_component>
      <object_component id="oc-ce">
         <name>.debug_info</name>
         <load_address>0x19e03</load_address>
         <run_address>0x19e03</run_address>
         <size>0xf16</size>
         <input_file_ref idref="fl-3b"/>
      </object_component>
      <object_component id="oc-d2">
         <name>.debug_info</name>
         <load_address>0x1ad19</load_address>
         <run_address>0x1ad19</run_address>
         <size>0x8d3</size>
         <input_file_ref idref="fl-3c"/>
      </object_component>
      <object_component id="oc-d6">
         <name>.debug_info</name>
         <load_address>0x1b5ec</load_address>
         <run_address>0x1b5ec</run_address>
         <size>0x75c</size>
         <input_file_ref idref="fl-3d"/>
      </object_component>
      <object_component id="oc-d9">
         <name>.debug_info</name>
         <load_address>0x1bd48</load_address>
         <run_address>0x1bd48</run_address>
         <size>0x5ce</size>
         <input_file_ref idref="fl-3e"/>
      </object_component>
      <object_component id="oc-dc">
         <name>.debug_info</name>
         <load_address>0x1c316</load_address>
         <run_address>0x1c316</run_address>
         <size>0x783</size>
         <input_file_ref idref="fl-3f"/>
      </object_component>
      <object_component id="oc-df">
         <name>.debug_info</name>
         <load_address>0x1ca99</load_address>
         <run_address>0x1ca99</run_address>
         <size>0x7bb</size>
         <input_file_ref idref="fl-40"/>
      </object_component>
      <object_component id="oc-e2">
         <name>.debug_info</name>
         <load_address>0x1d254</load_address>
         <run_address>0x1d254</run_address>
         <size>0x80e</size>
         <input_file_ref idref="fl-41"/>
      </object_component>
      <object_component id="oc-e5">
         <name>.debug_info</name>
         <load_address>0x1da62</load_address>
         <run_address>0x1da62</run_address>
         <size>0x887</size>
         <input_file_ref idref="fl-42"/>
      </object_component>
      <object_component id="oc-ea">
         <name>.debug_info</name>
         <load_address>0x1e2e9</load_address>
         <run_address>0x1e2e9</run_address>
         <size>0xb42</size>
         <input_file_ref idref="fl-43"/>
      </object_component>
      <object_component id="oc-f0">
         <name>.debug_info</name>
         <load_address>0x1ee2b</load_address>
         <run_address>0x1ee2b</run_address>
         <size>0x808</size>
         <input_file_ref idref="fl-44"/>
      </object_component>
      <object_component id="oc-f3">
         <name>.debug_info</name>
         <load_address>0x1f633</load_address>
         <run_address>0x1f633</run_address>
         <size>0x666</size>
         <input_file_ref idref="fl-45"/>
      </object_component>
      <object_component id="oc-fa">
         <name>.debug_info</name>
         <load_address>0x1fc99</load_address>
         <run_address>0x1fc99</run_address>
         <size>0xcc5</size>
         <input_file_ref idref="fl-46"/>
      </object_component>
      <object_component id="oc-ff">
         <name>.debug_info</name>
         <load_address>0x2095e</load_address>
         <run_address>0x2095e</run_address>
         <size>0xf6e</size>
         <input_file_ref idref="fl-47"/>
      </object_component>
      <object_component id="oc-105">
         <name>.debug_info</name>
         <load_address>0x218cc</load_address>
         <run_address>0x218cc</run_address>
         <size>0xa4e</size>
         <input_file_ref idref="fl-48"/>
      </object_component>
      <object_component id="oc-109">
         <name>.debug_info</name>
         <load_address>0x2231a</load_address>
         <run_address>0x2231a</run_address>
         <size>0x7c9</size>
         <input_file_ref idref="fl-49"/>
      </object_component>
      <object_component id="oc-10f">
         <name>.debug_info</name>
         <load_address>0x22ae3</load_address>
         <run_address>0x22ae3</run_address>
         <size>0xa20</size>
         <input_file_ref idref="fl-4a"/>
      </object_component>
      <object_component id="oc-115">
         <name>.debug_info</name>
         <load_address>0x23503</load_address>
         <run_address>0x23503</run_address>
         <size>0xaa0</size>
         <input_file_ref idref="fl-4b"/>
      </object_component>
      <object_component id="oc-11b">
         <name>.debug_info</name>
         <load_address>0x23fa3</load_address>
         <run_address>0x23fa3</run_address>
         <size>0x723</size>
         <input_file_ref idref="fl-4c"/>
      </object_component>
      <object_component id="oc-11f">
         <name>.debug_info</name>
         <load_address>0x246c6</load_address>
         <run_address>0x246c6</run_address>
         <size>0x632</size>
         <input_file_ref idref="fl-4d"/>
      </object_component>
      <object_component id="oc-124">
         <name>.debug_info</name>
         <load_address>0x24cf8</load_address>
         <run_address>0x24cf8</run_address>
         <size>0x787</size>
         <input_file_ref idref="fl-4e"/>
      </object_component>
      <object_component id="oc-126">
         <name>.debug_info</name>
         <load_address>0x2547f</load_address>
         <run_address>0x2547f</run_address>
         <size>0xda</size>
         <input_file_ref idref="fl-4f"/>
      </object_component>
      <object_component id="oc-1ad">
         <name>.debug_info</name>
         <load_address>0x25559</load_address>
         <run_address>0x25559</run_address>
         <size>0x6d</size>
      </object_component>
      <object_component id="oc-14">
         <name>.debug_frame</name>
         <load_address>0x0</load_address>
         <run_address>0x0</run_address>
         <size>0x3de</size>
         <input_file_ref idref="fl-2"/>
      </object_component>
      <object_component id="oc-1b">
         <name>.debug_frame</name>
         <load_address>0x3de</load_address>
         <run_address>0x3de</run_address>
         <size>0x279</size>
         <input_file_ref idref="fl-3"/>
      </object_component>
      <object_component id="oc-20">
         <name>.debug_frame</name>
         <load_address>0x657</load_address>
         <run_address>0x657</run_address>
         <size>0x293</size>
         <input_file_ref idref="fl-4"/>
      </object_component>
      <object_component id="oc-26">
         <name>.debug_frame</name>
         <load_address>0x8ea</load_address>
         <run_address>0x8ea</run_address>
         <size>0x23f</size>
         <input_file_ref idref="fl-5"/>
      </object_component>
      <object_component id="oc-2a">
         <name>.debug_frame</name>
         <load_address>0xb29</load_address>
         <run_address>0xb29</run_address>
         <size>0x23f</size>
         <input_file_ref idref="fl-6"/>
      </object_component>
      <object_component id="oc-30">
         <name>.debug_frame</name>
         <load_address>0xd68</load_address>
         <run_address>0xd68</run_address>
         <size>0x36d</size>
         <input_file_ref idref="fl-7"/>
      </object_component>
      <object_component id="oc-15">
         <name>.debug_line</name>
         <load_address>0x0</load_address>
         <run_address>0x0</run_address>
         <size>0x1f8</size>
         <input_file_ref idref="fl-2"/>
      </object_component>
[...]
      </symbol>
      <symbol id="sm-16a">
         <name>_vector6</name>
         <value>0xc0</value>
         <object_component_ref idref="oc-34"/>
      </symbol>
      <symbol id="sm-16b">
         <name>_vector9</name>
         <value>0x120</value>
         <object_component_ref idref="oc-34"/>
      </symbol>
      <symbol id="sm-16c">
         <name>_vector8</name>
         <value>0x100</value>
         <object_component_ref idref="oc-34"/>
      </symbol>
      <symbol id="sm-176">
         <name>_DSPF_sp_cfftr2_dit</name>
         <value>0x39a0</value>
         <object_component_ref idref="oc-38"/>
      </symbol>
      <symbol id="sm-180">
         <name>_DSPF_sp_icfftr2_dif</name>
         <value>0x2860</value>
         <object_component_ref idref="oc-3c"/>
      </symbol>
      <symbol id="sm-18c">
         <name>_c_int00</name>
         <value>0xc340</value>
         <object_component_ref idref="oc-e"/>
      </symbol>
      <symbol id="sm-18d">
         <name>__stack</name>
         <value>0xc9a0</value>
         <object_component_ref idref="oc-41"/>
      </symbol>
      <symbol id="sm-19b">
         <name>_cos</name>
         <value>0x61a0</value>
         <object_component_ref idref="oc-150"/>
      </symbol>
      <symbol id="sm-1a5">
         <name>__divd</name>
         <value>0x1380</value>
         <object_component_ref idref="oc-15a"/>
      </symbol>
      <symbol id="sm-1c1">
         <name>C$$EXIT</name>
         <value>0xc940</value>
         <object_component_ref idref="oc-13e"/>
      </symbol>
      <symbol id="sm-1c2">
         <name>_exit</name>
         <value>0xb4e0</value>
         <object_component_ref idref="oc-12b"/>
      </symbol>
      <symbol id="sm-1c3">
         <name>___TI_enable_exit_profile_output</name>
         <value>0x1fdec</value>
         <object_component_ref idref="oc-54"/>
      </symbol>
      <symbol id="sm-1c4">
         <name>_abort</name>
         <value>0xc940</value>
         <object_component_ref idref="oc-13e"/>
      </symbol>
      <symbol id="sm-1c5">
         <name>__cleanup_ptr</name>
         <value>0x1fde4</value>
         <object_component_ref idref="oc-54"/>
      </symbol>
      <symbol id="sm-1c6">
         <name>__dtors_ptr</name>
         <value>0x1fde8</value>
         <object_component_ref idref="oc-54"/>
      </symbol>
      <symbol id="sm-1d0">
         <name>__frcmpyd_div</name>
         <value>0x9b00</value>
         <object_component_ref idref="oc-165"/>
      </symbol>
      <symbol id="sm-1dc">
         <name>__llshl</name>
         <value>0xc2c0</value>
         <object_component_ref idref="oc-191"/>
      </symbol>
      <symbol id="sm-1dd">
         <name>__llshru</name>
         <value>0xc5a0</value>
         <object_component_ref idref="oc-164"/>
      </symbol>
      <symbol id="sm-1ee">
         <name>_modf</name>
         <value>0xb6a0</value>
         <object_component_ref idref="oc-15d"/>
      </symbol>
      <symbol id="sm-1f8">
         <name>__mpyll</name>
         <value>0xbe00</value>
         <object_component_ref idref="oc-16e"/>
      </symbol>
      <symbol id="sm-206">
         <name>_pow</name>
         <value>0x220</value>
         <object_component_ref idref="oc-14c"/>
      </symbol>
      <symbol id="sm-214">
         <name>_printf</name>
         <value>0xae80</value>
         <object_component_ref idref="oc-14b"/>
      </symbol>
      <symbol id="sm-21e">
         <name>__nround</name>
         <value>0xb920</value>
         <object_component_ref idref="oc-15b"/>
      </symbol>
      <symbol id="sm-228">
         <name>__trunc</name>
         <value>0xc760</value>
         <object_component_ref idref="oc-15c"/>
      </symbol>
      <symbol id="sm-236">
         <name>__unlock</name>
         <value>0x1fdfc</value>
         <object_component_ref idref="oc-76"/>
      </symbol>
      <symbol id="sm-237">
         <name>__lock</name>
         <value>0x1fdf8</value>
         <object_component_ref idref="oc-76"/>
      </symbol>
      <symbol id="sm-238">
         <name>__nop</name>
         <value>0xc8e0</value>
         <object_component_ref idref="oc-12f"/>
      </symbol>
      <symbol id="sm-268">
         <name>__printfi</name>
         <value>0x3440</value>
         <object_component_ref idref="oc-157"/>
      </symbol>
      <symbol id="sm-272">
         <name>__args_main</name>
         <value>0xc720</value>
         <object_component_ref idref="oc-12a"/>
      </symbol>
      <symbol id="sm-273">
         <name>__TI_args_main</name>
         <value>0x1</value>
      </symbol>
      <symbol id="sm-27d">
         <name>_atoi</name>
         <value>0x9c40</value>
         <object_component_ref idref="oc-16a"/>
      </symbol>
      <symbol id="sm-287">
         <name>__auto_init</name>
         <value>0xa980</value>
         <object_component_ref idref="oc-129"/>
      </symbol>
      <symbol id="sm-291">
         <name>___TI_cpp_init</name>
         <value>0xc1c0</value>
         <object_component_ref idref="oc-13d"/>
      </symbol>
      <symbol id="sm-29b">
         <name>_copy_in</name>
         <value>0xb9e0</value>
         <object_component_ref idref="oc-13b"/>
      </symbol>
      <symbol id="sm-2a3">
         <name>__ctypes_</name>
         <value>0x20c24</value>
         <object_component_ref idref="oc-171"/>
      </symbol>
      <symbol id="sm-2ad">
         <name>__tmpnams</name>
         <value>0x1f818</value>
         <object_component_ref idref="oc-90"/>
      </symbol>
      <symbol id="sm-2ae">
         <name>__ft_end</name>
         <value>0x1f958</value>
         <object_component_ref idref="oc-90"/>
      </symbol>
      <symbol id="sm-2af">
         <name>__ftable</name>
         <value>0x1f638</value>
         <object_component_ref idref="oc-90"/>
      </symbol>
      <symbol id="sm-2b7">
         <name>__c6xabi_divu</name>
         <value>0xb860</value>
         <object_component_ref idref="oc-18a"/>
      </symbol>
      <symbol id="sm-2b8">
         <name>__divu</name>
         <value>0xb860</value>
         <object_component_ref idref="oc-18a"/>
      </symbol>
      <symbol id="sm-2c2">
         <name>_errno</name>
         <value>0x1f95c</value>
         <object_component_ref idref="oc-97"/>
      </symbol>
      <symbol id="sm-2cc">
         <name>__fixdli</name>
         <value>0xbd60</value>
         <object_component_ref idref="oc-187"/>
      </symbol>
      <symbol id="sm-2d6">
         <name>__fltlid</name>
         <value>0xc240</value>
         <object_component_ref idref="oc-189"/>
      </symbol>
      <symbol id="sm-2e0">
         <name>_putc</name>
         <value>0x73a0</value>
         <object_component_ref idref="oc-15f"/>
      </symbol>
      <symbol id="sm-2e1">
         <name>_fputc</name>
         <value>0x73a0</value>
         <object_component_ref idref="oc-15f"/>
      </symbol>
      <symbol id="sm-2ed">
         <name>_fputs</name>
         <value>0x3e80</value>
         <object_component_ref idref="oc-15e"/>
      </symbol>
      <symbol id="sm-2f7">
         <name>_frexp</name>
         <value>0x9d80</value>
         <object_component_ref idref="oc-158"/>
      </symbol>
      <symbol id="sm-305">
         <name>__divul</name>
         <value>0x7b60</value>
         <object_component_ref idref="oc-18b"/>
      </symbol>
      <symbol id="sm-306">
         <name>__remli</name>
         <value>0xbea0</value>
         <object_component_ref idref="oc-18f"/>
      </symbol>
      <symbol id="sm-307">
         <name>__divli</name>
         <value>0xab80</value>
         <object_component_ref idref="oc-190"/>
      </symbol>
      <symbol id="sm-313">
         <name>__subcull</name>
         <value>0xc600</value>
         <object_component_ref idref="oc-192"/>
      </symbol>
      <symbol id="sm-314">
         <name>__divull</name>
         <value>0x53e0</value>
         <object_component_ref idref="oc-18c"/>
      </symbol>
      <symbol id="sm-31e">
         <name>___isinf</name>
         <value>0xc540</value>
         <object_component_ref idref="oc-173"/>
      </symbol>
      <symbol id="sm-328">
         <name>_ldexp</name>
         <value>0x9420</value>
         <object_component_ref idref="oc-159"/>
      </symbol>
      <symbol id="sm-34b">
         <name>_unlink</name>
         <value>0xc080</value>
         <object_component_ref idref="oc-193"/>
      </symbol>
      <symbol id="sm-34c">
         <name>_lseek</name>
         <value>0xad80</value>
         <object_component_ref idref="oc-17a"/>
      </symbol>
      <symbol id="sm-34d">
         <name>_close</name>
         <value>0xa220</value>
         <object_component_ref idref="oc-18d"/>
      </symbol>
      <symbol id="sm-34e">
         <name>_write</name>
         <value>0xaf80</value>
         <object_component_ref idref="oc-168"/>
      </symbol>
      <symbol id="sm-358">
         <name>_ltoa</name>
         <value>0xa340</value>
         <object_component_ref idref="oc-188"/>
      </symbol>
      <symbol id="sm-362">
         <name>_memccpy</name>
         <value>0xc3c0</value>
         <object_component_ref idref="oc-16d"/>
      </symbol>
      <symbol id="sm-36c">
         <name>_memcpy</name>
         <value>0x8240</value>
         <object_component_ref idref="oc-13c"/>
      </symbol>
      <symbol id="sm-376">
         <name>_memset</name>
         <value>0xa460</value>
         <object_component_ref idref="oc-169"/>
      </symbol>
      <symbol id="sm-380">
         <name>__negll</name>
         <value>0xc8c0</value>
         <object_component_ref idref="oc-178"/>
      </symbol>
      <symbol id="sm-398">
         <name>_HOSTopen</name>
         <value>0x9ec0</value>
         <object_component_ref idref="oc-130"/>
      </symbol>
      <symbol id="sm-399">
         <name>_HOSTread</name>
         <value>0x99c0</value>
         <object_component_ref idref="oc-132"/>
      </symbol>
      <symbol id="sm-39a">
         <name>_HOSTrename</name>
         <value>0x8480</value>
         <object_component_ref idref="oc-136"/>
      </symbol>
      <symbol id="sm-39b">
         <name>_HOSTwrite</name>
         <value>0x9fe0</value>
         <object_component_ref idref="oc-133"/>
      </symbol>
      <symbol id="sm-39c">
         <name>_HOSTlseek</name>
         <value>0x95a0</value>
         <object_component_ref idref="oc-134"/>
      </symbol>
      <symbol id="sm-39d">
         <name>_HOSTunlink</name>
         <value>0xa680</value>
         <object_component_ref idref="oc-135"/>
      </symbol>
      <symbol id="sm-39e">
         <name>_HOSTclose</name>
         <value>0xa580</value>
         <object_component_ref idref="oc-131"/>
      </symbol>
      <symbol id="sm-3ac">
         <name>C$$IO$$</name>
         <value>0xc198</value>
         <object_component_ref idref="oc-151"/>
      </symbol>
      <symbol id="sm-3ad">
         <name>__CIOBUF_</name>
         <value>0x20e90</value>
         <object_component_ref idref="oc-d3"/>
      </symbol>
      <symbol id="sm-3ae">
         <name>_readmsg</name>
         <value>0xbf40</value>
         <object_component_ref idref="oc-152"/>
      </symbol>
      <symbol id="sm-3af">
         <name>_writemsg</name>
         <value>0xc120</value>
         <object_component_ref idref="oc-151"/>
      </symbol>
      <symbol id="sm-3b9">
         <name>__wrt_ok</name>
         <value>0xa100</value>
         <object_component_ref idref="oc-166"/>
      </symbol>
      <symbol id="sm-3ca">
         <name>__doflush</name>
         <value>0xb160</value>
         <object_component_ref idref="oc-167"/>
      </symbol>
      <symbol id="sm-3d4">
         <name>_fseek</name>
         <value>0x8a40</value>
         <object_component_ref idref="oc-16f"/>
      </symbol>
      <symbol id="sm-3de">
         <name>_setvbuf</name>
         <value>0x7640</value>
         <object_component_ref idref="oc-170"/>
      </symbol>
      <symbol id="sm-3ec">
         <name>__cleanup</name>
         <value>0xb080</value>
         <object_component_ref idref="oc-17d"/>
      </symbol>
      <symbol id="sm-402">
         <name>__sys_memory</name>
         <value>0x149a0</value>
         <object_component_ref idref="oc-ed"/>
      </symbol>
      <symbol id="sm-403">
         <name>_free</name>
         <value>0x5760</value>
         <object_component_ref idref="oc-17b"/>
      </symbol>
      <symbol id="sm-404">
         <name>_malloc</name>
         <value>0x8000</value>
         <object_component_ref idref="oc-17c"/>
      </symbol>
      <symbol id="sm-40e">
         <name>__closefile</name>
         <value>0x9700</value>
         <object_component_ref idref="oc-186"/>
      </symbol>
      <symbol id="sm-418">
         <name>_remove</name>
         <value>0xc960</value>
         <object_component_ref idref="oc-18e"/>
      </symbol>
      <symbol id="sm-434">
         <name>__IRQ_eventTable</name>
         <value>0x1fbc4</value>
         <object_component_ref idref="oc-f8"/>
      </symbol>
      <symbol id="sm-435">
         <name>_IRQ_nmiEnable</name>
         <value>0xc800</value>
         <object_component_ref idref="oc-149"/>
      </symbol>
      <symbol id="sm-436">
         <name>_IRQ_reset</name>
         <value>0xc6a0</value>
         <object_component_ref idref="oc-147"/>
      </symbol>
      <symbol id="sm-437">
         <name>__IRQ_intTable</name>
         <value>0x1fc48</value>
         <object_component_ref idref="oc-f8"/>
      </symbol>
      <symbol id="sm-438">
         <name>_IRQ_globalEnable</name>
         <value>0xc7e0</value>
         <object_component_ref idref="oc-148"/>
      </symbol>
      <symbol id="sm-439">
         <name>_IRQ_globalDisable</name>
         <value>0xc7c0</value>
         <object_component_ref idref="oc-144"/>
      </symbol>
      <symbol id="sm-43a">
         <name>_IRQ_map</name>
         <value>0x8880</value>
         <object_component_ref idref="oc-146"/>
      </symbol>
      <symbol id="sm-43b">
         <name>_IRQ_enable</name>
         <value>0xc660</value>
         <object_component_ref idref="oc-14a"/>
      </symbol>
      <symbol id="sm-43c">
         <name>__IRQ_dispatchTable</name>
         <value>0x1fc88</value>
         <object_component_ref idref="oc-f8"/>
      </symbol>
      <symbol id="sm-43d">
         <name>__IRQ_hookFetchPacket</name>
         <value>0xc980</value>
         <object_component_ref idref="oc-f6"/>
      </symbol>
      <symbol id="sm-45d">
         <name>_MCBSP_reset</name>
         <value>0x8c00</value>
         <object_component_ref idref="oc-153"/>
      </symbol>
      <symbol id="sm-45e">
         <name>_MCBSP_read</name>
         <value>0xc840</value>
         <object_component_ref idref="oc-143"/>
      </symbol>
      <symbol id="sm-45f">
         <name>_MCBSP_close</name>
         <value>0xbc20</value>
         <object_component_ref idref="oc-138"/>
      </symbol>
      <symbol id="sm-460">
         <name>_MCBSP_getXmtEventId</name>
         <value>0xc820</value>
         <object_component_ref idref="oc-145"/>
      </symbol>
      <symbol id="sm-461">
         <name>_MCBSP_open</name>
         <value>0xa780</value>
         <object_component_ref idref="oc-139"/>
      </symbol>
      <symbol id="sm-462">
         <name>__MCBSP_hDev0</name>
         <value>0x1fd58</value>
         <object_component_ref idref="oc-fd"/>
      </symbol>
      <symbol id="sm-463">
         <name>__MCBSP_hDev1</name>
         <value>0x1fd5c</value>
         <object_component_ref idref="oc-fd"/>
      </symbol>
      <symbol id="sm-464">
         <name>_MCBSP_start</name>
         <value>0xa880</value>
         <object_component_ref idref="oc-13a"/>
      </symbol>
      <symbol id="sm-465">
         <name>_MCBSP_rrdy</name>
         <value>0xc860</value>
         <object_component_ref idref="oc-142"/>
      </symbol>
      <symbol id="sm-466">
         <name>_MCBSP_config</name>
         <value>0xbcc0</value>
         <object_component_ref idref="oc-13f"/>
      </symbol>
      <symbol id="sm-467">
         <name>_MCBSP_xrdy</name>
         <value>0xc8a0</value>
         <object_component_ref idref="oc-140"/>
      </symbol>
      <symbol id="sm-468">
         <name>_MCBSP_write</name>
         <value>0xc880</value>
         <object_component_ref idref="oc-141"/>
      </symbol>
      <symbol id="sm-476">
         <name>_DSK6713_init</name>
         <value>0x438c</value>
         <object_component_ref idref="oc-101"/>
      </symbol>
      <symbol id="sm-477">
         <name>_DSK6713_version</name>
         <value>0x1fe14</value>
         <object_component_ref idref="oc-102"/>
      </symbol>
      <symbol id="sm-478">
         <name>_DSK6713_rget</name>
         <value>0x46a8</value>
         <object_component_ref idref="oc-101"/>
      </symbol>
      <symbol id="sm-479">
         <name>_DSK6713_wait</name>
         <value>0x46d0</value>
         <object_component_ref idref="oc-101"/>
      </symbol>
      <symbol id="sm-47a">
         <name>_DSK6713_rset</name>
         <value>0x46bc</value>
         <object_component_ref idref="oc-101"/>
      </symbol>
      <symbol id="sm-47b">
         <name>_DSK6713_waitusec</name>
         <value>0x4728</value>
         <object_component_ref idref="oc-101"/>
      </symbol>
      <symbol id="sm-47c">
         <name>_DSK6713_getVersion</name>
         <value>0x4754</value>
         <object_component_ref idref="oc-101"/>
      </symbol>
      <symbol id="sm-486">
         <name>_DSK6713_AIC23_closeCodec</name>
         <value>0xc440</value>
         <object_component_ref idref="oc-107"/>
      </symbol>
      <symbol id="sm-494">
         <name>_DSK6713_AIC23_codeccontrolhandle</name>
         <value>0x1fdf0</value>
         <object_component_ref idref="oc-10c"/>
      </symbol>
      <symbol id="sm-495">
         <name>_DSK6713_AIC23_codecdatahandle</name>
         <value>0x1fdf4</value>
         <object_component_ref idref="oc-10c"/>
      </symbol>
      <symbol id="sm-496">
         <name>_DSK6713_AIC23_openCodec</name>
         <value>0x6500</value>
         <object_component_ref idref="oc-10b"/>
      </symbol>
      <symbol id="sm-4a4">
         <name>_DSK6713_AIC23_config</name>
         <value>0x9920</value>
         <object_component_ref idref="oc-111"/>
      </symbol>
      <symbol id="sm-4a5">
         <name>_DSK6713_AIC23_rget</name>
         <value>0x98fc</value>
         <object_component_ref idref="oc-111"/>
      </symbol>
      <symbol id="sm-4a6">
         <name>_DSK6713_AIC23_rset</name>
         <value>0x9860</value>
         <object_component_ref idref="oc-111"/>
      </symbol>
      <symbol id="sm-4b4">
         <name>_DSK6713_AIC23_setFreq</name>
         <value>0xbb60</value>
         <object_component_ref idref="oc-117"/>
      </symbol>
      <symbol id="sm-4be">
         <name>_DSK6713_DIP_init</name>
         <value>0xc4c0</value>
         <object_component_ref idref="oc-11d"/>
      </symbol>
      <symbol id="sm-4bf">
         <name>_DSK6713_DIP_get</name>
         <value>0xc4c8</value>
         <object_component_ref idref="oc-11d"/>
      </symbol>
      <symbol id="sm-4cb">
         <name>_DSK6713_LED_init</name>
         <value>0x90e0</value>
         <object_component_ref idref="oc-121"/>
      </symbol>
      <symbol id="sm-4cc">
         <name>_DSK6713_LED_on</name>
         <value>0x9164</value>
         <object_component_ref idref="oc-121"/>
      </symbol>
      <symbol id="sm-4cd">
         <name>_DSK6713_LED_toggle</name>
         <value>0x91c0</value>
         <object_component_ref idref="oc-121"/>
      </symbol>
      <symbol id="sm-4ce">
         <name>_DSK6713_LED_off</name>
         <value>0x9108</value>
         <object_component_ref idref="oc-121"/>
      </symbol>
      <symbol id="sm-4d6">
         <name>__strasg</name>
         <value>0xb400</value>
         <object_component_ref idref="oc-137"/>
      </symbol>
   </symbol_table>
</link_info>
