******************************************************************************
               TMS320C6x Linker PC v7.4.20                     
******************************************************************************
>> Linked Mon Dec 19 14:05:45 2016

OUTPUT FILE NAME:   <S5eAPP5_Accordeur.out>
ENTRY POINT SYMBOL: "_c_int00"  address: 0000c160


MEMORY CONFIGURATION

         name            origin    length      used     unused   attr    fill
----------------------  --------  ---------  --------  --------  ----  --------
  IVECS                 00000000   00000220  00000200  00000020  RWIX
  IRAM                  00000220   0002fde0  0001dff8  00011de8  RWIX
  SDRAM                 80000000   01000000  00000000  01000000  RWIX
  FLASH                 90000000   00020000  00000000  00020000  RWIX


SECTION ALLOCATION MAP

 output                                  attributes/
section   page    origin      length       input sections
--------  ----  ----------  ----------   ----------------
.vectors   0    00000000    00000200     
                  00000000    00000200     Vectors_intr.obj (.vectors)

.bss       0    00000220    00000000     UNINITIALIZED

.text      0    00000220    0000c620     
                  00000220    00000900     rts6700.lib : pow.obj (.text:_pow)
                  00000b20    000007e0     C6713Helper_UdeS.obj (.text)
                  00001300    00000720     rts6700.lib : divd.obj (.text:__divd)
                  00001a20    000006c0                 : _printfi.obj (.text:__getarg_diouxp)
                  000020e0    00000640                 : _printfi.obj (.text:__setfield)
                  00002720    00000560                 : _printfi.obj (.text:__printfi)
                  00002c80    00000560     main_accordeur.obj (.text)
                  000031e0    000004c0     rts6700.lib : fputs.obj (.text:_fputs)
                  000036a0    00000480     dsk6713bsl.lib : dsk6713.obj (.text)
                  00003b20    00000440     findErrAccordage.obj (.text)
                  00003f60    00000420     rts6700.lib : _printfi.obj (.text:_fcvt)
                  00004380    00000400                 : _printfi.obj (.text:__pproc_fge)
                  00004780    00000400                 : _printfi.obj (.text:_ecvt)
                  00004b80    00000380                 : imath64.obj (.text:__divull)
                  00004f00    00000380                 : memory.obj (.text:_free)
                  00005280    00000360                 : _printfi.obj (.text:__pconv_e)
                  000055e0    00000360                 : _printfi.obj (.text:__pproc_fwp)
                  00005940    00000340                 : cos.obj (.text:_cos)
                  00005c80    00000320     dsk6713bsl.lib : dsk6713_aic23_opencodec.obj (.text)
                  00005fa0    00000300     rts6700.lib : divf.obj (.text:__divf)
                  000062a0    00000300                 : _printfi.obj (.text:__pproc_diouxp)
                  000065a0    00000300     getNewCommand.obj (.text)
                  000068a0    00000300     main_accordeur.obj (.text:retain)
                  00006ba0    000002c0     rts6700.lib : _printfi.obj (.text:__pproc_str)
                  00006e60    000002c0                 : setvbuf.obj (.text:_setvbuf)
                  00007120    000002a0                 : _printfi.obj (.text:__pconv_g)
                  000073c0    000002a0                 : fputc.obj (.text:_fputc)
                  00007660    00000260                 : imath40.obj (.text:__divul)
                  000078c0    00000260                 : log.obj (.text:_log)
                  00007b20    00000240                 : _printfi.obj (.text:__mcpy)
                  00007d60    00000240                 : memory.obj (.text:_malloc)
                  00007fa0    00000240                 : memcpy62.obj (.text:_memcpy)
                  000081e0    00000220                 : trgdrv.obj (.text:_HOSTrename)
                  00008400    000001e0                 : lowlev.obj (.text:_getdevice)
                  000085e0    000001c0     csl6713.lib : csl_irq.obj (.text:_IRQ_map)
                  000087a0    000001c0     rts6700.lib : fseek.obj (.text:_fseek)
                  00008960    000001a0     csl6713.lib : csl_mcbsp.obj (.text:_MCBSP_reset)
                  00008b00    000001a0     rts6700.lib : _printfi.obj (.text:__ltostr)
                  00008ca0    000001a0                 : _printfi.obj (.text:__pproc_fflags)
                  00008e40    000001a0                 : ldexp.obj (.text:_ldexp)
                  00008fe0    000001a0     dsk6713bsl.lib : dsk6713_led.obj (.text)
                  00009180    00000160     rts6700.lib : trgdrv.obj (.text:_HOSTlseek)
                  000092e0    00000160                 : fclose.obj (.text:__closefile)
                  00009440    00000160     dsk6713bsl.lib : dsk6713_aic23_registers.obj (.text)
                  000095a0    00000140     rts6700.lib : trgdrv.obj (.text:_HOSTread)
                  000096e0    00000140                 : frcmpyd_div.obj (.text:__frcmpyd_div)
                  00009820    00000140                 : atoi.obj (.text:_atoi)
                  00009960    00000140                 : ltoa.obj (.text:_ltoa)
                  00009aa0    00000120                 : trgdrv.obj (.text:_HOSTopen)
                  00009bc0    00000120                 : trgdrv.obj (.text:_HOSTwrite)
                  00009ce0    00000120                 : _io_perm.obj (.text:__wrt_ok)
                  00009e00    00000120                 : lowlev.obj (.text:_close)
                  00009f20    00000120                 : frexp.obj (.text:_frexp)
                  0000a040    00000120                 : memset.obj (.text:_memset)
                  0000a160    00000120     genCos.obj (.text)
                  0000a280    00000100     rts6700.lib : trgdrv.obj (.text:_HOSTclose)
                  0000a380    00000100                 : trgdrv.obj (.text:_HOSTunlink)
                  0000a480    00000100     csl6713.lib : csl_mcbsp.obj (.text:_MCBSP_open)
                  0000a580    00000100                 : csl_mcbsp.obj (.text:_MCBSP_start)
                  0000a680    00000100     rts6700.lib : autoinit.obj (.text:__auto_init)
                  0000a780    00000100                 : _printfi.obj (.text:__div)
                  0000a880    00000100                 : imath40.obj (.text:__divli)
                  0000a980    00000100                 : _printfi.obj (.text:__pconv_f)
                  0000aa80    00000100                 : remi.obj (.text:__remi)
                  0000ab80    00000100                 : lowlev.obj (.text:_lseek)
                  0000ac80    00000100                 : printf.obj (.text:_printf)
                  0000ad80    00000100                 : lowlev.obj (.text:_write)
                  0000ae80    000000e0                 : fopen.obj (.text:__cleanup)
                  0000af60    000000e0                 : fflush.obj (.text:__doflush)
                  0000b040    000000e0                 : _printfi.obj (.text:__ecpy)
                  0000b120    000000e0                 : _printfi.obj (.text:__fcpy)
                  0000b200    000000e0                 : round.obj (.text:__nround)
                  0000b2e0    000000e0                 : strasg.obj (.text:__strasg)
                  0000b3c0    000000e0                 : exit.obj (.text:_exit)
                  0000b4a0    000000e0                 : memory.obj (.text:_minsert)
                  0000b580    000000e0                 : modf.obj (.text:_modf)
                  0000b660    000000e0                 : memory.obj (.text:_mremove)
                  0000b740    000000c0                 : divu.obj (.text:__divu)
                  0000b800    000000c0                 : cpy_tbl.obj (.text:_copy_in)
                  0000b8c0    000000c0                 : lowlev.obj (.text:_finddevice)
                  0000b980    000000c0     dsk6713bsl.lib : dsk6713_aic23_setfreq.obj (.text)
                  0000ba40    000000a0     csl6713.lib : csl_mcbsp.obj (.text:_MCBSP_close)
                  0000bae0    000000a0                 : csl_mcbsp.obj (.text:_MCBSP_config)
                  0000bb80    000000a0     rts6700.lib : fixdli.obj (.text:__fixdli)
                  0000bc20    000000a0                 : mpyll.obj (.text:__mpyll)
                  0000bcc0    000000a0                 : imath40.obj (.text:__remli)
                  0000bd60    000000a0                 : trgmsg.obj (.text:_readmsg)
                  0000be00    000000a0     csl6713.lib : csl_irq.obj (.text:_setMux)
                  0000bea0    000000a0     rts6700.lib : lowlev.obj (.text:_unlink)
                  0000bf40    000000a0                 : trgmsg.obj (.text:_writemsg)
                  0000bfe0    00000080                 : cpp_init.obj (.text:___TI_cpp_init)
                  0000c060    00000080                 : fltlid.obj (.text:__fltlid)
                  0000c0e0    00000080                 : llshift.obj (.text:__llshl)
                  0000c160    00000080                 : boot.obj (.text:_c_int00)
                  0000c1e0    00000080                 : log10.obj (.text:_log10)
                  0000c260    00000080                 : memccpy.obj (.text:_memccpy)
                  0000c2e0    00000080     dsk6713bsl.lib : dsk6713_aic23_closecodec.obj (.text)
                  0000c360    00000080                    : dsk6713_dip.obj (.text)
                  0000c3e0    00000060     rts6700.lib : isinf.obj (.text:___isinf)
                  0000c440    00000060                 : llshift.obj (.text:__llshru)
                  0000c4a0    00000060                 : imath64.obj (.text:__subcull)
                  0000c500    00000040     csl6713.lib : csl_irq.obj (.text:_IRQ_enable)
                  0000c540    00000040                 : csl_irq.obj (.text:_IRQ_reset)
                  0000c580    00000040     rts6700.lib : _printfi.obj (.text:___isnan)
                  0000c5c0    00000040                 : args_main.obj (.text:__args_main)
                  0000c600    00000040                 : trunc.obj (.text:__trunc)
                  0000c640    00000020     Vectors_intr.obj (.text)
                  0000c660    00000020     csl6713.lib : csl_irq.obj (.text:_IRQ_globalDisable)
                  0000c680    00000020                 : csl_irq.obj (.text:_IRQ_globalEnable)
                  0000c6a0    00000020                 : csl_irq.obj (.text:_IRQ_nmiEnable)
                  0000c6c0    00000020                 : csl_mcbsp.obj (.text:_MCBSP_getXmtEventId)
                  0000c6e0    00000020                 : csl_mcbsp.obj (.text:_MCBSP_read)
                  0000c700    00000020                 : csl_mcbsp.obj (.text:_MCBSP_rrdy)
                  0000c720    00000020                 : csl_mcbsp.obj (.text:_MCBSP_write)
                  0000c740    00000020                 : csl_mcbsp.obj (.text:_MCBSP_xrdy)
                  0000c760    00000020     rts6700.lib : negll.obj (.text:__negll)
                  0000c780    00000020                 : _lock.obj (.text:__nop)
                  0000c7a0    00000020                 : printf.obj (.text:__outc)
                  0000c7c0    00000020                 : printf.obj (.text:__outs)
                  0000c7e0    00000020                 : exit.obj (.text:_abort)
                  0000c800    00000020                 : remove.obj (.text:_remove)
                  0000c820    00000020     csl6713.lib : csl_irq.obj (.text)

.stack     0    0000c840    00008000     UNINITIALIZED
                  0000c840    00000008     rts6700.lib : boot.obj (.stack)
                  0000c848    00007ff8     --HOLE--

.sysmem    0    00014840    00008000     UNINITIALIZED
                  00014840    00000008     rts6700.lib : memory.obj (.sysmem)
                  00014848    00007ff8     --HOLE--

.far       0    0001c840    00000c20     UNINITIALIZED
                  0001c840    00000440     main_accordeur.obj (.far)
                  0001cc80    00000324     rts6700.lib : defs.obj (.far)
                  0001cfa4    00000004                 : errno.obj (.far)
                  0001cfa8    00000120                 : pow.obj (.far)
                  0001d0c8    0000011c                 : lowlev.obj (.far)
                  0001d1e4    000000f4     csl6713.lib : csl_irq.obj (.far)
                  0001d2d8    00000058     C6713Helper_UdeS.obj (.far)
                  0001d330    00000040     rts6700.lib : cos.obj (.far)
                  0001d370    00000038     csl6713.lib : csl_mcbsp.obj (.far)
                  0001d3a8    00000030     rts6700.lib : log.obj (.far)
                  0001d3d8    00000028     dsk6713bsl.lib : dsk6713_aic23_registers.obj (.far)
                  0001d400    00000020                    : dsk6713_aic23_setfreq.obj (.far)
                  0001d420    0000000c     getNewCommand.obj (.far)
                  0001d42c    0000000c     rts6700.lib : exit.obj (.far)
                  0001d438    00000008     dsk6713bsl.lib : dsk6713_aic23_opencodec.obj (.far)
                  0001d440    00000008     rts6700.lib : _lock.obj (.far)
                  0001d448    00000008                 : memory.obj (.far)
                  0001d450    00000008                 : trgdrv.obj (.far)
                  0001d458    00000004                 : fopen.obj (.far)
                  0001d45c    00000002     dsk6713bsl.lib : dsk6713.obj (.far)
                  0001d45e    00000002                    : dsk6713_led.obj (.far)

.const     0    0001d460    00000684     
                  0001d460    00000400     findErrAccordage.obj (.const:_FENETRE_HAN)
                  0001d860    00000101     rts6700.lib : ctype.obj (.const:.string:__ctypes_)
                  0001d961    00000002                 : fputs.obj (.const:.string)
                  0001d963    00000001     --HOLE-- [fill = 0]
                  0001d964    000000c8     main_accordeur.obj (.const:.string)
                  0001da2c    00000040     dsk6713bsl.lib : dsk6713_aic23_opencodec.obj (.const)
                  0001da6c    00000023     rts6700.lib : _printfi.obj (.const:.string)
                  0001da8f    00000001     --HOLE-- [fill = 0]
                  0001da90    00000020     dsk6713bsl.lib : dsk6713.obj (.const)
                  0001dab0    00000018     main_accordeur.obj (.const:_F0_NOMINAL)
                  0001dac8    00000014     main_accordeur.obj (.const:_$P$T0$2)
                  0001dadc    00000004     genCos.obj (.const)
                  0001dae0    00000004     getNewCommand.obj (.const)

.cinit     0    0001dae8    00000604     
                  0001dae8    00000140     rts6700.lib : pow.obj (.cinit)
                  0001dc28    0000012c     csl6713.lib : csl_irq.obj (.cinit)
                  0001dd54    00000004     --HOLE-- [fill = 0]
                  0001dd58    0000006c     main_accordeur.obj (.cinit)
                  0001ddc4    00000004     --HOLE-- [fill = 0]
                  0001ddc8    0000005c     rts6700.lib : defs.obj (.cinit)
                  0001de24    00000004     --HOLE-- [fill = 0]
                  0001de28    0000005c                 : lowlev.obj (.cinit)
                  0001de84    00000004     --HOLE-- [fill = 0]
                  0001de88    00000058     C6713Helper_UdeS.obj (.cinit)
                  0001dee0    00000054     csl6713.lib : csl_mcbsp.obj (.cinit)
                  0001df34    00000004     --HOLE-- [fill = 0]
                  0001df38    00000048     rts6700.lib : cos.obj (.cinit)
                  0001df80    00000040                 : log.obj (.cinit)
                  0001dfc0    00000030     dsk6713bsl.lib : dsk6713_aic23_registers.obj (.cinit)
                  0001dff0    0000002c     getNewCommand.obj (.cinit)
                  0001e01c    00000004     --HOLE-- [fill = 0]
                  0001e020    0000002c     rts6700.lib : exit.obj (.cinit)
                  0001e04c    00000004     --HOLE-- [fill = 0]
                  0001e050    0000002c                 : memory.obj (.cinit)
                  0001e07c    00000004     --HOLE-- [fill = 0]
                  0001e080    00000028     dsk6713bsl.lib : dsk6713_aic23_setfreq.obj (.cinit)
                  0001e0a8    0000001c     rts6700.lib : _lock.obj (.cinit)
                  0001e0c4    00000004     --HOLE-- [fill = 0]
                  0001e0c8    0000000c                 : errno.obj (.cinit)
                  0001e0d4    00000004     --HOLE-- [fill = 0]
                  0001e0d8    0000000c                 : fopen.obj (.cinit)
                  0001e0e4    00000004     --HOLE-- [fill = 0]
                  0001e0e8    00000004     (.pad.cinit) [fill = 0]

.cio       0    0001e0ec    00000120     UNINITIALIZED
                  0001e0ec    00000120     rts6700.lib : trgmsg.obj (.cio)

.switch    0    0001e20c    00000010     
                  0001e20c    00000010     main_accordeur.obj (.switch:_getCommandes)


GLOBAL SYMBOLS: SORTED ALPHABETICALLY BY Name 

address    name
--------   ----
00000220   $bss
00000220   .bss
00000220   .text
0000c7e0   C$$EXIT
0000bfb8   C$$IO$$
0001d30c   _AIC23CfgData
0001cc70   _AIC23_data
0001d2e0   _AIC_data
00000b54   _CODEC_start
00000c20   _CODEC_stop
0001c858   _Commandes
0000c2e0   _DSK6713_AIC23_closeCodec
0001d438   _DSK6713_AIC23_codeccontrolhandle
0001d43c   _DSK6713_AIC23_codecdatahandle
00009500   _DSK6713_AIC23_config
00005c80   _DSK6713_AIC23_openCodec
000094dc   _DSK6713_AIC23_rget
00009440   _DSK6713_AIC23_rset
0000b980   _DSK6713_AIC23_setFreq
0000c368   _DSK6713_DIP_get
0000c360   _DSK6713_DIP_init
00008fe0   _DSK6713_LED_init
00009008   _DSK6713_LED_off
00009064   _DSK6713_LED_on
000090c0   _DSK6713_LED_toggle
00003ab4   _DSK6713_getVersion
000036ec   _DSK6713_init
00003a08   _DSK6713_rget
00003a1c   _DSK6713_rset
0001d45c   _DSK6713_version
00003a30   _DSK6713_wait
00003a88   _DSK6713_waitusec
0001c840   _DeltaAngle
0001dab0   _F0_NOMINAL
0001d460   _FENETRE_HAN
0000a280   _HOSTclose
00009180   _HOSTlseek
00009aa0   _HOSTopen
000095a0   _HOSTread
000081e0   _HOSTrename
0000a380   _HOSTunlink
00009bc0   _HOSTwrite
0000c500   _IRQ_enable
0000c660   _IRQ_globalDisable
0000c680   _IRQ_globalEnable
000085e0   _IRQ_map
0000c6a0   _IRQ_nmiEnable
0000c540   _IRQ_reset
0001dae0   _L_ATTENTE
0000ba40   _MCBSP_close
0000bae0   _MCBSP_config
0000c6c0   _MCBSP_getXmtEventId
0000a480   _MCBSP_open
0000c6e0   _MCBSP_read
00008960   _MCBSP_reset
0000c700   _MCBSP_rrdy
0000a580   _MCBSP_start
0000c720   _MCBSP_write
0000c740   _MCBSP_xrdy
0001dadc   _PI
0001e0ec   __CIOBUF_
0001d2d0   __IRQ_dispatchTable
0001d20c   __IRQ_eventTable
0000c820   __IRQ_hookFetchPacket
0001d290   __IRQ_intTable
0001d3a0   __MCBSP_hDev0
0001d3a4   __MCBSP_hDev1
00014840   __STACK_END
00008000   __STACK_SIZE
00008000   __SYSMEM_SIZE
00000001   __TI_args_main
0000bfe0   ___TI_cpp_init
0001d434   ___TI_enable_exit_profile_output
ffffffff   ___TI_pprof_out_hndl
ffffffff   ___TI_prof_data_size
ffffffff   ___TI_prof_data_start
ffffffff   ___binit__
00000220   ___bss__
ffffffff   ___c_args__
0001dae8   ___cinit__
00000220   ___end__
0000c840   ___etext__
0000c3e0   ___isinf
ffffffff   ___pinit__
00000220   ___text__
0000c5c0   __args_main
0000a680   __auto_init
0000b740   __c6xabi_divu
0000aa80   __c6xabi_remi
0000ae80   __cleanup
0001d42c   __cleanup_ptr
000092e0   __closefile
0001d860   __ctypes_
00001300   __divd
00005fa0   __divf
0000a880   __divli
0000b740   __divu
00007660   __divul
00004b80   __divull
0000af60   __doflush
0001d430   __dtors_ptr
0000bb80   __fixdli
0000c060   __fltlid
000096e0   __frcmpyd_div
0001cfa0   __ft_end
0001cc80   __ftable
0000c0e0   __llshl
0000c440   __llshru
0001d440   __lock
0000bc20   __mpyll
0000c760   __negll
0000c780   __nop
0000b200   __nround
00002720   __printfi
0000aa80   __remi
0000bcc0   __remli
0000c840   __stack
0000b2e0   __strasg
0000c4a0   __subcull
00014840   __sys_memory
0001ce60   __tmpnams
0000c600   __trunc
0001d444   __unlock
00009ce0   __wrt_ok
0000c7e0   _abort
00002e0c   _afficherMenu
00002eb0   _ajusterLED
00009820   _atoi
00002d3c   _attendre
0000c160   _c_int00
000068a0   _c_int11
00009e00   _close
000011c0   _comm_intr
00000b20   _comm_poll
0001d2e4   _config
0000b800   _copy_in
00005940   _cos
0001cc64   _errAccordement
0001cfa4   _errno
0000b3c0   _exit
00003cf0   _faireAutocorr
00003b20   _findErrAccordage
0000a160   _fixAngle
000073c0   _fputc
000031e0   _fputs
00004f00   _free
00009f20   _frexp
0001cc68   _fs
000087a0   _fseek
0000a1dc   _genCos
00003108   _genFrqCos
000031b4   _genFrq_methode2
00002f7c   _getCommandes
00006800   _getDipAppuyee
00003e08   _getF0
000065a0   _getNewCommand
0001d32c   _hAIC23_handle
00002da8   _initAccordeur
00001030   _input_left_sample
000010f8   _input_right_sample
00000f2c   _input_sample
0001cc6c   _inputsource
00008e40   _ldexp
000078c0   _log
0000c1e0   _log10
0000ab80   _lseek
00009960   _ltoa
00002c80   _main
00007d60   _malloc
000030e0   _max
0000c260   _memccpy
00007fa0   _memcpy
0000a040   _memset
000030b8   _min
0000b580   _modf
0001cc60   _noEchFilt
00000d6c   _output_left_sample
00000e4c   _output_right_sample
00000c50   _output_sample
00000220   _pow
0000ac80   _printf
000073c0   _putc
0000bd60   _readmsg
0000c800   _remove
00006e60   _setvbuf
0001c860   _tamponEchFilt
0000bea0   _unlink
00000020   _vector1
00000140   _vector10
00000180   _vector12
000001a0   _vector13
000001c0   _vector14
000001e0   _vector15
00000040   _vector2
00000060   _vector3
00000080   _vector4
000000a0   _vector5
000000c0   _vector6
000000e0   _vector7
00000100   _vector8
00000120   _vector9
00000000   _vectors
0000ad80   _write
0000bf40   _writemsg
ffffffff   binit
0001dae8   cinit
00000220   end
0000c840   etext
ffffffff   pinit


GLOBAL SYMBOLS: SORTED BY Symbol Address 

address    name
--------   ----
00000000   _vectors
00000001   __TI_args_main
00000020   _vector1
00000040   _vector2
00000060   _vector3
00000080   _vector4
000000a0   _vector5
000000c0   _vector6
000000e0   _vector7
00000100   _vector8
00000120   _vector9
00000140   _vector10
00000180   _vector12
000001a0   _vector13
000001c0   _vector14
000001e0   _vector15
00000220   $bss
00000220   .bss
00000220   .text
00000220   ___bss__
00000220   ___end__
00000220   ___text__
00000220   _pow
00000220   end
00000b20   _comm_poll
00000b54   _CODEC_start
00000c20   _CODEC_stop
00000c50   _output_sample
00000d6c   _output_left_sample
00000e4c   _output_right_sample
00000f2c   _input_sample
00001030   _input_left_sample
000010f8   _input_right_sample
000011c0   _comm_intr
00001300   __divd
00002720   __printfi
00002c80   _main
00002d3c   _attendre
00002da8   _initAccordeur
00002e0c   _afficherMenu
00002eb0   _ajusterLED
00002f7c   _getCommandes
000030b8   _min
000030e0   _max
00003108   _genFrqCos
000031b4   _genFrq_methode2
000031e0   _fputs
000036ec   _DSK6713_init
00003a08   _DSK6713_rget
00003a1c   _DSK6713_rset
00003a30   _DSK6713_wait
00003a88   _DSK6713_waitusec
00003ab4   _DSK6713_getVersion
00003b20   _findErrAccordage
00003cf0   _faireAutocorr
00003e08   _getF0
00004b80   __divull
00004f00   _free
00005940   _cos
00005c80   _DSK6713_AIC23_openCodec
00005fa0   __divf
000065a0   _getNewCommand
00006800   _getDipAppuyee
000068a0   _c_int11
00006e60   _setvbuf
000073c0   _fputc
000073c0   _putc
00007660   __divul
000078c0   _log
00007d60   _malloc
00007fa0   _memcpy
00008000   __STACK_SIZE
00008000   __SYSMEM_SIZE
000081e0   _HOSTrename
000085e0   _IRQ_map
000087a0   _fseek
00008960   _MCBSP_reset
00008e40   _ldexp
00008fe0   _DSK6713_LED_init
00009008   _DSK6713_LED_off
00009064   _DSK6713_LED_on
000090c0   _DSK6713_LED_toggle
00009180   _HOSTlseek
000092e0   __closefile
00009440   _DSK6713_AIC23_rset
000094dc   _DSK6713_AIC23_rget
00009500   _DSK6713_AIC23_config
000095a0   _HOSTread
000096e0   __frcmpyd_div
00009820   _atoi
00009960   _ltoa
00009aa0   _HOSTopen
00009bc0   _HOSTwrite
00009ce0   __wrt_ok
00009e00   _close
00009f20   _frexp
0000a040   _memset
0000a160   _fixAngle
0000a1dc   _genCos
0000a280   _HOSTclose
0000a380   _HOSTunlink
0000a480   _MCBSP_open
0000a580   _MCBSP_start
0000a680   __auto_init
0000a880   __divli
0000aa80   __c6xabi_remi
0000aa80   __remi
0000ab80   _lseek
0000ac80   _printf
0000ad80   _write
0000ae80   __cleanup
0000af60   __doflush
0000b200   __nround
0000b2e0   __strasg
0000b3c0   _exit
0000b580   _modf
0000b740   __c6xabi_divu
0000b740   __divu
0000b800   _copy_in
0000b980   _DSK6713_AIC23_setFreq
0000ba40   _MCBSP_close
0000bae0   _MCBSP_config
0000bb80   __fixdli
0000bc20   __mpyll
0000bcc0   __remli
0000bd60   _readmsg
0000bea0   _unlink
0000bf40   _writemsg
0000bfb8   C$$IO$$
0000bfe0   ___TI_cpp_init
0000c060   __fltlid
0000c0e0   __llshl
0000c160   _c_int00
0000c1e0   _log10
0000c260   _memccpy
0000c2e0   _DSK6713_AIC23_closeCodec
0000c360   _DSK6713_DIP_init
0000c368   _DSK6713_DIP_get
0000c3e0   ___isinf
0000c440   __llshru
0000c4a0   __subcull
0000c500   _IRQ_enable
0000c540   _IRQ_reset
0000c5c0   __args_main
0000c600   __trunc
0000c660   _IRQ_globalDisable
0000c680   _IRQ_globalEnable
0000c6a0   _IRQ_nmiEnable
0000c6c0   _MCBSP_getXmtEventId
0000c6e0   _MCBSP_read
0000c700   _MCBSP_rrdy
0000c720   _MCBSP_write
0000c740   _MCBSP_xrdy
0000c760   __negll
0000c780   __nop
0000c7e0   C$$EXIT
0000c7e0   _abort
0000c800   _remove
0000c820   __IRQ_hookFetchPacket
0000c840   ___etext__
0000c840   __stack
0000c840   etext
00014840   __STACK_END
00014840   __sys_memory
0001c840   _DeltaAngle
0001c858   _Commandes
0001c860   _tamponEchFilt
0001cc60   _noEchFilt
0001cc64   _errAccordement
0001cc68   _fs
0001cc6c   _inputsource
0001cc70   _AIC23_data
0001cc80   __ftable
0001ce60   __tmpnams
0001cfa0   __ft_end
0001cfa4   _errno
0001d20c   __IRQ_eventTable
0001d290   __IRQ_intTable
0001d2d0   __IRQ_dispatchTable
0001d2e0   _AIC_data
0001d2e4   _config
0001d30c   _AIC23CfgData
0001d32c   _hAIC23_handle
0001d3a0   __MCBSP_hDev0
0001d3a4   __MCBSP_hDev1
0001d42c   __cleanup_ptr
0001d430   __dtors_ptr
0001d434   ___TI_enable_exit_profile_output
0001d438   _DSK6713_AIC23_codeccontrolhandle
0001d43c   _DSK6713_AIC23_codecdatahandle
0001d440   __lock
0001d444   __unlock
0001d45c   _DSK6713_version
0001d460   _FENETRE_HAN
0001d860   __ctypes_
0001dab0   _F0_NOMINAL
0001dadc   _PI
0001dae0   _L_ATTENTE
0001dae8   ___cinit__
0001dae8   cinit
0001e0ec   __CIOBUF_
ffffffff   ___TI_pprof_out_hndl
ffffffff   ___TI_prof_data_size
ffffffff   ___TI_prof_data_start
ffffffff   ___binit__
ffffffff   ___c_args__
ffffffff   ___pinit__
ffffffff   binit
ffffffff   pinit

[209 symbols]
