******************************************************************************
               TMS320C6x Linker PC v7.4.4                      
******************************************************************************
>> Linked Mon Oct 31 17:42:39 2016

OUTPUT FILE NAME:   <S5eAPP5_Accordeur3.out>
ENTRY POINT SYMBOL: "_c_int00"  address: 0000c340


MEMORY CONFIGURATION

         name            origin    length      used     unused   attr    fill
----------------------  --------  ---------  --------  --------  ----  --------
  IVECS                 00000000   00000220  00000200  00000020  RWIX
  IRAM                  00000220   0002fde0  00020da0  0000f040  RWIX
  SDRAM                 80000000   01000000  00000000  01000000  RWIX
  FLASH                 90000000   00020000  00000000  00020000  RWIX


SECTION ALLOCATION MAP

 output                                  attributes/
section   page    origin      length       input sections
--------  ----  ----------  ----------   ----------------
.vectors   0    00000000    00000200     
                  00000000    00000200     Vectors_intr.obj (.vectors)

.text      0    00000220    0000c780     
                  00000220    00000980     rts6700.lib : pow.obj (.text:_pow)
                  00000ba0    000007e0     C6713Helper_UdeS.obj (.text)
                  00001380    00000720     rts6700.lib : divd.obj (.text:__divd)
                  00001aa0    00000700     main_accordeur.obj (.text)
                  000021a0    000006c0     rts6700.lib : _printfi.obj (.text:__getarg_diouxp)
                  00002860    00000640     dsp67x.lib : DSPF_sp_icfftr2_dif.obj (.text)
                  00002ea0    000005a0     rts6700.lib : _printfi.obj (.text:__setfield)
                  00003440    00000560                 : _printfi.obj (.text:__printfi)
                  000039a0    000004e0     dsp67x.lib : DSPF_sp_cfftr2_dit.obj (.text)
                  00003e80    000004c0     rts6700.lib : fputs.obj (.text:_fputs)
                  00004340    00000480     dsk6713bsl.lib : dsk6713.obj (.text)
                  000047c0    00000420     rts6700.lib : _printfi.obj (.text:_fcvt)
                  00004be0    00000400                 : _printfi.obj (.text:__pproc_fge)
                  00004fe0    00000400                 : _printfi.obj (.text:_ecvt)
                  000053e0    00000380                 : imath64.obj (.text:__divull)
                  00005760    00000380                 : memory.obj (.text:_free)
                  00005ae0    00000360                 : _printfi.obj (.text:__pconv_e)
                  00005e40    00000360                 : _printfi.obj (.text:__pproc_fwp)
                  000061a0    00000360                 : cos.obj (.text:_cos)
                  00006500    00000320     dsk6713bsl.lib : dsk6713_aic23_opencodec.obj (.text)
                  00006820    00000300     rts6700.lib : _printfi.obj (.text:__pproc_diouxp)
                  00006b20    00000300     getNewCommand.obj (.text)
                  00006e20    000002c0     rts6700.lib : _printfi.obj (.text:__pconv_g)
                  000070e0    000002c0                 : _printfi.obj (.text:__pproc_str)
                  000073a0    000002a0                 : fputc.obj (.text:_fputc)
                  00007640    000002a0                 : setvbuf.obj (.text:_setvbuf)
                  000078e0    00000280     main_accordeur.obj (.text:retain)
                  00007b60    00000260     rts6700.lib : imath40.obj (.text:__divul)
                  00007dc0    00000240                 : _printfi.obj (.text:__mcpy)
                  00008000    00000240                 : memory.obj (.text:_malloc)
                  00008240    00000240                 : memcpy62.obj (.text:_memcpy)
                  00008480    00000220                 : trgdrv.obj (.text:_HOSTrename)
                  000086a0    000001e0                 : lowlev.obj (.text:_getdevice)
                  00008880    000001c0     csl6713.lib : csl_irq.obj (.text:_IRQ_map)
                  00008a40    000001c0     rts6700.lib : fseek.obj (.text:_fseek)
                  00008c00    000001a0     csl6713.lib : csl_mcbsp.obj (.text:_MCBSP_reset)
                  00008da0    000001a0     rts6700.lib : _printfi.obj (.text:__ltostr)
                  00008f40    000001a0                 : _printfi.obj (.text:__pproc_fflags)
                  000090e0    000001a0     dsk6713bsl.lib : dsk6713_led.obj (.text)
                  00009280    000001a0     genCos.obj (.text)
                  00009420    00000180     rts6700.lib : ldexp.obj (.text:_ldexp)
                  000095a0    00000160                 : trgdrv.obj (.text:_HOSTlseek)
                  00009700    00000160                 : fclose.obj (.text:__closefile)
                  00009860    00000160     dsk6713bsl.lib : dsk6713_aic23_registers.obj (.text)
                  000099c0    00000140     rts6700.lib : trgdrv.obj (.text:_HOSTread)
                  00009b00    00000140                 : frcmpyd_div.obj (.text:__frcmpyd_div)
                  00009c40    00000140                 : atoi.obj (.text:_atoi)
                  00009d80    00000140                 : frexp.obj (.text:_frexp)
                  00009ec0    00000120                 : trgdrv.obj (.text:_HOSTopen)
                  00009fe0    00000120                 : trgdrv.obj (.text:_HOSTwrite)
                  0000a100    00000120                 : _io_perm.obj (.text:__wrt_ok)
                  0000a220    00000120                 : lowlev.obj (.text:_close)
                  0000a340    00000120                 : ltoa.obj (.text:_ltoa)
                  0000a460    00000120                 : memset.obj (.text:_memset)
                  0000a580    00000100                 : trgdrv.obj (.text:_HOSTclose)
                  0000a680    00000100                 : trgdrv.obj (.text:_HOSTunlink)
                  0000a780    00000100     csl6713.lib : csl_mcbsp.obj (.text:_MCBSP_open)
                  0000a880    00000100                 : csl_mcbsp.obj (.text:_MCBSP_start)
                  0000a980    00000100     rts6700.lib : autoinit.obj (.text:__auto_init)
                  0000aa80    00000100                 : _printfi.obj (.text:__div)
                  0000ab80    00000100                 : imath40.obj (.text:__divli)
                  0000ac80    00000100                 : _printfi.obj (.text:__pconv_f)
                  0000ad80    00000100                 : lowlev.obj (.text:_lseek)
                  0000ae80    00000100                 : printf.obj (.text:_printf)
                  0000af80    00000100                 : lowlev.obj (.text:_write)
                  0000b080    000000e0                 : fopen.obj (.text:__cleanup)
                  0000b160    000000e0                 : fflush.obj (.text:__doflush)
                  0000b240    000000e0                 : _printfi.obj (.text:__ecpy)
                  0000b320    000000e0                 : _printfi.obj (.text:__fcpy)
                  0000b400    000000e0                 : strasg.obj (.text:__strasg)
                  0000b4e0    000000e0                 : exit.obj (.text:_exit)
                  0000b5c0    000000e0                 : memory.obj (.text:_minsert)
                  0000b6a0    000000e0                 : modf.obj (.text:_modf)
                  0000b780    000000e0                 : memory.obj (.text:_mremove)
                  0000b860    000000c0                 : divu.obj (.text:__divu)
                  0000b920    000000c0                 : round.obj (.text:__nround)
                  0000b9e0    000000c0                 : cpy_tbl.obj (.text:_copy_in)
                  0000baa0    000000c0                 : lowlev.obj (.text:_finddevice)
                  0000bb60    000000c0     dsk6713bsl.lib : dsk6713_aic23_setfreq.obj (.text)
                  0000bc20    000000a0     csl6713.lib : csl_mcbsp.obj (.text:_MCBSP_close)
                  0000bcc0    000000a0                 : csl_mcbsp.obj (.text:_MCBSP_config)
                  0000bd60    000000a0     rts6700.lib : fixdli.obj (.text:__fixdli)
                  0000be00    000000a0                 : mpyll.obj (.text:__mpyll)
                  0000bea0    000000a0                 : imath40.obj (.text:__remli)
                  0000bf40    000000a0                 : trgmsg.obj (.text:_readmsg)
                  0000bfe0    000000a0     csl6713.lib : csl_irq.obj (.text:_setMux)
                  0000c080    000000a0     rts6700.lib : lowlev.obj (.text:_unlink)
                  0000c120    000000a0                 : trgmsg.obj (.text:_writemsg)
                  0000c1c0    00000080                 : cpp_init.obj (.text:___TI_cpp_init)
                  0000c240    00000080                 : fltlid.obj (.text:__fltlid)
                  0000c2c0    00000080                 : llshift.obj (.text:__llshl)
                  0000c340    00000080                 : boot.obj (.text:_c_int00)
                  0000c3c0    00000080                 : memccpy.obj (.text:_memccpy)
                  0000c440    00000080     dsk6713bsl.lib : dsk6713_aic23_closecodec.obj (.text)
                  0000c4c0    00000080                    : dsk6713_dip.obj (.text)
                  0000c540    00000060     rts6700.lib : isinf.obj (.text:___isinf)
                  0000c5a0    00000060                 : llshift.obj (.text:__llshru)
                  0000c600    00000060                 : imath64.obj (.text:__subcull)
                  0000c660    00000040     csl6713.lib : csl_irq.obj (.text:_IRQ_enable)
                  0000c6a0    00000040                 : csl_irq.obj (.text:_IRQ_reset)
                  0000c6e0    00000040     rts6700.lib : _printfi.obj (.text:___isnan)
                  0000c720    00000040                 : args_main.obj (.text:__args_main)
                  0000c760    00000040                 : trunc.obj (.text:__trunc)
                  0000c7a0    00000020     Vectors_intr.obj (.text)
                  0000c7c0    00000020     csl6713.lib : csl_irq.obj (.text:_IRQ_globalDisable)
                  0000c7e0    00000020                 : csl_irq.obj (.text:_IRQ_globalEnable)
                  0000c800    00000020                 : csl_irq.obj (.text:_IRQ_nmiEnable)
                  0000c820    00000020                 : csl_mcbsp.obj (.text:_MCBSP_getXmtEventId)
                  0000c840    00000020                 : csl_mcbsp.obj (.text:_MCBSP_read)
                  0000c860    00000020                 : csl_mcbsp.obj (.text:_MCBSP_rrdy)
                  0000c880    00000020                 : csl_mcbsp.obj (.text:_MCBSP_write)
                  0000c8a0    00000020                 : csl_mcbsp.obj (.text:_MCBSP_xrdy)
                  0000c8c0    00000020     rts6700.lib : negll.obj (.text:__negll)
                  0000c8e0    00000020                 : _lock.obj (.text:__nop)
                  0000c900    00000020                 : printf.obj (.text:__outc)
                  0000c920    00000020                 : printf.obj (.text:__outs)
                  0000c940    00000020                 : exit.obj (.text:_abort)
                  0000c960    00000020                 : remove.obj (.text:_remove)
                  0000c980    00000020     csl6713.lib : csl_irq.obj (.text)

.bss       0    00000220    00000000     UNINITIALIZED

.stack     0    0000c9a0    00008000     UNINITIALIZED
                  0000c9a0    00000008     rts6700.lib : boot.obj (.stack)
                  0000c9a8    00007ff8     --HOLE--

.sysmem    0    000149a0    00008000     UNINITIALIZED
                  000149a0    00000008     rts6700.lib : memory.obj (.sysmem)
                  000149a8    00007ff8     --HOLE--

.far       0    0001c9a0    00003478     UNINITIALIZED
                  0001c9a0    00002840     findErrAccordage.obj (.far)
                  0001f1e0    00000458     main_accordeur.obj (.far)
                  0001f638    00000324     rts6700.lib : defs.obj (.far)
                  0001f95c    00000004                 : errno.obj (.far)
                  0001f960    00000120                 : pow.obj (.far)
                  0001fa80    0000011c                 : lowlev.obj (.far)
                  0001fb9c    000000f4     csl6713.lib : csl_irq.obj (.far)
                  0001fc90    00000058     C6713Helper_UdeS.obj (.far)
                  0001fce8    00000040     rts6700.lib : cos.obj (.far)
                  0001fd28    00000038     csl6713.lib : csl_mcbsp.obj (.far)
                  0001fd60    00000030     rts6700.lib : log.obj (.far)
                  0001fd90    00000028     dsk6713bsl.lib : dsk6713_aic23_registers.obj (.far)
                  0001fdb8    00000020                    : dsk6713_aic23_setfreq.obj (.far)
                  0001fdd8    0000000c     getNewCommand.obj (.far)
                  0001fde4    0000000c     rts6700.lib : exit.obj (.far)
                  0001fdf0    00000008     dsk6713bsl.lib : dsk6713_aic23_opencodec.obj (.far)
                  0001fdf8    00000008     rts6700.lib : _lock.obj (.far)
                  0001fe00    00000008                 : memory.obj (.far)
                  0001fe08    00000008                 : trgdrv.obj (.far)
                  0001fe10    00000004                 : fopen.obj (.far)
                  0001fe14    00000002     dsk6713bsl.lib : dsk6713.obj (.far)
                  0001fe16    00000002                    : dsk6713_led.obj (.far)

.cinit     0    0001fe18    00000e0c     
                  0001fe18    00000808     findErrAccordage.obj (.cinit)
                  00020620    00000140     rts6700.lib : pow.obj (.cinit)
                  00020760    0000012c     csl6713.lib : csl_irq.obj (.cinit)
                  0002088c    00000004     --HOLE-- [fill = 0]
                  00020890    0000006c     main_accordeur.obj (.cinit)
                  000208fc    00000004     --HOLE-- [fill = 0]
                  00020900    0000005c     rts6700.lib : defs.obj (.cinit)
                  0002095c    00000004     --HOLE-- [fill = 0]
                  00020960    0000005c                 : lowlev.obj (.cinit)
                  000209bc    00000004     --HOLE-- [fill = 0]
                  000209c0    00000058     C6713Helper_UdeS.obj (.cinit)
                  00020a18    00000054     csl6713.lib : csl_mcbsp.obj (.cinit)
                  00020a6c    00000004     --HOLE-- [fill = 0]
                  00020a70    00000048     rts6700.lib : cos.obj (.cinit)
                  00020ab8    00000040                 : log.obj (.cinit)
                  00020af8    00000030     dsk6713bsl.lib : dsk6713_aic23_registers.obj (.cinit)
                  00020b28    0000002c     getNewCommand.obj (.cinit)
                  00020b54    00000004     --HOLE-- [fill = 0]
                  00020b58    0000002c     rts6700.lib : exit.obj (.cinit)
                  00020b84    00000004     --HOLE-- [fill = 0]
                  00020b88    0000002c                 : memory.obj (.cinit)
                  00020bb4    00000004     --HOLE-- [fill = 0]
                  00020bb8    00000028     dsk6713bsl.lib : dsk6713_aic23_setfreq.obj (.cinit)
                  00020be0    0000001c     rts6700.lib : _lock.obj (.cinit)
                  00020bfc    00000004     --HOLE-- [fill = 0]
                  00020c00    0000000c                 : errno.obj (.cinit)
                  00020c0c    00000004     --HOLE-- [fill = 0]
                  00020c10    0000000c                 : fopen.obj (.cinit)
                  00020c1c    00000004     --HOLE-- [fill = 0]
                  00020c20    00000004     (.pad.cinit) [fill = 0]

.const     0    00020c24    0000026c     
                  00020c24    00000101     rts6700.lib : ctype.obj (.const:.string:__ctypes_)
                  00020d25    00000002                 : fputs.obj (.const:.string)
                  00020d27    00000001     --HOLE-- [fill = 0]
                  00020d28    000000c8     main_accordeur.obj (.const:.string)
                  00020df0    00000040     dsk6713bsl.lib : dsk6713_aic23_opencodec.obj (.const)
                  00020e30    00000023     rts6700.lib : _printfi.obj (.const:.string)
                  00020e53    00000001     --HOLE-- [fill = 0]
                  00020e54    00000020     dsk6713bsl.lib : dsk6713.obj (.const)
                  00020e74    00000014     main_accordeur.obj (.const:_$P$T0$2)
                  00020e88    00000004     genCos.obj (.const)
                  00020e8c    00000004     getNewCommand.obj (.const)

.cio       0    00020e90    00000120     UNINITIALIZED
                  00020e90    00000120     rts6700.lib : trgmsg.obj (.cio)

.switch    0    00020fb0    00000010     
                  00020fb0    00000010     main_accordeur.obj (.switch:_getCommandes)


GLOBAL SYMBOLS: SORTED ALPHABETICALLY BY Name 

address    name
--------   ----
00000220   $bss
00000220   .bss
00000220   .text
0000c940   C$$EXIT
0000c198   C$$IO$$
0001fcc4   _AIC23CfgData
0001f610   _AIC23_data
0001fc98   _AIC_data
00000bd4   _CODEC_start
00000ca0   _CODEC_stop
0001f1f8   _Commandes
0000c440   _DSK6713_AIC23_closeCodec
0001fdf0   _DSK6713_AIC23_codeccontrolhandle
0001fdf4   _DSK6713_AIC23_codecdatahandle
00009920   _DSK6713_AIC23_config
00006500   _DSK6713_AIC23_openCodec
000098fc   _DSK6713_AIC23_rget
00009860   _DSK6713_AIC23_rset
0000bb60   _DSK6713_AIC23_setFreq
0000c4c8   _DSK6713_DIP_get
0000c4c0   _DSK6713_DIP_init
000090e0   _DSK6713_LED_init
00009108   _DSK6713_LED_off
00009164   _DSK6713_LED_on
000091c0   _DSK6713_LED_toggle
00004754   _DSK6713_getVersion
0000438c   _DSK6713_init
000046a8   _DSK6713_rget
000046bc   _DSK6713_rset
0001fe14   _DSK6713_version
000046d0   _DSK6713_wait
00004728   _DSK6713_waitusec
000039a0   _DSPF_sp_cfftr2_dit
00002860   _DSPF_sp_icfftr2_dif
0001f1e0   _DeltaAngle
0000a580   _HOSTclose
000095a0   _HOSTlseek
00009ec0   _HOSTopen
000099c0   _HOSTread
00008480   _HOSTrename
0000a680   _HOSTunlink
00009fe0   _HOSTwrite
0000c660   _IRQ_enable
0000c7c0   _IRQ_globalDisable
0000c7e0   _IRQ_globalEnable
00008880   _IRQ_map
0000c800   _IRQ_nmiEnable
0000c6a0   _IRQ_reset
00020e8c   _L_ATTENTE
0000bc20   _MCBSP_close
0000bcc0   _MCBSP_config
0000c820   _MCBSP_getXmtEventId
0000a780   _MCBSP_open
0000c840   _MCBSP_read
00008c00   _MCBSP_reset
0000c860   _MCBSP_rrdy
0000a880   _MCBSP_start
0000c880   _MCBSP_write
0000c8a0   _MCBSP_xrdy
00020e88   _PI
0001e1a0   _ResultatFFT
0001d1a0   _TableFFT
00020e90   __CIOBUF_
0001fc88   __IRQ_dispatchTable
0001fbc4   __IRQ_eventTable
0000c980   __IRQ_hookFetchPacket
0001fc48   __IRQ_intTable
0001fd58   __MCBSP_hDev0
0001fd5c   __MCBSP_hDev1
000149a0   __STACK_END
00008000   __STACK_SIZE
00008000   __SYSMEM_SIZE
00000001   __TI_args_main
0000c1c0   ___TI_cpp_init
0001fdec   ___TI_enable_exit_profile_output
ffffffff   ___TI_pprof_out_hndl
ffffffff   ___TI_prof_data_size
ffffffff   ___TI_prof_data_start
ffffffff   ___binit__
00000220   ___bss__
ffffffff   ___c_args__
0001fe18   ___cinit__
00000220   ___end__
0000c9a0   ___etext__
0000c540   ___isinf
ffffffff   ___pinit__
00000220   ___text__
0000c720   __args_main
0000a980   __auto_init
0000b860   __c6xabi_divu
0000b080   __cleanup
0001fde4   __cleanup_ptr
00009700   __closefile
00020c24   __ctypes_
00001380   __divd
0000ab80   __divli
0000b860   __divu
00007b60   __divul
000053e0   __divull
0000b160   __doflush
0001fde8   __dtors_ptr
0000bd60   __fixdli
0000c240   __fltlid
00009b00   __frcmpyd_div
0001f958   __ft_end
0001f638   __ftable
0000c2c0   __llshl
0000c5a0   __llshru
0001fdf8   __lock
0000be00   __mpyll
0000c8c0   __negll
0000c8e0   __nop
0000b920   __nround
00003440   __printfi
0000bea0   __remli
0000c9a0   __stack
0000b400   __strasg
0000c600   __subcull
000149a0   __sys_memory
0001f818   __tmpnams
0000c760   __trunc
0001fdfc   __unlock
0000a100   __wrt_ok
0000c940   _abort
00001c00   _afficherMenu
00001ca4   _ajusterLED
00009c40   _atoi
00001b34   _attendre
0000c340   _c_int00
000078e0   _c_int11
0000a220   _close
00001240   _comm_intr
00000ba0   _comm_poll
0001fc9c   _config
0000b9e0   _copy_in
000061a0   _cos
0001f604   _errAccordement
0001f95c   _errno
0000b4e0   _exit
00009280   _fixAngle
000073a0   _fputc
00003e80   _fputs
00005760   _free
00009d80   _frexp
0001f608   _fs
00008a40   _fseek
000092fc   _genCos
0000938c   _genCos2
00001efc   _genFrqCos
00001fac   _genFrq_methode2
00001d70   _getCommandes
00006d80   _getDipAppuyee
00006b20   _getNewCommand
0001fce4   _hAIC23_handle
0001f1a0   _index
00001ba0   _initAccordeur
000010b0   _input_left_sample
00001178   _input_right_sample
00000fac   _input_sample
0001f60c   _inputsource
00009420   _ldexp
0000ad80   _lseek
0000a340   _ltoa
00001aa0   _main
00008000   _malloc
00001ed4   _max
0000c3c0   _memccpy
00008240   _memcpy
0000a460   _memset
00001eac   _min
0000b6a0   _modf
0001f600   _noEchFilt
00000dec   _output_left_sample
00000ecc   _output_right_sample
00000cd0   _output_sample
00000220   _pow
0000ae80   _printf
000073a0   _putc
0000bf40   _readmsg
0000c960   _remove
00007640   _setvbuf
0001f200   _tamponEchFilt
0000c080   _unlink
00000020   _vector1
00000140   _vector10
00000180   _vector12
000001a0   _vector13
000001c0   _vector14
000001e0   _vector15
00000040   _vector2
00000060   _vector3
00000080   _vector4
000000a0   _vector5
000000c0   _vector6
000000e0   _vector7
00000100   _vector8
00000120   _vector9
00000000   _vectors
0001c9a0   _w
0000af80   _write
0000c120   _writemsg
ffffffff   binit
0001fe18   cinit
00000220   end
0000c9a0   etext
ffffffff   pinit


GLOBAL SYMBOLS: SORTED BY Symbol Address 

address    name
--------   ----
00000000   _vectors
00000001   __TI_args_main
00000020   _vector1
00000040   _vector2
00000060   _vector3
00000080   _vector4
000000a0   _vector5
000000c0   _vector6
000000e0   _vector7
00000100   _vector8
00000120   _vector9
00000140   _vector10
00000180   _vector12
000001a0   _vector13
000001c0   _vector14
000001e0   _vector15
00000220   $bss
00000220   .bss
00000220   .text
00000220   ___bss__
00000220   ___end__
00000220   ___text__
00000220   _pow
00000220   end
00000ba0   _comm_poll
00000bd4   _CODEC_start
00000ca0   _CODEC_stop
00000cd0   _output_sample
00000dec   _output_left_sample
00000ecc   _output_right_sample
00000fac   _input_sample
000010b0   _input_left_sample
00001178   _input_right_sample
00001240   _comm_intr
00001380   __divd
00001aa0   _main
00001b34   _attendre
00001ba0   _initAccordeur
00001c00   _afficherMenu
00001ca4   _ajusterLED
00001d70   _getCommandes
00001eac   _min
00001ed4   _max
00001efc   _genFrqCos
00001fac   _genFrq_methode2
00002860   _DSPF_sp_icfftr2_dif
00003440   __printfi
000039a0   _DSPF_sp_cfftr2_dit
00003e80   _fputs
0000438c   _DSK6713_init
000046a8   _DSK6713_rget
000046bc   _DSK6713_rset
000046d0   _DSK6713_wait
00004728   _DSK6713_waitusec
00004754   _DSK6713_getVersion
000053e0   __divull
00005760   _free
000061a0   _cos
00006500   _DSK6713_AIC23_openCodec
00006b20   _getNewCommand
00006d80   _getDipAppuyee
000073a0   _fputc
000073a0   _putc
00007640   _setvbuf
000078e0   _c_int11
00007b60   __divul
00008000   __STACK_SIZE
00008000   __SYSMEM_SIZE
00008000   _malloc
00008240   _memcpy
00008480   _HOSTrename
00008880   _IRQ_map
00008a40   _fseek
00008c00   _MCBSP_reset
000090e0   _DSK6713_LED_init
00009108   _DSK6713_LED_off
00009164   _DSK6713_LED_on
000091c0   _DSK6713_LED_toggle
00009280   _fixAngle
000092fc   _genCos
0000938c   _genCos2
00009420   _ldexp
000095a0   _HOSTlseek
00009700   __closefile
00009860   _DSK6713_AIC23_rset
000098fc   _DSK6713_AIC23_rget
00009920   _DSK6713_AIC23_config
000099c0   _HOSTread
00009b00   __frcmpyd_div
00009c40   _atoi
00009d80   _frexp
00009ec0   _HOSTopen
00009fe0   _HOSTwrite
0000a100   __wrt_ok
0000a220   _close
0000a340   _ltoa
0000a460   _memset
0000a580   _HOSTclose
0000a680   _HOSTunlink
0000a780   _MCBSP_open
0000a880   _MCBSP_start
0000a980   __auto_init
0000ab80   __divli
0000ad80   _lseek
0000ae80   _printf
0000af80   _write
0000b080   __cleanup
0000b160   __doflush
0000b400   __strasg
0000b4e0   _exit
0000b6a0   _modf
0000b860   __c6xabi_divu
0000b860   __divu
0000b920   __nround
0000b9e0   _copy_in
0000bb60   _DSK6713_AIC23_setFreq
0000bc20   _MCBSP_close
0000bcc0   _MCBSP_config
0000bd60   __fixdli
0000be00   __mpyll
0000bea0   __remli
0000bf40   _readmsg
0000c080   _unlink
0000c120   _writemsg
0000c198   C$$IO$$
0000c1c0   ___TI_cpp_init
0000c240   __fltlid
0000c2c0   __llshl
0000c340   _c_int00
0000c3c0   _memccpy
0000c440   _DSK6713_AIC23_closeCodec
0000c4c0   _DSK6713_DIP_init
0000c4c8   _DSK6713_DIP_get
0000c540   ___isinf
0000c5a0   __llshru
0000c600   __subcull
0000c660   _IRQ_enable
0000c6a0   _IRQ_reset
0000c720   __args_main
0000c760   __trunc
0000c7c0   _IRQ_globalDisable
0000c7e0   _IRQ_globalEnable
0000c800   _IRQ_nmiEnable
0000c820   _MCBSP_getXmtEventId
0000c840   _MCBSP_read
0000c860   _MCBSP_rrdy
0000c880   _MCBSP_write
0000c8a0   _MCBSP_xrdy
0000c8c0   __negll
0000c8e0   __nop
0000c940   C$$EXIT
0000c940   _abort
0000c960   _remove
0000c980   __IRQ_hookFetchPacket
0000c9a0   ___etext__
0000c9a0   __stack
0000c9a0   etext
000149a0   __STACK_END
000149a0   __sys_memory
0001c9a0   _w
0001d1a0   _TableFFT
0001e1a0   _ResultatFFT
0001f1a0   _index
0001f1e0   _DeltaAngle
0001f1f8   _Commandes
0001f200   _tamponEchFilt
0001f600   _noEchFilt
0001f604   _errAccordement
0001f608   _fs
0001f60c   _inputsource
0001f610   _AIC23_data
0001f638   __ftable
0001f818   __tmpnams
0001f958   __ft_end
0001f95c   _errno
0001fbc4   __IRQ_eventTable
0001fc48   __IRQ_intTable
0001fc88   __IRQ_dispatchTable
0001fc98   _AIC_data
0001fc9c   _config
0001fcc4   _AIC23CfgData
0001fce4   _hAIC23_handle
0001fd58   __MCBSP_hDev0
0001fd5c   __MCBSP_hDev1
0001fde4   __cleanup_ptr
0001fde8   __dtors_ptr
0001fdec   ___TI_enable_exit_profile_output
0001fdf0   _DSK6713_AIC23_codeccontrolhandle
0001fdf4   _DSK6713_AIC23_codecdatahandle
0001fdf8   __lock
0001fdfc   __unlock
0001fe14   _DSK6713_version
0001fe18   ___cinit__
0001fe18   cinit
00020c24   __ctypes_
00020e88   _PI
00020e8c   _L_ATTENTE
00020e90   __CIOBUF_
ffffffff   ___TI_pprof_out_hndl
ffffffff   ___TI_prof_data_size
ffffffff   ___TI_prof_data_start
ffffffff   ___binit__
ffffffff   ___c_args__
ffffffff   ___pinit__
ffffffff   binit
ffffffff   pinit

[206 symbols]
