<?xml version="1.0"?>
<link_info>
   <banner>TMS320C6x Linker PC v7.4.20</banner>
   <copyright>Copyright (c) 1996-2015 Texas Instruments Incorporated</copyright>
   <link_time>0x58582f89</link_time>
   <output_file>S5eAPP5_Accordeur.out</output_file>
   <entry_point>
      <name>_c_int00</name>
      <address>0xc160</address>
   </entry_point>
   <input_file_list>
      <input_file id="fl-2">
         <path>.\source\C\</path>
         <kind>object</kind>
         <file>C6713Helper_UdeS.obj</file>
         <name>C6713Helper_UdeS.obj</name>
      </input_file>
      <input_file id="fl-3">
         <path>.\source\C\</path>
         <kind>object</kind>
         <file>bitrev_index.obj</file>
         <name>bitrev_index.obj</name>
      </input_file>
      <input_file id="fl-4">
         <path>.\source\C\</path>
         <kind>object</kind>
         <file>findErrAccordage.obj</file>
         <name>findErrAccordage.obj</name>
      </input_file>
      <input_file id="fl-5">
         <path>.\source\C\</path>
         <kind>object</kind>
         <file>genCos.obj</file>
         <name>genCos.obj</name>
      </input_file>
      <input_file id="fl-6">
         <path>.\source\C\</path>
         <kind>object</kind>
         <file>getNewCommand.obj</file>
         <name>getNewCommand.obj</name>
      </input_file>
      <input_file id="fl-7">
         <path>.\source\C\</path>
         <kind>object</kind>
         <file>main_accordeur.obj</file>
         <name>main_accordeur.obj</name>
      </input_file>
      <input_file id="fl-8">
         <path>.\source\asm\</path>
         <kind>object</kind>
         <file>Vectors_intr.obj</file>
         <name>Vectors_intr.obj</name>
      </input_file>
      <input_file id="fl-f">
         <path>C:\ti\ccsv7\tools\compiler\c6000_7.4.20\lib\</path>
         <kind>archive</kind>
         <file>rts6700.lib</file>
         <name>boot.obj</name>
      </input_file>
      <input_file id="fl-10">
         <path>C:\ti\ccsv7\tools\compiler\c6000_7.4.20\lib\</path>
         <kind>archive</kind>
         <file>rts6700.lib</file>
         <name>cos.obj</name>
      </input_file>
      <input_file id="fl-11">
         <path>C:\ti\ccsv7\tools\compiler\c6000_7.4.20\lib\</path>
         <kind>archive</kind>
         <file>rts6700.lib</file>
         <name>divd.obj</name>
      </input_file>
      <input_file id="fl-12">
         <path>C:\ti\ccsv7\tools\compiler\c6000_7.4.20\lib\</path>
         <kind>archive</kind>
         <file>rts6700.lib</file>
         <name>divf.obj</name>
      </input_file>
      <input_file id="fl-13">
         <path>C:\ti\ccsv7\tools\compiler\c6000_7.4.20\lib\</path>
         <kind>archive</kind>
         <file>rts6700.lib</file>
         <name>divi.obj</name>
      </input_file>
      <input_file id="fl-14">
         <path>C:\ti\ccsv7\tools\compiler\c6000_7.4.20\lib\</path>
         <kind>archive</kind>
         <file>rts6700.lib</file>
         <name>exit.obj</name>
      </input_file>
      <input_file id="fl-15">
         <path>C:\ti\ccsv7\tools\compiler\c6000_7.4.20\lib\</path>
         <kind>archive</kind>
         <file>rts6700.lib</file>
         <name>frcmpyd_div.obj</name>
      </input_file>
      <input_file id="fl-16">
         <path>C:\ti\ccsv7\tools\compiler\c6000_7.4.20\lib\</path>
         <kind>archive</kind>
         <file>rts6700.lib</file>
         <name>llshift.obj</name>
      </input_file>
      <input_file id="fl-17">
         <path>C:\ti\ccsv7\tools\compiler\c6000_7.4.20\lib\</path>
         <kind>archive</kind>
         <file>rts6700.lib</file>
         <name>log10.obj</name>
      </input_file>
      <input_file id="fl-18">
         <path>C:\ti\ccsv7\tools\compiler\c6000_7.4.20\lib\</path>
         <kind>archive</kind>
         <file>rts6700.lib</file>
         <name>modf.obj</name>
      </input_file>
      <input_file id="fl-19">
         <path>C:\ti\ccsv7\tools\compiler\c6000_7.4.20\lib\</path>
         <kind>archive</kind>
         <file>rts6700.lib</file>
         <name>mpyll.obj</name>
      </input_file>
      <input_file id="fl-1a">
         <path>C:\ti\ccsv7\tools\compiler\c6000_7.4.20\lib\</path>
         <kind>archive</kind>
         <file>rts6700.lib</file>
         <name>pow.obj</name>
      </input_file>
      <input_file id="fl-1b">
         <path>C:\ti\ccsv7\tools\compiler\c6000_7.4.20\lib\</path>
         <kind>archive</kind>
         <file>rts6700.lib</file>
         <name>printf.obj</name>
      </input_file>
      <input_file id="fl-1c">
         <path>C:\ti\ccsv7\tools\compiler\c6000_7.4.20\lib\</path>
         <kind>archive</kind>
         <file>rts6700.lib</file>
         <name>remi.obj</name>
      </input_file>
      <input_file id="fl-1d">
         <path>C:\ti\ccsv7\tools\compiler\c6000_7.4.20\lib\</path>
         <kind>archive</kind>
         <file>rts6700.lib</file>
         <name>round.obj</name>
      </input_file>
      <input_file id="fl-1e">
         <path>C:\ti\ccsv7\tools\compiler\c6000_7.4.20\lib\</path>
         <kind>archive</kind>
         <file>rts6700.lib</file>
         <name>trunc.obj</name>
      </input_file>
      <input_file id="fl-1f">
         <path>C:\ti\ccsv7\tools\compiler\c6000_7.4.20\lib\</path>
         <kind>archive</kind>
         <file>rts6700.lib</file>
         <name>_lock.obj</name>
      </input_file>
      <input_file id="fl-20">
         <path>C:\ti\ccsv7\tools\compiler\c6000_7.4.20\lib\</path>
         <kind>archive</kind>
         <file>rts6700.lib</file>
         <name>_printfi.obj</name>
      </input_file>
      <input_file id="fl-21">
         <path>C:\ti\ccsv7\tools\compiler\c6000_7.4.20\lib\</path>
         <kind>archive</kind>
         <file>rts6700.lib</file>
         <name>args_main.obj</name>
      </input_file>
      <input_file id="fl-22">
         <path>C:\ti\ccsv7\tools\compiler\c6000_7.4.20\lib\</path>
         <kind>archive</kind>
         <file>rts6700.lib</file>
         <name>atoi.obj</name>
      </input_file>
      <input_file id="fl-23">
         <path>C:\ti\ccsv7\tools\compiler\c6000_7.4.20\lib\</path>
         <kind>archive</kind>
         <file>rts6700.lib</file>
         <name>autoinit.obj</name>
      </input_file>
      <input_file id="fl-24">
         <path>C:\ti\ccsv7\tools\compiler\c6000_7.4.20\lib\</path>
         <kind>archive</kind>
         <file>rts6700.lib</file>
         <name>cpp_init.obj</name>
      </input_file>
      <input_file id="fl-25">
         <path>C:\ti\ccsv7\tools\compiler\c6000_7.4.20\lib\</path>
         <kind>archive</kind>
         <file>rts6700.lib</file>
         <name>cpy_tbl.obj</name>
      </input_file>
      <input_file id="fl-26">
         <path>C:\ti\ccsv7\tools\compiler\c6000_7.4.20\lib\</path>
         <kind>archive</kind>
         <file>rts6700.lib</file>
         <name>ctype.obj</name>
      </input_file>
      <input_file id="fl-27">
         <path>C:\ti\ccsv7\tools\compiler\c6000_7.4.20\lib\</path>
         <kind>archive</kind>
         <file>rts6700.lib</file>
         <name>defs.obj</name>
      </input_file>
      <input_file id="fl-28">
         <path>C:\ti\ccsv7\tools\compiler\c6000_7.4.20\lib\</path>
         <kind>archive</kind>
         <file>rts6700.lib</file>
         <name>divu.obj</name>
      </input_file>
      <input_file id="fl-29">
         <path>C:\ti\ccsv7\tools\compiler\c6000_7.4.20\lib\</path>
         <kind>archive</kind>
         <file>rts6700.lib</file>
         <name>errno.obj</name>
      </input_file>
      <input_file id="fl-2a">
         <path>C:\ti\ccsv7\tools\compiler\c6000_7.4.20\lib\</path>
         <kind>archive</kind>
         <file>rts6700.lib</file>
         <name>fixdli.obj</name>
      </input_file>
      <input_file id="fl-2b">
         <path>C:\ti\ccsv7\tools\compiler\c6000_7.4.20\lib\</path>
         <kind>archive</kind>
         <file>rts6700.lib</file>
         <name>fltlid.obj</name>
      </input_file>
      <input_file id="fl-2c">
         <path>C:\ti\ccsv7\tools\compiler\c6000_7.4.20\lib\</path>
         <kind>archive</kind>
         <file>rts6700.lib</file>
         <name>fputc.obj</name>
      </input_file>
      <input_file id="fl-2d">
         <path>C:\ti\ccsv7\tools\compiler\c6000_7.4.20\lib\</path>
         <kind>archive</kind>
         <file>rts6700.lib</file>
         <name>fputs.obj</name>
      </input_file>
      <input_file id="fl-2e">
         <path>C:\ti\ccsv7\tools\compiler\c6000_7.4.20\lib\</path>
         <kind>archive</kind>
         <file>rts6700.lib</file>
         <name>frexp.obj</name>
      </input_file>
      <input_file id="fl-2f">
         <path>C:\ti\ccsv7\tools\compiler\c6000_7.4.20\lib\</path>
         <kind>archive</kind>
         <file>rts6700.lib</file>
         <name>imath40.obj</name>
      </input_file>
      <input_file id="fl-30">
         <path>C:\ti\ccsv7\tools\compiler\c6000_7.4.20\lib\</path>
         <kind>archive</kind>
         <file>rts6700.lib</file>
         <name>imath64.obj</name>
      </input_file>
      <input_file id="fl-31">
         <path>C:\ti\ccsv7\tools\compiler\c6000_7.4.20\lib\</path>
         <kind>archive</kind>
         <file>rts6700.lib</file>
         <name>isinf.obj</name>
      </input_file>
      <input_file id="fl-32">
         <path>C:\ti\ccsv7\tools\compiler\c6000_7.4.20\lib\</path>
         <kind>archive</kind>
         <file>rts6700.lib</file>
         <name>ldexp.obj</name>
      </input_file>
      <input_file id="fl-33">
         <path>C:\ti\ccsv7\tools\compiler\c6000_7.4.20\lib\</path>
         <kind>archive</kind>
         <file>rts6700.lib</file>
         <name>log.obj</name>
      </input_file>
      <input_file id="fl-34">
         <path>C:\ti\ccsv7\tools\compiler\c6000_7.4.20\lib\</path>
         <kind>archive</kind>
         <file>rts6700.lib</file>
         <name>lowlev.obj</name>
      </input_file>
      <input_file id="fl-35">
         <path>C:\ti\ccsv7\tools\compiler\c6000_7.4.20\lib\</path>
         <kind>archive</kind>
         <file>rts6700.lib</file>
         <name>ltoa.obj</name>
      </input_file>
      <input_file id="fl-36">
         <path>C:\ti\ccsv7\tools\compiler\c6000_7.4.20\lib\</path>
         <kind>archive</kind>
         <file>rts6700.lib</file>
         <name>memccpy.obj</name>
      </input_file>
      <input_file id="fl-37">
         <path>C:\ti\ccsv7\tools\compiler\c6000_7.4.20\lib\</path>
         <kind>archive</kind>
         <file>rts6700.lib</file>
         <name>memcpy62.obj</name>
      </input_file>
      <input_file id="fl-38">
         <path>C:\ti\ccsv7\tools\compiler\c6000_7.4.20\lib\</path>
         <kind>archive</kind>
         <file>rts6700.lib</file>
         <name>memset.obj</name>
      </input_file>
      <input_file id="fl-39">
         <path>C:\ti\ccsv7\tools\compiler\c6000_7.4.20\lib\</path>
         <kind>archive</kind>
         <file>rts6700.lib</file>
         <name>negll.obj</name>
      </input_file>
      <input_file id="fl-3a">
         <path>C:\ti\ccsv7\tools\compiler\c6000_7.4.20\lib\</path>
         <kind>archive</kind>
         <file>rts6700.lib</file>
         <name>trgdrv.obj</name>
      </input_file>
      <input_file id="fl-3b">
         <path>C:\ti\ccsv7\tools\compiler\c6000_7.4.20\lib\</path>
         <kind>archive</kind>
         <file>rts6700.lib</file>
         <name>trgmsg.obj</name>
      </input_file>
      <input_file id="fl-3c">
         <path>C:\ti\ccsv7\tools\compiler\c6000_7.4.20\lib\</path>
         <kind>archive</kind>
         <file>rts6700.lib</file>
         <name>_io_perm.obj</name>
      </input_file>
      <input_file id="fl-3d">
         <path>C:\ti\ccsv7\tools\compiler\c6000_7.4.20\lib\</path>
         <kind>archive</kind>
         <file>rts6700.lib</file>
         <name>abs.obj</name>
      </input_file>
      <input_file id="fl-3e">
         <path>C:\ti\ccsv7\tools\compiler\c6000_7.4.20\lib\</path>
         <kind>archive</kind>
         <file>rts6700.lib</file>
         <name>fflush.obj</name>
      </input_file>
      <input_file id="fl-3f">
         <path>C:\ti\ccsv7\tools\compiler\c6000_7.4.20\lib\</path>
         <kind>archive</kind>
         <file>rts6700.lib</file>
         <name>fseek.obj</name>
      </input_file>
      <input_file id="fl-40">
         <path>C:\ti\ccsv7\tools\compiler\c6000_7.4.20\lib\</path>
         <kind>archive</kind>
         <file>rts6700.lib</file>
         <name>setvbuf.obj</name>
      </input_file>
      <input_file id="fl-41">
         <path>C:\ti\ccsv7\tools\compiler\c6000_7.4.20\lib\</path>
         <kind>archive</kind>
         <file>rts6700.lib</file>
         <name>fopen.obj</name>
      </input_file>
      <input_file id="fl-42">
         <path>C:\ti\ccsv7\tools\compiler\c6000_7.4.20\lib\</path>
         <kind>archive</kind>
         <file>rts6700.lib</file>
         <name>memory.obj</name>
      </input_file>
      <input_file id="fl-43">
         <path>C:\ti\ccsv7\tools\compiler\c6000_7.4.20\lib\</path>
         <kind>archive</kind>
         <file>rts6700.lib</file>
         <name>fclose.obj</name>
      </input_file>
      <input_file id="fl-44">
         <path>C:\ti\ccsv7\tools\compiler\c6000_7.4.20\lib\</path>
         <kind>archive</kind>
         <file>rts6700.lib</file>
         <name>remove.obj</name>
      </input_file>
      <input_file id="fl-45">
         <path>C:\ti\ccsv7\ccs_base\C6xCSL\lib_3x\</path>
         <kind>archive</kind>
         <file>csl6713.lib</file>
         <name>csl_irq.obj</name>
      </input_file>
      <input_file id="fl-46">
         <path>C:\ti\ccsv7\ccs_base\C6xCSL\lib_3x\</path>
         <kind>archive</kind>
         <file>csl6713.lib</file>
         <name>csl_mcbsp.obj</name>
      </input_file>
      <input_file id="fl-47">
         <path>C:\ti\dsk6713\lib\</path>
         <kind>archive</kind>
         <file>dsk6713bsl.lib</file>
         <name>dsk6713.obj</name>
      </input_file>
      <input_file id="fl-48">
         <path>C:\ti\dsk6713\lib\</path>
         <kind>archive</kind>
         <file>dsk6713bsl.lib</file>
         <name>dsk6713_aic23_closecodec.obj</name>
      </input_file>
      <input_file id="fl-49">
         <path>C:\ti\dsk6713\lib\</path>
         <kind>archive</kind>
         <file>dsk6713bsl.lib</file>
         <name>dsk6713_aic23_opencodec.obj</name>
      </input_file>
      <input_file id="fl-4a">
         <path>C:\ti\dsk6713\lib\</path>
         <kind>archive</kind>
         <file>dsk6713bsl.lib</file>
         <name>dsk6713_aic23_registers.obj</name>
      </input_file>
      <input_file id="fl-4b">
         <path>C:\ti\dsk6713\lib\</path>
         <kind>archive</kind>
         <file>dsk6713bsl.lib</file>
         <name>dsk6713_aic23_setfreq.obj</name>
      </input_file>
      <input_file id="fl-4c">
         <path>C:\ti\dsk6713\lib\</path>
         <kind>archive</kind>
         <file>dsk6713bsl.lib</file>
         <name>dsk6713_dip.obj</name>
      </input_file>
      <input_file id="fl-4d">
         <path>C:\ti\dsk6713\lib\</path>
         <kind>archive</kind>
         <file>dsk6713bsl.lib</file>
         <name>dsk6713_led.obj</name>
      </input_file>
      <input_file id="fl-4e">
         <path>C:\ti\ccsv7\tools\compiler\c6000_7.4.20\lib\</path>
         <kind>archive</kind>
         <file>rts6700.lib</file>
         <name>strasg.obj</name>
      </input_file>
   </input_file_list>
   <object_component_list>
      <object_component id="oc-32">
         <name>.vectors</name>
         <load_address>0x0</load_address>
         <run_address>0x0</run_address>
         <size>0x200</size>
         <input_file_ref idref="fl-8"/>
      </object_component>
      <object_component id="oc-148">
         <name>.text:_pow</name>
         <load_address>0x220</load_address>
         <run_address>0x220</run_address>
         <size>0x900</size>
         <input_file_ref idref="fl-1a"/>
      </object_component>
      <object_component id="oc-126">
         <name>.text</name>
         <load_address>0xb20</load_address>
         <run_address>0xb20</run_address>
         <size>0x7e0</size>
         <input_file_ref idref="fl-2"/>
      </object_component>
      <object_component id="oc-153">
         <name>.text:__divd</name>
         <load_address>0x1300</load_address>
         <run_address>0x1300</run_address>
         <size>0x720</size>
         <input_file_ref idref="fl-11"/>
      </object_component>
      <object_component id="oc-177">
         <name>.text:__getarg_diouxp</name>
         <load_address>0x1a20</load_address>
         <run_address>0x1a20</run_address>
         <size>0x6c0</size>
         <input_file_ref idref="fl-20"/>
      </object_component>
      <object_component id="oc-164">
         <name>.text:__setfield</name>
         <load_address>0x20e0</load_address>
         <run_address>0x20e0</run_address>
         <size>0x640</size>
         <input_file_ref idref="fl-20"/>
      </object_component>
      <object_component id="oc-156">
         <name>.text:__printfi</name>
         <load_address>0x2720</load_address>
         <run_address>0x2720</run_address>
         <size>0x560</size>
         <input_file_ref idref="fl-20"/>
      </object_component>
      <object_component id="oc-127">
         <name>.text</name>
         <load_address>0x2c80</load_address>
         <run_address>0x2c80</run_address>
         <size>0x560</size>
         <input_file_ref idref="fl-7"/>
      </object_component>
      <object_component id="oc-160">
         <name>.text:_fputs</name>
         <load_address>0x31e0</load_address>
         <run_address>0x31e0</run_address>
         <size>0x4c0</size>
         <input_file_ref idref="fl-2d"/>
      </object_component>
      <object_component id="oc-fa">
         <name>.text</name>
         <load_address>0x36a0</load_address>
         <run_address>0x36a0</run_address>
         <size>0x480</size>
         <input_file_ref idref="fl-47"/>
      </object_component>
      <object_component id="oc-146">
         <name>.text</name>
         <load_address>0x3b20</load_address>
         <run_address>0x3b20</run_address>
         <size>0x440</size>
         <input_file_ref idref="fl-4"/>
      </object_component>
      <object_component id="oc-181">
         <name>.text:_fcvt</name>
         <load_address>0x3f60</load_address>
         <run_address>0x3f60</run_address>
         <size>0x420</size>
         <input_file_ref idref="fl-20"/>
      </object_component>
      <object_component id="oc-16c">
         <name>.text:__pproc_fge</name>
         <load_address>0x4380</load_address>
         <run_address>0x4380</run_address>
         <size>0x400</size>
         <input_file_ref idref="fl-20"/>
      </object_component>
      <object_component id="oc-17e">
         <name>.text:_ecvt</name>
         <load_address>0x4780</load_address>
         <run_address>0x4780</run_address>
         <size>0x400</size>
         <input_file_ref idref="fl-20"/>
      </object_component>
      <object_component id="oc-18c">
         <name>.text:__divull</name>
         <load_address>0x4b80</load_address>
         <run_address>0x4b80</run_address>
         <size>0x380</size>
         <input_file_ref idref="fl-30"/>
      </object_component>
      <object_component id="oc-17b">
         <name>.text:_free</name>
         <load_address>0x4f00</load_address>
         <run_address>0x4f00</run_address>
         <size>0x380</size>
         <input_file_ref idref="fl-42"/>
      </object_component>
      <object_component id="oc-176">
         <name>.text:__pconv_e</name>
         <load_address>0x5280</load_address>
         <run_address>0x5280</run_address>
         <size>0x360</size>
         <input_file_ref idref="fl-20"/>
      </object_component>
      <object_component id="oc-163">
         <name>.text:__pproc_fwp</name>
         <load_address>0x55e0</load_address>
         <run_address>0x55e0</run_address>
         <size>0x360</size>
         <input_file_ref idref="fl-20"/>
      </object_component>
      <object_component id="oc-15c">
         <name>.text:_cos</name>
         <load_address>0x5940</load_address>
         <run_address>0x5940</run_address>
         <size>0x340</size>
         <input_file_ref idref="fl-10"/>
      </object_component>
      <object_component id="oc-104">
         <name>.text</name>
         <load_address>0x5c80</load_address>
         <run_address>0x5c80</run_address>
         <size>0x320</size>
         <input_file_ref idref="fl-49"/>
      </object_component>
      <object_component id="oc-151">
         <name>.text:__divf</name>
         <load_address>0x5fa0</load_address>
         <run_address>0x5fa0</run_address>
         <size>0x300</size>
         <input_file_ref idref="fl-12"/>
      </object_component>
      <object_component id="oc-16d">
         <name>.text:__pproc_diouxp</name>
         <load_address>0x62a0</load_address>
         <run_address>0x62a0</run_address>
         <size>0x300</size>
         <input_file_ref idref="fl-20"/>
      </object_component>
      <object_component id="oc-149">
         <name>.text</name>
         <load_address>0x65a0</load_address>
         <run_address>0x65a0</run_address>
         <size>0x300</size>
         <input_file_ref idref="fl-6"/>
      </object_component>
      <object_component id="oc-2c">
         <name>.text:retain</name>
         <load_address>0x68a0</load_address>
         <run_address>0x68a0</run_address>
         <size>0x300</size>
         <input_file_ref idref="fl-7"/>
      </object_component>
      <object_component id="oc-165">
         <name>.text:__pproc_str</name>
         <load_address>0x6ba0</load_address>
         <run_address>0x6ba0</run_address>
         <size>0x2c0</size>
         <input_file_ref idref="fl-20"/>
      </object_component>
      <object_component id="oc-170">
         <name>.text:_setvbuf</name>
         <load_address>0x6e60</load_address>
         <run_address>0x6e60</run_address>
         <size>0x2c0</size>
         <input_file_ref idref="fl-40"/>
      </object_component>
      <object_component id="oc-174">
         <name>.text:__pconv_g</name>
         <load_address>0x7120</load_address>
         <run_address>0x7120</run_address>
         <size>0x2a0</size>
         <input_file_ref idref="fl-20"/>
      </object_component>
      <object_component id="oc-161">
         <name>.text:_fputc</name>
         <load_address>0x73c0</load_address>
         <run_address>0x73c0</run_address>
         <size>0x2a0</size>
         <input_file_ref idref="fl-2c"/>
      </object_component>
      <object_component id="oc-18b">
         <name>.text:__divul</name>
         <load_address>0x7660</load_address>
         <run_address>0x7660</run_address>
         <size>0x260</size>
         <input_file_ref idref="fl-2f"/>
      </object_component>
      <object_component id="oc-15d">
         <name>.text:_log</name>
         <load_address>0x78c0</load_address>
         <run_address>0x78c0</run_address>
         <size>0x260</size>
         <input_file_ref idref="fl-33"/>
      </object_component>
      <object_component id="oc-180">
         <name>.text:__mcpy</name>
         <load_address>0x7b20</load_address>
         <run_address>0x7b20</run_address>
         <size>0x240</size>
         <input_file_ref idref="fl-20"/>
      </object_component>
      <object_component id="oc-17c">
         <name>.text:_malloc</name>
         <load_address>0x7d60</load_address>
         <run_address>0x7d60</run_address>
         <size>0x240</size>
         <input_file_ref idref="fl-42"/>
      </object_component>
      <object_component id="oc-136">
         <name>.text:_memcpy</name>
         <load_address>0x7fa0</load_address>
         <run_address>0x7fa0</run_address>
         <size>0x240</size>
         <input_file_ref idref="fl-37"/>
      </object_component>
      <object_component id="oc-130">
         <name>.text:_HOSTrename</name>
         <load_address>0x81e0</load_address>
         <run_address>0x81e0</run_address>
         <size>0x220</size>
         <input_file_ref idref="fl-3a"/>
      </object_component>
      <object_component id="oc-194">
         <name>.text:_getdevice</name>
         <load_address>0x8400</load_address>
         <run_address>0x8400</run_address>
         <size>0x1e0</size>
         <input_file_ref idref="fl-34"/>
      </object_component>
      <object_component id="oc-140">
         <name>.text:_IRQ_map</name>
         <load_address>0x85e0</load_address>
         <run_address>0x85e0</run_address>
         <size>0x1c0</size>
         <input_file_ref idref="fl-45"/>
      </object_component>
      <object_component id="oc-16f">
         <name>.text:_fseek</name>
         <load_address>0x87a0</load_address>
         <run_address>0x87a0</run_address>
         <size>0x1c0</size>
         <input_file_ref idref="fl-3f"/>
      </object_component>
      <object_component id="oc-14e">
         <name>.text:_MCBSP_reset</name>
         <load_address>0x8960</load_address>
         <run_address>0x8960</run_address>
         <size>0x1a0</size>
         <input_file_ref idref="fl-46"/>
      </object_component>
      <object_component id="oc-179">
         <name>.text:__ltostr</name>
         <load_address>0x8b00</load_address>
         <run_address>0x8b00</run_address>
         <size>0x1a0</size>
         <input_file_ref idref="fl-20"/>
      </object_component>
      <object_component id="oc-162">
         <name>.text:__pproc_fflags</name>
         <load_address>0x8ca0</load_address>
         <run_address>0x8ca0</run_address>
         <size>0x1a0</size>
         <input_file_ref idref="fl-20"/>
      </object_component>
      <object_component id="oc-158">
         <name>.text:_ldexp</name>
         <load_address>0x8e40</load_address>
         <run_address>0x8e40</run_address>
         <size>0x1a0</size>
         <input_file_ref idref="fl-32"/>
      </object_component>
      <object_component id="oc-11a">
         <name>.text</name>
         <load_address>0x8fe0</load_address>
         <run_address>0x8fe0</run_address>
         <size>0x1a0</size>
         <input_file_ref idref="fl-4d"/>
      </object_component>
      <object_component id="oc-12e">
         <name>.text:_HOSTlseek</name>
         <load_address>0x9180</load_address>
         <run_address>0x9180</run_address>
         <size>0x160</size>
         <input_file_ref idref="fl-3a"/>
      </object_component>
      <object_component id="oc-186">
         <name>.text:__closefile</name>
         <load_address>0x92e0</load_address>
         <run_address>0x92e0</run_address>
         <size>0x160</size>
         <input_file_ref idref="fl-43"/>
      </object_component>
      <object_component id="oc-10a">
         <name>.text</name>
         <load_address>0x9440</load_address>
         <run_address>0x9440</run_address>
         <size>0x160</size>
         <input_file_ref idref="fl-4a"/>
      </object_component>
      <object_component id="oc-12c">
         <name>.text:_HOSTread</name>
         <load_address>0x95a0</load_address>
         <run_address>0x95a0</run_address>
         <size>0x140</size>
         <input_file_ref idref="fl-3a"/>
      </object_component>
      <object_component id="oc-15f">
         <name>.text:__frcmpyd_div</name>
         <load_address>0x96e0</load_address>
         <run_address>0x96e0</run_address>
         <size>0x140</size>
         <input_file_ref idref="fl-15"/>
      </object_component>
      <object_component id="oc-16b">
         <name>.text:_atoi</name>
         <load_address>0x9820</load_address>
         <run_address>0x9820</run_address>
         <size>0x140</size>
         <input_file_ref idref="fl-22"/>
      </object_component>
      <object_component id="oc-188">
         <name>.text:_ltoa</name>
         <load_address>0x9960</load_address>
         <run_address>0x9960</run_address>
         <size>0x140</size>
         <input_file_ref idref="fl-35"/>
      </object_component>
      <object_component id="oc-12a">
         <name>.text:_HOSTopen</name>
         <load_address>0x9aa0</load_address>
         <run_address>0x9aa0</run_address>
         <size>0x120</size>
         <input_file_ref idref="fl-3a"/>
      </object_component>
      <object_component id="oc-12d">
         <name>.text:_HOSTwrite</name>
         <load_address>0x9bc0</load_address>
         <run_address>0x9bc0</run_address>
         <size>0x120</size>
         <input_file_ref idref="fl-3a"/>
      </object_component>
      <object_component id="oc-167">
         <name>.text:__wrt_ok</name>
         <load_address>0x9ce0</load_address>
         <run_address>0x9ce0</run_address>
         <size>0x120</size>
         <input_file_ref idref="fl-3c"/>
      </object_component>
      <object_component id="oc-18d">
         <name>.text:_close</name>
         <load_address>0x9e00</load_address>
         <run_address>0x9e00</run_address>
         <size>0x120</size>
         <input_file_ref idref="fl-34"/>
      </object_component>
      <object_component id="oc-157">
         <name>.text:_frexp</name>
         <load_address>0x9f20</load_address>
         <run_address>0x9f20</run_address>
         <size>0x120</size>
         <input_file_ref idref="fl-2e"/>
      </object_component>
      <object_component id="oc-16a">
         <name>.text:_memset</name>
         <load_address>0xa040</load_address>
         <run_address>0xa040</run_address>
         <size>0x120</size>
         <input_file_ref idref="fl-38"/>
      </object_component>
      <object_component id="oc-14b">
         <name>.text</name>
         <load_address>0xa160</load_address>
         <run_address>0xa160</run_address>
         <size>0x120</size>
         <input_file_ref idref="fl-5"/>
      </object_component>
      <object_component id="oc-12b">
         <name>.text:_HOSTclose</name>
         <load_address>0xa280</load_address>
         <run_address>0xa280</run_address>
         <size>0x100</size>
         <input_file_ref idref="fl-3a"/>
      </object_component>
      <object_component id="oc-12f">
         <name>.text:_HOSTunlink</name>
         <load_address>0xa380</load_address>
         <run_address>0xa380</run_address>
         <size>0x100</size>
         <input_file_ref idref="fl-3a"/>
      </object_component>
      <object_component id="oc-133">
         <name>.text:_MCBSP_open</name>
         <load_address>0xa480</load_address>
         <run_address>0xa480</run_address>
         <size>0x100</size>
         <input_file_ref idref="fl-46"/>
      </object_component>
      <object_component id="oc-134">
         <name>.text:_MCBSP_start</name>
         <load_address>0xa580</load_address>
         <run_address>0xa580</run_address>
         <size>0x100</size>
         <input_file_ref idref="fl-46"/>
      </object_component>
      <object_component id="oc-122">
         <name>.text:__auto_init</name>
         <load_address>0xa680</load_address>
         <run_address>0xa680</run_address>
         <size>0x100</size>
         <input_file_ref idref="fl-23"/>
      </object_component>
      <object_component id="oc-183">
         <name>.text:__div</name>
         <load_address>0xa780</load_address>
         <run_address>0xa780</run_address>
         <size>0x100</size>
         <input_file_ref idref="fl-20"/>
      </object_component>
      <object_component id="oc-190">
         <name>.text:__divli</name>
         <load_address>0xa880</load_address>
         <run_address>0xa880</run_address>
         <size>0x100</size>
         <input_file_ref idref="fl-2f"/>
      </object_component>
      <object_component id="oc-175">
         <name>.text:__pconv_f</name>
         <load_address>0xa980</load_address>
         <run_address>0xa980</run_address>
         <size>0x100</size>
         <input_file_ref idref="fl-20"/>
      </object_component>
      <object_component id="oc-128">
         <name>.text:__remi</name>
         <load_address>0xaa80</load_address>
         <run_address>0xaa80</run_address>
         <size>0x100</size>
         <input_file_ref idref="fl-1c"/>
      </object_component>
      <object_component id="oc-17a">
         <name>.text:_lseek</name>
         <load_address>0xab80</load_address>
         <run_address>0xab80</run_address>
         <size>0x100</size>
         <input_file_ref idref="fl-34"/>
      </object_component>
      <object_component id="oc-147">
         <name>.text:_printf</name>
         <load_address>0xac80</load_address>
         <run_address>0xac80</run_address>
         <size>0x100</size>
         <input_file_ref idref="fl-1b"/>
      </object_component>
      <object_component id="oc-169">
         <name>.text:_write</name>
         <load_address>0xad80</load_address>
         <run_address>0xad80</run_address>
         <size>0x100</size>
         <input_file_ref idref="fl-34"/>
      </object_component>
      <object_component id="oc-17d">
         <name>.text:__cleanup</name>
         <load_address>0xae80</load_address>
         <run_address>0xae80</run_address>
         <size>0xe0</size>
         <input_file_ref idref="fl-41"/>
      </object_component>
      <object_component id="oc-168">
         <name>.text:__doflush</name>
         <load_address>0xaf60</load_address>
         <run_address>0xaf60</run_address>
         <size>0xe0</size>
         <input_file_ref idref="fl-3e"/>
      </object_component>
      <object_component id="oc-17f">
         <name>.text:__ecpy</name>
         <load_address>0xb040</load_address>
         <run_address>0xb040</run_address>
         <size>0xe0</size>
         <input_file_ref idref="fl-20"/>
      </object_component>
      <object_component id="oc-182">
         <name>.text:__fcpy</name>
         <load_address>0xb120</load_address>
         <run_address>0xb120</run_address>
         <size>0xe0</size>
         <input_file_ref idref="fl-20"/>
      </object_component>
      <object_component id="oc-159">
         <name>.text:__nround</name>
         <load_address>0xb200</load_address>
         <run_address>0xb200</run_address>
         <size>0xe0</size>
         <input_file_ref idref="fl-1d"/>
      </object_component>
      <object_component id="oc-131">
         <name>.text:__strasg</name>
         <load_address>0xb2e0</load_address>
         <run_address>0xb2e0</run_address>
         <size>0xe0</size>
         <input_file_ref idref="fl-4e"/>
      </object_component>
      <object_component id="oc-124">
         <name>.text:_exit</name>
         <load_address>0xb3c0</load_address>
         <run_address>0xb3c0</run_address>
         <size>0xe0</size>
         <input_file_ref idref="fl-14"/>
      </object_component>
      <object_component id="oc-185">
         <name>.text:_minsert</name>
         <load_address>0xb4a0</load_address>
         <run_address>0xb4a0</run_address>
         <size>0xe0</size>
         <input_file_ref idref="fl-42"/>
      </object_component>
      <object_component id="oc-15b">
         <name>.text:_modf</name>
         <load_address>0xb580</load_address>
         <run_address>0xb580</run_address>
         <size>0xe0</size>
         <input_file_ref idref="fl-18"/>
      </object_component>
      <object_component id="oc-184">
         <name>.text:_mremove</name>
         <load_address>0xb660</load_address>
         <run_address>0xb660</run_address>
         <size>0xe0</size>
         <input_file_ref idref="fl-42"/>
      </object_component>
      <object_component id="oc-18a">
         <name>.text:__divu</name>
         <load_address>0xb740</load_address>
         <run_address>0xb740</run_address>
         <size>0xc0</size>
         <input_file_ref idref="fl-28"/>
      </object_component>
      <object_component id="oc-135">
         <name>.text:_copy_in</name>
         <load_address>0xb800</load_address>
         <run_address>0xb800</run_address>
         <size>0xc0</size>
         <input_file_ref idref="fl-25"/>
      </object_component>
      <object_component id="oc-195">
         <name>.text:_finddevice</name>
         <load_address>0xb8c0</load_address>
         <run_address>0xb8c0</run_address>
         <size>0xc0</size>
         <input_file_ref idref="fl-34"/>
      </object_component>
      <object_component id="oc-110">
         <name>.text</name>
         <load_address>0xb980</load_address>
         <run_address>0xb980</run_address>
         <size>0xc0</size>
         <input_file_ref idref="fl-4b"/>
      </object_component>
      <object_component id="oc-132">
         <name>.text:_MCBSP_close</name>
         <load_address>0xba40</load_address>
         <run_address>0xba40</run_address>
         <size>0xa0</size>
         <input_file_ref idref="fl-46"/>
      </object_component>
      <object_component id="oc-139">
         <name>.text:_MCBSP_config</name>
         <load_address>0xbae0</load_address>
         <run_address>0xbae0</run_address>
         <size>0xa0</size>
         <input_file_ref idref="fl-46"/>
      </object_component>
      <object_component id="oc-187">
         <name>.text:__fixdli</name>
         <load_address>0xbb80</load_address>
         <run_address>0xbb80</run_address>
         <size>0xa0</size>
         <input_file_ref idref="fl-2a"/>
      </object_component>
      <object_component id="oc-166">
         <name>.text:__mpyll</name>
         <load_address>0xbc20</load_address>
         <run_address>0xbc20</run_address>
         <size>0xa0</size>
         <input_file_ref idref="fl-19"/>
      </object_component>
      <object_component id="oc-18f">
         <name>.text:__remli</name>
         <load_address>0xbcc0</load_address>
         <run_address>0xbcc0</run_address>
         <size>0xa0</size>
         <input_file_ref idref="fl-2f"/>
      </object_component>
      <object_component id="oc-14d">
         <name>.text:_readmsg</name>
         <load_address>0xbd60</load_address>
         <run_address>0xbd60</run_address>
         <size>0xa0</size>
         <input_file_ref idref="fl-3b"/>
      </object_component>
      <object_component id="oc-14f">
         <name>.text:_setMux</name>
         <load_address>0xbe00</load_address>
         <run_address>0xbe00</run_address>
         <size>0xa0</size>
         <input_file_ref idref="fl-45"/>
      </object_component>
      <object_component id="oc-193">
         <name>.text:_unlink</name>
         <load_address>0xbea0</load_address>
         <run_address>0xbea0</run_address>
         <size>0xa0</size>
         <input_file_ref idref="fl-34"/>
      </object_component>
      <object_component id="oc-14c">
         <name>.text:_writemsg</name>
         <load_address>0xbf40</load_address>
         <run_address>0xbf40</run_address>
         <size>0xa0</size>
         <input_file_ref idref="fl-3b"/>
      </object_component>
      <object_component id="oc-137">
         <name>.text:___TI_cpp_init</name>
         <load_address>0xbfe0</load_address>
         <run_address>0xbfe0</run_address>
         <size>0x80</size>
         <input_file_ref idref="fl-24"/>
      </object_component>
      <object_component id="oc-189">
         <name>.text:__fltlid</name>
         <load_address>0xc060</load_address>
         <run_address>0xc060</run_address>
         <size>0x80</size>
         <input_file_ref idref="fl-2b"/>
      </object_component>
      <object_component id="oc-191">
         <name>.text:__llshl</name>
         <load_address>0xc0e0</load_address>
         <run_address>0xc0e0</run_address>
         <size>0x80</size>
         <input_file_ref idref="fl-16"/>
      </object_component>
      <object_component id="oc-e">
         <name>.text:_c_int00</name>
         <load_address>0xc160</load_address>
         <run_address>0xc160</run_address>
         <size>0x80</size>
         <input_file_ref idref="fl-f"/>
      </object_component>
      <object_component id="oc-152">
         <name>.text:_log10</name>
         <load_address>0xc1e0</load_address>
         <run_address>0xc1e0</run_address>
         <size>0x80</size>
         <input_file_ref idref="fl-17"/>
      </object_component>
      <object_component id="oc-16e">
         <name>.text:_memccpy</name>
         <load_address>0xc260</load_address>
         <run_address>0xc260</run_address>
         <size>0x80</size>
         <input_file_ref idref="fl-36"/>
      </object_component>
      <object_component id="oc-100">
         <name>.text</name>
         <load_address>0xc2e0</load_address>
         <run_address>0xc2e0</run_address>
         <size>0x80</size>
         <input_file_ref idref="fl-48"/>
      </object_component>
      <object_component id="oc-116">
         <name>.text</name>
         <load_address>0xc360</load_address>
         <run_address>0xc360</run_address>
         <size>0x80</size>
         <input_file_ref idref="fl-4c"/>
      </object_component>
      <object_component id="oc-173">
         <name>.text:___isinf</name>
         <load_address>0xc3e0</load_address>
         <run_address>0xc3e0</run_address>
         <size>0x60</size>
         <input_file_ref idref="fl-31"/>
      </object_component>
      <object_component id="oc-15e">
         <name>.text:__llshru</name>
         <load_address>0xc440</load_address>
         <run_address>0xc440</run_address>
         <size>0x60</size>
         <input_file_ref idref="fl-16"/>
      </object_component>
      <object_component id="oc-192">
         <name>.text:__subcull</name>
         <load_address>0xc4a0</load_address>
         <run_address>0xc4a0</run_address>
         <size>0x60</size>
         <input_file_ref idref="fl-30"/>
      </object_component>
      <object_component id="oc-144">
         <name>.text:_IRQ_enable</name>
         <load_address>0xc500</load_address>
         <run_address>0xc500</run_address>
         <size>0x40</size>
         <input_file_ref idref="fl-45"/>
      </object_component>
      <object_component id="oc-141">
         <name>.text:_IRQ_reset</name>
         <load_address>0xc540</load_address>
         <run_address>0xc540</run_address>
         <size>0x40</size>
         <input_file_ref idref="fl-45"/>
      </object_component>
      <object_component id="oc-172">
         <name>.text:___isnan</name>
         <load_address>0xc580</load_address>
         <run_address>0xc580</run_address>
         <size>0x40</size>
         <input_file_ref idref="fl-20"/>
      </object_component>
      <object_component id="oc-123">
         <name>.text:__args_main</name>
         <load_address>0xc5c0</load_address>
         <run_address>0xc5c0</run_address>
         <size>0x40</size>
         <input_file_ref idref="fl-21"/>
      </object_component>
      <object_component id="oc-15a">
         <name>.text:__trunc</name>
         <load_address>0xc600</load_address>
         <run_address>0xc600</run_address>
         <size>0x40</size>
         <input_file_ref idref="fl-1e"/>
      </object_component>
      <object_component id="oc-31">
         <name>.text</name>
         <load_address>0xc640</load_address>
         <run_address>0xc640</run_address>
         <size>0x20</size>
         <input_file_ref idref="fl-8"/>
      </object_component>
      <object_component id="oc-13e">
         <name>.text:_IRQ_globalDisable</name>
         <load_address>0xc660</load_address>
         <run_address>0xc660</run_address>
         <size>0x20</size>
         <input_file_ref idref="fl-45"/>
      </object_component>
      <object_component id="oc-142">
         <name>.text:_IRQ_globalEnable</name>
         <load_address>0xc680</load_address>
         <run_address>0xc680</run_address>
         <size>0x20</size>
         <input_file_ref idref="fl-45"/>
      </object_component>
      <object_component id="oc-143">
         <name>.text:_IRQ_nmiEnable</name>
         <load_address>0xc6a0</load_address>
         <run_address>0xc6a0</run_address>
         <size>0x20</size>
         <input_file_ref idref="fl-45"/>
      </object_component>
      <object_component id="oc-13f">
         <name>.text:_MCBSP_getXmtEventId</name>
         <load_address>0xc6c0</load_address>
         <run_address>0xc6c0</run_address>
         <size>0x20</size>
         <input_file_ref idref="fl-46"/>
      </object_component>
      <object_component id="oc-13d">
         <name>.text:_MCBSP_read</name>
         <load_address>0xc6e0</load_address>
         <run_address>0xc6e0</run_address>
         <size>0x20</size>
         <input_file_ref idref="fl-46"/>
      </object_component>
      <object_component id="oc-13c">
         <name>.text:_MCBSP_rrdy</name>
         <load_address>0xc700</load_address>
         <run_address>0xc700</run_address>
         <size>0x20</size>
         <input_file_ref idref="fl-46"/>
      </object_component>
      <object_component id="oc-13b">
         <name>.text:_MCBSP_write</name>
         <load_address>0xc720</load_address>
         <run_address>0xc720</run_address>
         <size>0x20</size>
         <input_file_ref idref="fl-46"/>
      </object_component>
      <object_component id="oc-13a">
         <name>.text:_MCBSP_xrdy</name>
         <load_address>0xc740</load_address>
         <run_address>0xc740</run_address>
         <size>0x20</size>
         <input_file_ref idref="fl-46"/>
      </object_component>
      <object_component id="oc-178">
         <name>.text:__negll</name>
         <load_address>0xc760</load_address>
         <run_address>0xc760</run_address>
         <size>0x20</size>
         <input_file_ref idref="fl-39"/>
      </object_component>
      <object_component id="oc-129">
         <name>.text:__nop</name>
         <load_address>0xc780</load_address>
         <run_address>0xc780</run_address>
         <size>0x20</size>
         <input_file_ref idref="fl-1f"/>
      </object_component>
      <object_component id="oc-155">
         <name>.text:__outc</name>
         <load_address>0xc7a0</load_address>
         <run_address>0xc7a0</run_address>
         <size>0x20</size>
         <input_file_ref idref="fl-1b"/>
      </object_component>
      <object_component id="oc-154">
         <name>.text:__outs</name>
         <load_address>0xc7c0</load_address>
         <run_address>0xc7c0</run_address>
         <size>0x20</size>
         <input_file_ref idref="fl-1b"/>
      </object_component>
      <object_component id="oc-138">
         <name>.text:_abort</name>
         <load_address>0xc7e0</load_address>
         <run_address>0xc7e0</run_address>
         <size>0x20</size>
         <input_file_ref idref="fl-14"/>
      </object_component>
      <object_component id="oc-18e">
         <name>.text:_remove</name>
         <load_address>0xc800</load_address>
         <run_address>0xc800</run_address>
         <size>0x20</size>
         <input_file_ref idref="fl-44"/>
      </object_component>
      <object_component id="oc-ef">
         <name>.text</name>
         <load_address>0xc820</load_address>
         <run_address>0xc820</run_address>
         <size>0x20</size>
         <input_file_ref idref="fl-45"/>
      </object_component>
      <object_component id="oc-5d">
         <name>.cinit</name>
         <load_address>0x1dae8</load_address>
         <run_address>0x1dae8</run_address>
         <size>0x140</size>
         <input_file_ref idref="fl-1a"/>
      </object_component>
      <object_component id="oc-f0">
         <name>.cinit</name>
         <load_address>0x1dc28</load_address>
         <run_address>0x1dc28</run_address>
         <size>0x12c</size>
         <input_file_ref idref="fl-45"/>
      </object_component>
      <object_component id="oc-2a">
         <name>.cinit</name>
         <load_address>0x1dd58</load_address>
         <run_address>0x1dd58</run_address>
         <size>0x6c</size>
         <input_file_ref idref="fl-7"/>
      </object_component>
      <object_component id="oc-88">
         <name>.cinit</name>
         <load_address>0x1ddc8</load_address>
         <run_address>0x1ddc8</run_address>
         <size>0x5c</size>
         <input_file_ref idref="fl-27"/>
      </object_component>
      <object_component id="oc-b4">
         <name>.cinit</name>
         <load_address>0x1de28</load_address>
         <run_address>0x1de28</run_address>
         <size>0x5c</size>
         <input_file_ref idref="fl-34"/>
      </object_component>
      <object_component id="oc-10">
         <name>.cinit</name>
         <load_address>0x1de88</load_address>
         <run_address>0x1de88</run_address>
         <size>0x58</size>
         <input_file_ref idref="fl-2"/>
      </object_component>
      <object_component id="oc-f5">
         <name>.cinit</name>
         <load_address>0x1dee0</load_address>
         <run_address>0x1dee0</run_address>
         <size>0x54</size>
         <input_file_ref idref="fl-46"/>
      </object_component>
      <object_component id="oc-3b">
         <name>.cinit</name>
         <load_address>0x1df38</load_address>
         <run_address>0x1df38</run_address>
         <size>0x48</size>
         <input_file_ref idref="fl-10"/>
      </object_component>
      <object_component id="oc-af">
         <name>.cinit</name>
         <load_address>0x1df80</load_address>
         <run_address>0x1df80</run_address>
         <size>0x40</size>
         <input_file_ref idref="fl-33"/>
      </object_component>
      <object_component id="oc-10b">
         <name>.cinit</name>
         <load_address>0x1dfc0</load_address>
         <run_address>0x1dfc0</run_address>
         <size>0x30</size>
         <input_file_ref idref="fl-4a"/>
      </object_component>
      <object_component id="oc-23">
         <name>.cinit</name>
         <load_address>0x1dff0</load_address>
         <run_address>0x1dff0</run_address>
         <size>0x2c</size>
         <input_file_ref idref="fl-6"/>
      </object_component>
      <object_component id="oc-49">
         <name>.cinit</name>
         <load_address>0x1e020</load_address>
         <run_address>0x1e020</run_address>
         <size>0x2c</size>
         <input_file_ref idref="fl-14"/>
      </object_component>
      <object_component id="oc-e4">
         <name>.cinit</name>
         <load_address>0x1e050</load_address>
         <run_address>0x1e050</run_address>
         <size>0x2c</size>
         <input_file_ref idref="fl-42"/>
      </object_component>
      <object_component id="oc-111">
         <name>.cinit</name>
         <load_address>0x1e080</load_address>
         <run_address>0x1e080</run_address>
         <size>0x28</size>
         <input_file_ref idref="fl-4b"/>
      </object_component>
      <object_component id="oc-6e">
         <name>.cinit</name>
         <load_address>0x1e0a8</load_address>
         <run_address>0x1e0a8</run_address>
         <size>0x1c</size>
         <input_file_ref idref="fl-1f"/>
      </object_component>
      <object_component id="oc-8f">
         <name>.cinit</name>
         <load_address>0x1e0c8</load_address>
         <run_address>0x1e0c8</run_address>
         <size>0xc</size>
         <input_file_ref idref="fl-29"/>
      </object_component>
      <object_component id="oc-df">
         <name>.cinit</name>
         <load_address>0x1e0d8</load_address>
         <run_address>0x1e0d8</run_address>
         <size>0xc</size>
         <input_file_ref idref="fl-41"/>
      </object_component>
      <object_component id="oc-37">
         <name>.stack</name>
         <uninitialized>true</uninitialized>
         <run_address>0xc840</run_address>
         <size>0x8</size>
         <input_file_ref idref="fl-f"/>
      </object_component>
      <object_component id="oc-1ab">
         <name>.stack</name>
         <uninitialized>true</uninitialized>
         <run_address>0xc840</run_address>
         <size>0x0</size>
      </object_component>
      <object_component id="oc-e6">
         <name>.sysmem</name>
         <uninitialized>true</uninitialized>
         <run_address>0x14840</run_address>
         <size>0x8</size>
         <input_file_ref idref="fl-42"/>
      </object_component>
      <object_component id="oc-1ac">
         <name>.sysmem</name>
         <uninitialized>true</uninitialized>
         <run_address>0x14840</run_address>
         <size>0x0</size>
      </object_component>
      <object_component id="oc-150">
         <name>.const:_FENETRE_HAN</name>
         <load_address>0x1d460</load_address>
         <run_address>0x1d460</run_address>
         <size>0x400</size>
         <input_file_ref idref="fl-4"/>
      </object_component>
      <object_component id="oc-171">
         <name>.const:.string:__ctypes_</name>
         <load_address>0x1d860</load_address>
         <run_address>0x1d860</run_address>
         <size>0x101</size>
         <input_file_ref idref="fl-26"/>
      </object_component>
      <object_component id="oc-9c">
         <name>.const:.string</name>
         <load_address>0x1d961</load_address>
         <run_address>0x1d961</run_address>
         <size>0x2</size>
         <input_file_ref idref="fl-2d"/>
      </object_component>
      <object_component id="oc-2d">
         <name>.const:.string</name>
         <load_address>0x1d964</load_address>
         <run_address>0x1d964</run_address>
         <size>0xc8</size>
         <input_file_ref idref="fl-7"/>
      </object_component>
      <object_component id="oc-106">
         <name>.const</name>
         <load_address>0x1da2c</load_address>
         <run_address>0x1da2c</run_address>
         <size>0x40</size>
         <input_file_ref idref="fl-49"/>
      </object_component>
      <object_component id="oc-73">
         <name>.const:.string</name>
         <load_address>0x1da6c</load_address>
         <run_address>0x1da6c</run_address>
         <size>0x23</size>
         <input_file_ref idref="fl-20"/>
      </object_component>
      <object_component id="oc-fc">
         <name>.const</name>
         <load_address>0x1da90</load_address>
         <run_address>0x1da90</run_address>
         <size>0x20</size>
         <input_file_ref idref="fl-47"/>
      </object_component>
      <object_component id="oc-145">
         <name>.const:_F0_NOMINAL</name>
         <load_address>0x1dab0</load_address>
         <run_address>0x1dab0</run_address>
         <size>0x18</size>
         <input_file_ref idref="fl-7"/>
      </object_component>
      <object_component id="oc-125">
         <name>.const:_$P$T0$2</name>
         <load_address>0x1dac8</load_address>
         <run_address>0x1dac8</run_address>
         <size>0x14</size>
         <input_file_ref idref="fl-7"/>
      </object_component>
      <object_component id="oc-1e">
         <name>.const</name>
         <load_address>0x1dadc</load_address>
         <run_address>0x1dadc</run_address>
         <size>0x4</size>
         <input_file_ref idref="fl-5"/>
      </object_component>
      <object_component id="oc-24">
         <name>.const</name>
         <load_address>0x1dae0</load_address>
         <run_address>0x1dae0</run_address>
         <size>0x4</size>
         <input_file_ref idref="fl-6"/>
      </object_component>
      <object_component id="oc-14a">
         <name>.switch:_getCommandes</name>
         <load_address>0x1e20c</load_address>
         <run_address>0x1e20c</run_address>
         <size>0x10</size>
         <input_file_ref idref="fl-7"/>
      </object_component>
      <object_component id="oc-11">
         <name>.far</name>
         <uninitialized>true</uninitialized>
         <run_address>0x1d2d8</run_address>
         <size>0x58</size>
         <input_file_ref idref="fl-2"/>
      </object_component>
      <object_component id="oc-25">
         <name>.far</name>
         <uninitialized>true</uninitialized>
         <run_address>0x1d420</run_address>
         <size>0xc</size>
         <input_file_ref idref="fl-6"/>
      </object_component>
      <object_component id="oc-2b">
         <name>.far</name>
         <uninitialized>true</uninitialized>
         <run_address>0x1c840</run_address>
         <size>0x440</size>
         <input_file_ref idref="fl-7"/>
      </object_component>
      <object_component id="oc-3c">
         <name>.far</name>
         <uninitialized>true</uninitialized>
         <run_address>0x1d330</run_address>
         <size>0x40</size>
         <input_file_ref idref="fl-10"/>
      </object_component>
      <object_component id="oc-4a">
         <name>.far</name>
         <uninitialized>true</uninitialized>
         <run_address>0x1d42c</run_address>
         <size>0xc</size>
         <input_file_ref idref="fl-14"/>
      </object_component>
      <object_component id="oc-5e">
         <name>.far</name>
         <uninitialized>true</uninitialized>
         <run_address>0x1cfa8</run_address>
         <size>0x120</size>
         <input_file_ref idref="fl-1a"/>
      </object_component>
      <object_component id="oc-6f">
         <name>.far</name>
         <uninitialized>true</uninitialized>
         <run_address>0x1d440</run_address>
         <size>0x8</size>
         <input_file_ref idref="fl-1f"/>
      </object_component>
      <object_component id="oc-89">
         <name>.far</name>
         <uninitialized>true</uninitialized>
         <run_address>0x1cc80</run_address>
         <size>0x324</size>
         <input_file_ref idref="fl-27"/>
      </object_component>
      <object_component id="oc-90">
         <name>.far</name>
         <uninitialized>true</uninitialized>
         <run_address>0x1cfa4</run_address>
         <size>0x4</size>
         <input_file_ref idref="fl-29"/>
      </object_component>
      <object_component id="oc-b0">
         <name>.far</name>
         <uninitialized>true</uninitialized>
         <run_address>0x1d3a8</run_address>
         <size>0x30</size>
         <input_file_ref idref="fl-33"/>
      </object_component>
      <object_component id="oc-b5">
         <name>.far</name>
         <uninitialized>true</uninitialized>
         <run_address>0x1d0c8</run_address>
         <size>0x11c</size>
         <input_file_ref idref="fl-34"/>
      </object_component>
      <object_component id="oc-c8">
         <name>.far</name>
         <uninitialized>true</uninitialized>
         <run_address>0x1d450</run_address>
         <size>0x8</size>
         <input_file_ref idref="fl-3a"/>
      </object_component>
      <object_component id="oc-e0">
         <name>.far</name>
         <uninitialized>true</uninitialized>
         <run_address>0x1d458</run_address>
         <size>0x4</size>
         <input_file_ref idref="fl-41"/>
      </object_component>
      <object_component id="oc-e5">
         <name>.far</name>
         <uninitialized>true</uninitialized>
         <run_address>0x1d448</run_address>
         <size>0x8</size>
         <input_file_ref idref="fl-42"/>
      </object_component>
      <object_component id="oc-f1">
         <name>.far</name>
         <uninitialized>true</uninitialized>
         <run_address>0x1d1e4</run_address>
         <size>0xf4</size>
         <input_file_ref idref="fl-45"/>
      </object_component>
      <object_component id="oc-f6">
         <name>.far</name>
         <uninitialized>true</uninitialized>
         <run_address>0x1d370</run_address>
         <size>0x38</size>
         <input_file_ref idref="fl-46"/>
      </object_component>
      <object_component id="oc-fb">
         <name>.far</name>
         <uninitialized>true</uninitialized>
         <run_address>0x1d45c</run_address>
         <size>0x2</size>
         <input_file_ref idref="fl-47"/>
      </object_component>
      <object_component id="oc-105">
         <name>.far</name>
         <uninitialized>true</uninitialized>
         <run_address>0x1d438</run_address>
         <size>0x8</size>
         <input_file_ref idref="fl-49"/>
      </object_component>
      <object_component id="oc-10c">
         <name>.far</name>
         <uninitialized>true</uninitialized>
         <run_address>0x1d3d8</run_address>
         <size>0x28</size>
         <input_file_ref idref="fl-4a"/>
      </object_component>
      <object_component id="oc-112">
         <name>.far</name>
         <uninitialized>true</uninitialized>
         <run_address>0x1d400</run_address>
         <size>0x20</size>
         <input_file_ref idref="fl-4b"/>
      </object_component>
      <object_component id="oc-11b">
         <name>.far</name>
         <uninitialized>true</uninitialized>
         <run_address>0x1d45e</run_address>
         <size>0x2</size>
         <input_file_ref idref="fl-4d"/>
      </object_component>
      <object_component id="oc-cc">
         <name>.cio</name>
         <uninitialized>true</uninitialized>
         <run_address>0x1e0ec</run_address>
         <size>0x120</size>
         <input_file_ref idref="fl-3b"/>
      </object_component>
      <object_component id="oc-f">
         <name>.debug_info</name>
         <load_address>0x0</load_address>
         <run_address>0x0</run_address>
         <size>0x1706</size>
         <input_file_ref idref="fl-2"/>
      </object_component>
      <object_component id="oc-15">
         <name>.debug_info</name>
         <load_address>0x1706</load_address>
         <run_address>0x1706</run_address>
         <size>0x622</size>
         <input_file_ref idref="fl-3"/>
      </object_component>
      <object_component id="oc-19">
         <name>.debug_info</name>
         <load_address>0x1d28</load_address>
         <run_address>0x1d28</run_address>
         <size>0xc1b</size>
         <input_file_ref idref="fl-4"/>
      </object_component>
      <object_component id="oc-1d">
         <name>.debug_info</name>
         <load_address>0x2943</load_address>
         <run_address>0x2943</run_address>
         <size>0x7bb</size>
         <input_file_ref idref="fl-5"/>
      </object_component>
      <object_component id="oc-22">
         <name>.debug_info</name>
         <load_address>0x30fe</load_address>
         <run_address>0x30fe</run_address>
         <size>0xa0b</size>
         <input_file_ref idref="fl-6"/>
      </object_component>
      <object_component id="oc-29">
         <name>.debug_info</name>
         <load_address>0x3b09</load_address>
         <run_address>0x3b09</run_address>
         <size>0x14f4</size>
         <input_file_ref idref="fl-7"/>
      </object_component>
      <object_component id="oc-33">
         <name>.debug_info</name>
         <load_address>0x4ffd</load_address>
         <run_address>0x4ffd</run_address>
         <size>0x153</size>
         <input_file_ref idref="fl-8"/>
      </object_component>
      <object_component id="oc-36">
         <name>.debug_info</name>
         <load_address>0x5150</load_address>
         <run_address>0x5150</run_address>
         <size>0x70b</size>
         <input_file_ref idref="fl-f"/>
      </object_component>
      <object_component id="oc-3a">
         <name>.debug_info</name>
         <load_address>0x585b</load_address>
         <run_address>0x585b</run_address>
         <size>0x717</size>
         <input_file_ref idref="fl-10"/>
      </object_component>
      <object_component id="oc-3f">
         <name>.debug_info</name>
         <load_address>0x5f72</load_address>
         <run_address>0x5f72</run_address>
         <size>0x982</size>
         <input_file_ref idref="fl-11"/>
      </object_component>
      <object_component id="oc-42">
         <name>.debug_info</name>
         <load_address>0x68f4</load_address>
         <run_address>0x68f4</run_address>
         <size>0x8ce</size>
         <input_file_ref idref="fl-12"/>
      </object_component>
      <object_component id="oc-45">
         <name>.debug_info</name>
         <load_address>0x71c2</load_address>
         <run_address>0x71c2</run_address>
         <size>0xa0</size>
         <input_file_ref idref="fl-13"/>
      </object_component>
      <object_component id="oc-48">
         <name>.debug_info</name>
         <load_address>0x7262</load_address>
         <run_address>0x7262</run_address>
         <size>0x7ff</size>
         <input_file_ref idref="fl-14"/>
      </object_component>
      <object_component id="oc-4d">
         <name>.debug_info</name>
         <load_address>0x7a61</load_address>
         <run_address>0x7a61</run_address>
         <size>0x6a4</size>
         <input_file_ref idref="fl-15"/>
      </object_component>
      <object_component id="oc-50">
         <name>.debug_info</name>
         <load_address>0x8105</load_address>
         <run_address>0x8105</run_address>
         <size>0x701</size>
         <input_file_ref idref="fl-16"/>
      </object_component>
      <object_component id="oc-53">
         <name>.debug_info</name>
         <load_address>0x8806</load_address>
         <run_address>0x8806</run_address>
         <size>0x641</size>
         <input_file_ref idref="fl-17"/>
      </object_component>
      <object_component id="oc-56">
         <name>.debug_info</name>
         <load_address>0x8e47</load_address>
         <run_address>0x8e47</run_address>
         <size>0x680</size>
         <input_file_ref idref="fl-18"/>
      </object_component>
      <object_component id="oc-59">
         <name>.debug_info</name>
         <load_address>0x94c7</load_address>
         <run_address>0x94c7</run_address>
         <size>0x6b7</size>
         <input_file_ref idref="fl-19"/>
      </object_component>
      <object_component id="oc-5c">
         <name>.debug_info</name>
         <load_address>0x9b7e</load_address>
         <run_address>0x9b7e</run_address>
         <size>0x8b9</size>
         <input_file_ref idref="fl-1a"/>
      </object_component>
      <object_component id="oc-61">
         <name>.debug_info</name>
         <load_address>0xa437</load_address>
         <run_address>0xa437</run_address>
         <size>0x902</size>
         <input_file_ref idref="fl-1b"/>
      </object_component>
      <object_component id="oc-64">
         <name>.debug_info</name>
         <load_address>0xad39</load_address>
         <run_address>0xad39</run_address>
         <size>0xd0</size>
         <input_file_ref idref="fl-1c"/>
      </object_component>
      <object_component id="oc-67">
         <name>.debug_info</name>
         <load_address>0xae09</load_address>
         <run_address>0xae09</run_address>
         <size>0x659</size>
         <input_file_ref idref="fl-1d"/>
      </object_component>
      <object_component id="oc-6a">
         <name>.debug_info</name>
         <load_address>0xb462</load_address>
         <run_address>0xb462</run_address>
         <size>0x651</size>
         <input_file_ref idref="fl-1e"/>
      </object_component>
      <object_component id="oc-6d">
         <name>.debug_info</name>
         <load_address>0xbab3</load_address>
         <run_address>0xbab3</run_address>
         <size>0x64c</size>
         <input_file_ref idref="fl-1f"/>
      </object_component>
      <object_component id="oc-72">
         <name>.debug_info</name>
         <load_address>0xc0ff</load_address>
         <run_address>0xc0ff</run_address>
         <size>0x2bda</size>
         <input_file_ref idref="fl-20"/>
      </object_component>
      <object_component id="oc-76">
         <name>.debug_info</name>
         <load_address>0xecd9</load_address>
         <run_address>0xecd9</run_address>
         <size>0x6e1</size>
         <input_file_ref idref="fl-21"/>
      </object_component>
      <object_component id="oc-79">
         <name>.debug_info</name>
         <load_address>0xf3ba</load_address>
         <run_address>0xf3ba</run_address>
         <size>0x722</size>
         <input_file_ref idref="fl-22"/>
      </object_component>
      <object_component id="oc-7c">
         <name>.debug_info</name>
         <load_address>0xfadc</load_address>
         <run_address>0xfadc</run_address>
         <size>0x871</size>
         <input_file_ref idref="fl-23"/>
      </object_component>
      <object_component id="oc-7f">
         <name>.debug_info</name>
         <load_address>0x1034d</load_address>
         <run_address>0x1034d</run_address>
         <size>0x6e9</size>
         <input_file_ref idref="fl-24"/>
      </object_component>
      <object_component id="oc-82">
         <name>.debug_info</name>
         <load_address>0x10a36</load_address>
         <run_address>0x10a36</run_address>
         <size>0x7df</size>
         <input_file_ref idref="fl-25"/>
      </object_component>
      <object_component id="oc-85">
         <name>.debug_info</name>
         <load_address>0x11215</load_address>
         <run_address>0x11215</run_address>
         <size>0x5fa</size>
         <input_file_ref idref="fl-26"/>
      </object_component>
      <object_component id="oc-87">
         <name>.debug_info</name>
         <load_address>0x1180f</load_address>
         <run_address>0x1180f</run_address>
         <size>0x6e7</size>
         <input_file_ref idref="fl-27"/>
      </object_component>
      <object_component id="oc-8b">
         <name>.debug_info</name>
         <load_address>0x11ef6</load_address>
         <run_address>0x11ef6</run_address>
         <size>0xd0</size>
         <input_file_ref idref="fl-28"/>
      </object_component>
      <object_component id="oc-8e">
         <name>.debug_info</name>
         <load_address>0x11fc6</load_address>
         <run_address>0x11fc6</run_address>
         <size>0x5e2</size>
         <input_file_ref idref="fl-29"/>
      </object_component>
      <object_component id="oc-92">
         <name>.debug_info</name>
         <load_address>0x125a8</load_address>
         <run_address>0x125a8</run_address>
         <size>0x691</size>
         <input_file_ref idref="fl-2a"/>
      </object_component>
      <object_component id="oc-95">
         <name>.debug_info</name>
         <load_address>0x12c39</load_address>
         <run_address>0x12c39</run_address>
         <size>0x6aa</size>
         <input_file_ref idref="fl-2b"/>
      </object_component>
      <object_component id="oc-98">
         <name>.debug_info</name>
         <load_address>0x132e3</load_address>
         <run_address>0x132e3</run_address>
         <size>0x82a</size>
         <input_file_ref idref="fl-2c"/>
      </object_component>
      <object_component id="oc-9b">
         <name>.debug_info</name>
         <load_address>0x13b0d</load_address>
         <run_address>0x13b0d</run_address>
         <size>0xb90</size>
         <input_file_ref idref="fl-2d"/>
      </object_component>
      <object_component id="oc-9f">
         <name>.debug_info</name>
         <load_address>0x1469d</load_address>
         <run_address>0x1469d</run_address>
         <size>0x69b</size>
         <input_file_ref idref="fl-2e"/>
      </object_component>
      <object_component id="oc-a2">
         <name>.debug_info</name>
         <load_address>0x14d38</load_address>
         <run_address>0x14d38</run_address>
         <size>0x7bd</size>
         <input_file_ref idref="fl-2f"/>
      </object_component>
      <object_component id="oc-a5">
         <name>.debug_info</name>
         <load_address>0x154f5</load_address>
         <run_address>0x154f5</run_address>
         <size>0x7b8</size>
         <input_file_ref idref="fl-30"/>
      </object_component>
      <object_component id="oc-a8">
         <name>.debug_info</name>
         <load_address>0x15cad</load_address>
         <run_address>0x15cad</run_address>
         <size>0x816</size>
         <input_file_ref idref="fl-31"/>
      </object_component>
      <object_component id="oc-ab">
         <name>.debug_info</name>
         <load_address>0x164c3</load_address>
         <run_address>0x164c3</run_address>
         <size>0x697</size>
         <input_file_ref idref="fl-32"/>
      </object_component>
      <object_component id="oc-ae">
         <name>.debug_info</name>
         <load_address>0x16b5a</load_address>
         <run_address>0x16b5a</run_address>
         <size>0x67c</size>
         <input_file_ref idref="fl-33"/>
      </object_component>
      <object_component id="oc-b3">
         <name>.debug_info</name>
         <load_address>0x171d6</load_address>
         <run_address>0x171d6</run_address>
         <size>0xf67</size>
         <input_file_ref idref="fl-34"/>
      </object_component>
      <object_component id="oc-b8">
         <name>.debug_info</name>
         <load_address>0x1813d</load_address>
         <run_address>0x1813d</run_address>
         <size>0x748</size>
         <input_file_ref idref="fl-35"/>
      </object_component>
      <object_component id="oc-bb">
         <name>.debug_info</name>
         <load_address>0x18885</load_address>
         <run_address>0x18885</run_address>
         <size>0x6ec</size>
         <input_file_ref idref="fl-36"/>
      </object_component>
      <object_component id="oc-be">
         <name>.debug_info</name>
         <load_address>0x18f71</load_address>
         <run_address>0x18f71</run_address>
         <size>0x792</size>
         <input_file_ref idref="fl-37"/>
      </object_component>
      <object_component id="oc-c1">
         <name>.debug_info</name>
         <load_address>0x19703</load_address>
         <run_address>0x19703</run_address>
         <size>0x730</size>
         <input_file_ref idref="fl-38"/>
      </object_component>
      <object_component id="oc-c4">
         <name>.debug_info</name>
         <load_address>0x19e33</load_address>
         <run_address>0x19e33</run_address>
         <size>0x618</size>
         <input_file_ref idref="fl-39"/>
      </object_component>
      <object_component id="oc-c7">
         <name>.debug_info</name>
         <load_address>0x1a44b</load_address>
         <run_address>0x1a44b</run_address>
         <size>0xf02</size>
         <input_file_ref idref="fl-3a"/>
      </object_component>
      <object_component id="oc-cb">
         <name>.debug_info</name>
         <load_address>0x1b34d</load_address>
         <run_address>0x1b34d</run_address>
         <size>0x8d1</size>
         <input_file_ref idref="fl-3b"/>
      </object_component>
      <object_component id="oc-cf">
         <name>.debug_info</name>
         <load_address>0x1bc1e</load_address>
         <run_address>0x1bc1e</run_address>
         <size>0x75a</size>
         <input_file_ref idref="fl-3c"/>
      </object_component>
      <object_component id="oc-d2">
         <name>.debug_info</name>
         <load_address>0x1c378</load_address>
         <run_address>0x1c378</run_address>
         <size>0x5cc</size>
         <input_file_ref idref="fl-3d"/>
      </object_component>
      <object_component id="oc-d5">
         <name>.debug_info</name>
         <load_address>0x1c944</load_address>
         <run_address>0x1c944</run_address>
         <size>0x781</size>
         <input_file_ref idref="fl-3e"/>
      </object_component>
      <object_component id="oc-d8">
         <name>.debug_info</name>
         <load_address>0x1d0c5</load_address>
         <run_address>0x1d0c5</run_address>
         <size>0x7b9</size>
         <input_file_ref idref="fl-3f"/>
      </object_component>
      <object_component id="oc-db">
         <name>.debug_info</name>
         <load_address>0x1d87e</load_address>
         <run_address>0x1d87e</run_address>
         <size>0x813</size>
         <input_file_ref idref="fl-40"/>
      </object_component>
      <object_component id="oc-de">
         <name>.debug_info</name>
         <load_address>0x1e091</load_address>
         <run_address>0x1e091</run_address>
         <size>0x885</size>
         <input_file_ref idref="fl-41"/>
      </object_component>
      <object_component id="oc-e3">
         <name>.debug_info</name>
         <load_address>0x1e916</load_address>
         <run_address>0x1e916</run_address>
         <size>0xb47</size>
         <input_file_ref idref="fl-42"/>
      </object_component>
      <object_component id="oc-e9">
         <name>.debug_info</name>
         <load_address>0x1f45d</load_address>
         <run_address>0x1f45d</run_address>
         <size>0x806</size>
         <input_file_ref idref="fl-43"/>
      </object_component>
      <object_component id="oc-ec">
         <name>.debug_info</name>
         <load_address>0x1fc63</load_address>
         <run_address>0x1fc63</run_address>
         <size>0x664</size>
         <input_file_ref idref="fl-44"/>
      </object_component>
      <object_component id="oc-f3">
         <name>.debug_info</name>
         <load_address>0x202c7</load_address>
         <run_address>0x202c7</run_address>
         <size>0xcc5</size>
         <input_file_ref idref="fl-45"/>
      </object_component>
      <object_component id="oc-f8">
         <name>.debug_info</name>
         <load_address>0x20f8c</load_address>
         <run_address>0x20f8c</run_address>
         <size>0xf6e</size>
         <input_file_ref idref="fl-46"/>
      </object_component>
      <object_component id="oc-fe">
         <name>.debug_info</name>
         <load_address>0x21efa</load_address>
         <run_address>0x21efa</run_address>
         <size>0xa4e</size>
         <input_file_ref idref="fl-47"/>
      </object_component>
      <object_component id="oc-102">
         <name>.debug_info</name>
         <load_address>0x22948</load_address>
         <run_address>0x22948</run_address>
         <size>0x7c9</size>
         <input_file_ref idref="fl-48"/>
      </object_component>
      <object_component id="oc-108">
         <name>.debug_info</name>
         <load_address>0x23111</load_address>
         <run_address>0x23111</run_address>
         <size>0xa20</size>
         <input_file_ref idref="fl-49"/>
      </object_component>
      <object_component id="oc-10e">
         <name>.debug_info</name>
         <load_address>0x23b31</load_address>
         <run_address>0x23b31</run_address>
         <size>0xaa0</size>
         <input_file_ref idref="fl-4a"/>
      </object_component>
      <object_component id="oc-114">
         <name>.debug_info</name>
         <load_address>0x245d1</load_address>
         <run_address>0x245d1</run_address>
         <size>0x723</size>
         <input_file_ref idref="fl-4b"/>
      </object_component>
      <object_component id="oc-118">
         <name>.debug_info</name>
         <load_address>0x24cf4</load_address>
         <run_address>0x24cf4</run_address>
         <size>0x632</size>
         <input_file_ref idref="fl-4c"/>
      </object_component>
      <object_component id="oc-11d">
         <name>.debug_info</name>
         <load_address>0x25326</load_address>
         <run_address>0x25326</run_address>
         <size>0x787</size>
         <input_file_ref idref="fl-4d"/>
      </object_component>
      <object_component id="oc-11f">
         <name>.debug_info</name>
         <load_address>0x25aad</load_address>
         <run_address>0x25aad</run_address>
         <size>0xd6</size>
         <input_file_ref idref="fl-4e"/>
      </object_component>
      <object_component id="oc-1ad">
         <name>.debug_info</name>
         <load_address>0x25b83</load_address>
         <run_address>0x25b83</run_address>
         <size>0x6e</size>
      </object_component>
      <object_component id="oc-12">
         <name>.debug_frame</name>
         <load_address>0x0</load_address>
         <run_address>0x0</run_address>
         <size>0x36d</size>
         <input_file_ref idref="fl-2"/>
      </object_component>
      <object_component id="oc-16">
         <name>.debug_frame</name>
         <load_address>0x36d</load_address>
         <run_address>0x36d</run_address>
         <size>0x23f</size>
         <input_file_ref idref="fl-3"/>
      </object_component>
      <object_component id="oc-1a">
         <name>.debug_frame</name>
         <load_address>0x5ac</load_address>
         <run_address>0x5ac</run_address>
         <size>0x29c</size>
         <input_file_ref idref="fl-4"/>
      </object_component>
      <object_component id="oc-1f">
         <name>.debug_frame</name>
         <load_address>0x848</load_address>
         <run_address>0x848</run_address>
         <size>0x278</size>
         <input_file_ref idref="fl-5"/>
      </object_component>
      <object_component id="oc-26">
         <name>.debug_frame</name>
         <load_address>0xac0</load_address>
         <run_address>0xac0</run_address>
         <size>0x279</size>
         <input_file_ref idref="fl-6"/>
      </object_component>
      <object_component id="oc-2e">
         <name>.debug_frame</name>
[...]
         <object_component_ref idref="oc-32"/>
      </symbol>
      <symbol id="sm-19a">
         <name>_c_int00</name>
         <value>0xc160</value>
         <object_component_ref idref="oc-e"/>
      </symbol>
      <symbol id="sm-19b">
         <name>__stack</name>
         <value>0xc840</value>
         <object_component_ref idref="oc-37"/>
      </symbol>
      <symbol id="sm-1a9">
         <name>_cos</name>
         <value>0x5940</value>
         <object_component_ref idref="oc-15c"/>
      </symbol>
      <symbol id="sm-1b3">
         <name>__divd</name>
         <value>0x1300</value>
         <object_component_ref idref="oc-153"/>
      </symbol>
      <symbol id="sm-1bd">
         <name>__divf</name>
         <value>0x5fa0</value>
         <object_component_ref idref="oc-151"/>
      </symbol>
      <symbol id="sm-1d2">
         <name>C$$EXIT</name>
         <value>0xc7e0</value>
         <object_component_ref idref="oc-138"/>
      </symbol>
      <symbol id="sm-1d3">
         <name>_exit</name>
         <value>0xb3c0</value>
         <object_component_ref idref="oc-124"/>
      </symbol>
      <symbol id="sm-1d4">
         <name>___TI_enable_exit_profile_output</name>
         <value>0x1d434</value>
         <object_component_ref idref="oc-4a"/>
      </symbol>
      <symbol id="sm-1d5">
         <name>_abort</name>
         <value>0xc7e0</value>
         <object_component_ref idref="oc-138"/>
      </symbol>
      <symbol id="sm-1d6">
         <name>__cleanup_ptr</name>
         <value>0x1d42c</value>
         <object_component_ref idref="oc-4a"/>
      </symbol>
      <symbol id="sm-1d7">
         <name>__dtors_ptr</name>
         <value>0x1d430</value>
         <object_component_ref idref="oc-4a"/>
      </symbol>
      <symbol id="sm-1e1">
         <name>__frcmpyd_div</name>
         <value>0x96e0</value>
         <object_component_ref idref="oc-15f"/>
      </symbol>
      <symbol id="sm-1ed">
         <name>__llshl</name>
         <value>0xc0e0</value>
         <object_component_ref idref="oc-191"/>
      </symbol>
      <symbol id="sm-1ee">
         <name>__llshru</name>
         <value>0xc440</value>
         <object_component_ref idref="oc-15e"/>
      </symbol>
      <symbol id="sm-1f8">
         <name>_log10</name>
         <value>0xc1e0</value>
         <object_component_ref idref="oc-152"/>
      </symbol>
      <symbol id="sm-202">
         <name>_modf</name>
         <value>0xb580</value>
         <object_component_ref idref="oc-15b"/>
      </symbol>
      <symbol id="sm-20c">
         <name>__mpyll</name>
         <value>0xbc20</value>
         <object_component_ref idref="oc-166"/>
      </symbol>
      <symbol id="sm-21a">
         <name>_pow</name>
         <value>0x220</value>
         <object_component_ref idref="oc-148"/>
      </symbol>
      <symbol id="sm-228">
         <name>_printf</name>
         <value>0xac80</value>
         <object_component_ref idref="oc-147"/>
      </symbol>
      <symbol id="sm-230">
         <name>__remi</name>
         <value>0xaa80</value>
         <object_component_ref idref="oc-128"/>
      </symbol>
      <symbol id="sm-231">
         <name>__c6xabi_remi</name>
         <value>0xaa80</value>
         <object_component_ref idref="oc-128"/>
      </symbol>
      <symbol id="sm-23b">
         <name>__nround</name>
         <value>0xb200</value>
         <object_component_ref idref="oc-159"/>
      </symbol>
      <symbol id="sm-245">
         <name>__trunc</name>
         <value>0xc600</value>
         <object_component_ref idref="oc-15a"/>
      </symbol>
      <symbol id="sm-253">
         <name>__unlock</name>
         <value>0x1d444</value>
         <object_component_ref idref="oc-6f"/>
      </symbol>
      <symbol id="sm-254">
         <name>__lock</name>
         <value>0x1d440</value>
         <object_component_ref idref="oc-6f"/>
      </symbol>
      <symbol id="sm-255">
         <name>__nop</name>
         <value>0xc780</value>
         <object_component_ref idref="oc-129"/>
      </symbol>
      <symbol id="sm-285">
         <name>__printfi</name>
         <value>0x2720</value>
         <object_component_ref idref="oc-156"/>
      </symbol>
      <symbol id="sm-28f">
         <name>__args_main</name>
         <value>0xc5c0</value>
         <object_component_ref idref="oc-123"/>
      </symbol>
      <symbol id="sm-290">
         <name>__TI_args_main</name>
         <value>0x1</value>
      </symbol>
      <symbol id="sm-29a">
         <name>_atoi</name>
         <value>0x9820</value>
         <object_component_ref idref="oc-16b"/>
      </symbol>
      <symbol id="sm-2a4">
         <name>__auto_init</name>
         <value>0xa680</value>
         <object_component_ref idref="oc-122"/>
      </symbol>
      <symbol id="sm-2ae">
         <name>___TI_cpp_init</name>
         <value>0xbfe0</value>
         <object_component_ref idref="oc-137"/>
      </symbol>
      <symbol id="sm-2b8">
         <name>_copy_in</name>
         <value>0xb800</value>
         <object_component_ref idref="oc-135"/>
      </symbol>
      <symbol id="sm-2c0">
         <name>__ctypes_</name>
         <value>0x1d860</value>
         <object_component_ref idref="oc-171"/>
      </symbol>
      <symbol id="sm-2ca">
         <name>__tmpnams</name>
         <value>0x1ce60</value>
         <object_component_ref idref="oc-89"/>
      </symbol>
      <symbol id="sm-2cb">
         <name>__ft_end</name>
         <value>0x1cfa0</value>
         <object_component_ref idref="oc-89"/>
      </symbol>
      <symbol id="sm-2cc">
         <name>__ftable</name>
         <value>0x1cc80</value>
         <object_component_ref idref="oc-89"/>
      </symbol>
      <symbol id="sm-2d4">
         <name>__c6xabi_divu</name>
         <value>0xb740</value>
         <object_component_ref idref="oc-18a"/>
      </symbol>
      <symbol id="sm-2d5">
         <name>__divu</name>
         <value>0xb740</value>
         <object_component_ref idref="oc-18a"/>
      </symbol>
      <symbol id="sm-2df">
         <name>_errno</name>
         <value>0x1cfa4</value>
         <object_component_ref idref="oc-90"/>
      </symbol>
      <symbol id="sm-2e9">
         <name>__fixdli</name>
         <value>0xbb80</value>
         <object_component_ref idref="oc-187"/>
      </symbol>
      <symbol id="sm-2f3">
         <name>__fltlid</name>
         <value>0xc060</value>
         <object_component_ref idref="oc-189"/>
      </symbol>
      <symbol id="sm-2fd">
         <name>_putc</name>
         <value>0x73c0</value>
         <object_component_ref idref="oc-161"/>
      </symbol>
      <symbol id="sm-2fe">
         <name>_fputc</name>
         <value>0x73c0</value>
         <object_component_ref idref="oc-161"/>
      </symbol>
      <symbol id="sm-30a">
         <name>_fputs</name>
         <value>0x31e0</value>
         <object_component_ref idref="oc-160"/>
      </symbol>
      <symbol id="sm-314">
         <name>_frexp</name>
         <value>0x9f20</value>
         <object_component_ref idref="oc-157"/>
      </symbol>
      <symbol id="sm-322">
         <name>__divul</name>
         <value>0x7660</value>
         <object_component_ref idref="oc-18b"/>
      </symbol>
      <symbol id="sm-323">
         <name>__remli</name>
         <value>0xbcc0</value>
         <object_component_ref idref="oc-18f"/>
      </symbol>
      <symbol id="sm-324">
         <name>__divli</name>
         <value>0xa880</value>
         <object_component_ref idref="oc-190"/>
      </symbol>
      <symbol id="sm-330">
         <name>__subcull</name>
         <value>0xc4a0</value>
         <object_component_ref idref="oc-192"/>
      </symbol>
      <symbol id="sm-331">
         <name>__divull</name>
         <value>0x4b80</value>
         <object_component_ref idref="oc-18c"/>
      </symbol>
      <symbol id="sm-33b">
         <name>___isinf</name>
         <value>0xc3e0</value>
         <object_component_ref idref="oc-173"/>
      </symbol>
      <symbol id="sm-345">
         <name>_ldexp</name>
         <value>0x8e40</value>
         <object_component_ref idref="oc-158"/>
      </symbol>
      <symbol id="sm-353">
         <name>_log</name>
         <value>0x78c0</value>
         <object_component_ref idref="oc-15d"/>
      </symbol>
      <symbol id="sm-36b">
         <name>_unlink</name>
         <value>0xbea0</value>
         <object_component_ref idref="oc-193"/>
      </symbol>
      <symbol id="sm-36c">
         <name>_lseek</name>
         <value>0xab80</value>
         <object_component_ref idref="oc-17a"/>
      </symbol>
      <symbol id="sm-36d">
         <name>_close</name>
         <value>0x9e00</value>
         <object_component_ref idref="oc-18d"/>
      </symbol>
      <symbol id="sm-36e">
         <name>_write</name>
         <value>0xad80</value>
         <object_component_ref idref="oc-169"/>
      </symbol>
      <symbol id="sm-378">
         <name>_ltoa</name>
         <value>0x9960</value>
         <object_component_ref idref="oc-188"/>
      </symbol>
      <symbol id="sm-382">
         <name>_memccpy</name>
         <value>0xc260</value>
         <object_component_ref idref="oc-16e"/>
      </symbol>
      <symbol id="sm-38c">
         <name>_memcpy</name>
         <value>0x7fa0</value>
         <object_component_ref idref="oc-136"/>
      </symbol>
      <symbol id="sm-396">
         <name>_memset</name>
         <value>0xa040</value>
         <object_component_ref idref="oc-16a"/>
      </symbol>
      <symbol id="sm-3a0">
         <name>__negll</name>
         <value>0xc760</value>
         <object_component_ref idref="oc-178"/>
      </symbol>
      <symbol id="sm-3b8">
         <name>_HOSTopen</name>
         <value>0x9aa0</value>
         <object_component_ref idref="oc-12a"/>
      </symbol>
      <symbol id="sm-3b9">
         <name>_HOSTread</name>
         <value>0x95a0</value>
         <object_component_ref idref="oc-12c"/>
      </symbol>
      <symbol id="sm-3ba">
         <name>_HOSTrename</name>
         <value>0x81e0</value>
         <object_component_ref idref="oc-130"/>
      </symbol>
      <symbol id="sm-3bb">
         <name>_HOSTwrite</name>
         <value>0x9bc0</value>
         <object_component_ref idref="oc-12d"/>
      </symbol>
      <symbol id="sm-3bc">
         <name>_HOSTlseek</name>
         <value>0x9180</value>
         <object_component_ref idref="oc-12e"/>
      </symbol>
      <symbol id="sm-3bd">
         <name>_HOSTunlink</name>
         <value>0xa380</value>
         <object_component_ref idref="oc-12f"/>
      </symbol>
      <symbol id="sm-3be">
         <name>_HOSTclose</name>
         <value>0xa280</value>
         <object_component_ref idref="oc-12b"/>
      </symbol>
      <symbol id="sm-3cc">
         <name>C$$IO$$</name>
         <value>0xbfb8</value>
         <object_component_ref idref="oc-14c"/>
      </symbol>
      <symbol id="sm-3cd">
         <name>__CIOBUF_</name>
         <value>0x1e0ec</value>
         <object_component_ref idref="oc-cc"/>
      </symbol>
      <symbol id="sm-3ce">
         <name>_readmsg</name>
         <value>0xbd60</value>
         <object_component_ref idref="oc-14d"/>
      </symbol>
      <symbol id="sm-3cf">
         <name>_writemsg</name>
         <value>0xbf40</value>
         <object_component_ref idref="oc-14c"/>
      </symbol>
      <symbol id="sm-3d9">
         <name>__wrt_ok</name>
         <value>0x9ce0</value>
         <object_component_ref idref="oc-167"/>
      </symbol>
      <symbol id="sm-3ea">
         <name>__doflush</name>
         <value>0xaf60</value>
         <object_component_ref idref="oc-168"/>
      </symbol>
      <symbol id="sm-3f4">
         <name>_fseek</name>
         <value>0x87a0</value>
         <object_component_ref idref="oc-16f"/>
      </symbol>
      <symbol id="sm-3fe">
         <name>_setvbuf</name>
         <value>0x6e60</value>
         <object_component_ref idref="oc-170"/>
      </symbol>
      <symbol id="sm-40c">
         <name>__cleanup</name>
         <value>0xae80</value>
         <object_component_ref idref="oc-17d"/>
      </symbol>
      <symbol id="sm-422">
         <name>__sys_memory</name>
         <value>0x14840</value>
         <object_component_ref idref="oc-e6"/>
      </symbol>
      <symbol id="sm-423">
         <name>_free</name>
         <value>0x4f00</value>
         <object_component_ref idref="oc-17b"/>
      </symbol>
      <symbol id="sm-424">
         <name>_malloc</name>
         <value>0x7d60</value>
         <object_component_ref idref="oc-17c"/>
      </symbol>
      <symbol id="sm-42e">
         <name>__closefile</name>
         <value>0x92e0</value>
         <object_component_ref idref="oc-186"/>
      </symbol>
      <symbol id="sm-438">
         <name>_remove</name>
         <value>0xc800</value>
         <object_component_ref idref="oc-18e"/>
      </symbol>
      <symbol id="sm-454">
         <name>__IRQ_eventTable</name>
         <value>0x1d20c</value>
         <object_component_ref idref="oc-f1"/>
      </symbol>
      <symbol id="sm-455">
         <name>_IRQ_nmiEnable</name>
         <value>0xc6a0</value>
         <object_component_ref idref="oc-143"/>
      </symbol>
      <symbol id="sm-456">
         <name>_IRQ_reset</name>
         <value>0xc540</value>
         <object_component_ref idref="oc-141"/>
      </symbol>
      <symbol id="sm-457">
         <name>__IRQ_intTable</name>
         <value>0x1d290</value>
         <object_component_ref idref="oc-f1"/>
      </symbol>
      <symbol id="sm-458">
         <name>_IRQ_globalEnable</name>
         <value>0xc680</value>
         <object_component_ref idref="oc-142"/>
      </symbol>
      <symbol id="sm-459">
         <name>_IRQ_globalDisable</name>
         <value>0xc660</value>
         <object_component_ref idref="oc-13e"/>
      </symbol>
      <symbol id="sm-45a">
         <name>_IRQ_map</name>
         <value>0x85e0</value>
         <object_component_ref idref="oc-140"/>
      </symbol>
      <symbol id="sm-45b">
         <name>_IRQ_enable</name>
         <value>0xc500</value>
         <object_component_ref idref="oc-144"/>
      </symbol>
      <symbol id="sm-45c">
         <name>__IRQ_dispatchTable</name>
         <value>0x1d2d0</value>
         <object_component_ref idref="oc-f1"/>
      </symbol>
      <symbol id="sm-45d">
         <name>__IRQ_hookFetchPacket</name>
         <value>0xc820</value>
         <object_component_ref idref="oc-ef"/>
      </symbol>
      <symbol id="sm-47d">
         <name>_MCBSP_reset</name>
         <value>0x8960</value>
         <object_component_ref idref="oc-14e"/>
      </symbol>
      <symbol id="sm-47e">
         <name>_MCBSP_read</name>
         <value>0xc6e0</value>
         <object_component_ref idref="oc-13d"/>
      </symbol>
      <symbol id="sm-47f">
         <name>_MCBSP_close</name>
         <value>0xba40</value>
         <object_component_ref idref="oc-132"/>
      </symbol>
      <symbol id="sm-480">
         <name>_MCBSP_getXmtEventId</name>
         <value>0xc6c0</value>
         <object_component_ref idref="oc-13f"/>
      </symbol>
      <symbol id="sm-481">
         <name>_MCBSP_open</name>
         <value>0xa480</value>
         <object_component_ref idref="oc-133"/>
      </symbol>
      <symbol id="sm-482">
         <name>__MCBSP_hDev0</name>
         <value>0x1d3a0</value>
         <object_component_ref idref="oc-f6"/>
      </symbol>
      <symbol id="sm-483">
         <name>__MCBSP_hDev1</name>
         <value>0x1d3a4</value>
         <object_component_ref idref="oc-f6"/>
      </symbol>
      <symbol id="sm-484">
         <name>_MCBSP_start</name>
         <value>0xa580</value>
         <object_component_ref idref="oc-134"/>
      </symbol>
      <symbol id="sm-485">
         <name>_MCBSP_rrdy</name>
         <value>0xc700</value>
         <object_component_ref idref="oc-13c"/>
      </symbol>
      <symbol id="sm-486">
         <name>_MCBSP_config</name>
         <value>0xbae0</value>
         <object_component_ref idref="oc-139"/>
      </symbol>
      <symbol id="sm-487">
         <name>_MCBSP_xrdy</name>
         <value>0xc740</value>
         <object_component_ref idref="oc-13a"/>
      </symbol>
      <symbol id="sm-488">
         <name>_MCBSP_write</name>
         <value>0xc720</value>
         <object_component_ref idref="oc-13b"/>
      </symbol>
      <symbol id="sm-496">
         <name>_DSK6713_init</name>
         <value>0x36ec</value>
         <object_component_ref idref="oc-fa"/>
      </symbol>
      <symbol id="sm-497">
         <name>_DSK6713_version</name>
         <value>0x1d45c</value>
         <object_component_ref idref="oc-fb"/>
      </symbol>
      <symbol id="sm-498">
         <name>_DSK6713_rget</name>
         <value>0x3a08</value>
         <object_component_ref idref="oc-fa"/>
      </symbol>
      <symbol id="sm-499">
         <name>_DSK6713_wait</name>
         <value>0x3a30</value>
         <object_component_ref idref="oc-fa"/>
      </symbol>
      <symbol id="sm-49a">
         <name>_DSK6713_rset</name>
         <value>0x3a1c</value>
         <object_component_ref idref="oc-fa"/>
      </symbol>
      <symbol id="sm-49b">
         <name>_DSK6713_waitusec</name>
         <value>0x3a88</value>
         <object_component_ref idref="oc-fa"/>
      </symbol>
      <symbol id="sm-49c">
         <name>_DSK6713_getVersion</name>
         <value>0x3ab4</value>
         <object_component_ref idref="oc-fa"/>
      </symbol>
      <symbol id="sm-4a6">
         <name>_DSK6713_AIC23_closeCodec</name>
         <value>0xc2e0</value>
         <object_component_ref idref="oc-100"/>
      </symbol>
      <symbol id="sm-4b4">
         <name>_DSK6713_AIC23_codeccontrolhandle</name>
         <value>0x1d438</value>
         <object_component_ref idref="oc-105"/>
      </symbol>
      <symbol id="sm-4b5">
         <name>_DSK6713_AIC23_codecdatahandle</name>
         <value>0x1d43c</value>
         <object_component_ref idref="oc-105"/>
      </symbol>
      <symbol id="sm-4b6">
         <name>_DSK6713_AIC23_openCodec</name>
         <value>0x5c80</value>
         <object_component_ref idref="oc-104"/>
      </symbol>
      <symbol id="sm-4c4">
         <name>_DSK6713_AIC23_config</name>
         <value>0x9500</value>
         <object_component_ref idref="oc-10a"/>
      </symbol>
      <symbol id="sm-4c5">
         <name>_DSK6713_AIC23_rget</name>
         <value>0x94dc</value>
         <object_component_ref idref="oc-10a"/>
      </symbol>
      <symbol id="sm-4c6">
         <name>_DSK6713_AIC23_rset</name>
         <value>0x9440</value>
         <object_component_ref idref="oc-10a"/>
      </symbol>
      <symbol id="sm-4d4">
         <name>_DSK6713_AIC23_setFreq</name>
         <value>0xb980</value>
         <object_component_ref idref="oc-110"/>
      </symbol>
      <symbol id="sm-4de">
         <name>_DSK6713_DIP_init</name>
         <value>0xc360</value>
         <object_component_ref idref="oc-116"/>
      </symbol>
      <symbol id="sm-4df">
         <name>_DSK6713_DIP_get</name>
         <value>0xc368</value>
         <object_component_ref idref="oc-116"/>
      </symbol>
      <symbol id="sm-4eb">
         <name>_DSK6713_LED_init</name>
         <value>0x8fe0</value>
         <object_component_ref idref="oc-11a"/>
      </symbol>
      <symbol id="sm-4ec">
         <name>_DSK6713_LED_on</name>
         <value>0x9064</value>
         <object_component_ref idref="oc-11a"/>
      </symbol>
      <symbol id="sm-4ed">
         <name>_DSK6713_LED_toggle</name>
         <value>0x90c0</value>
         <object_component_ref idref="oc-11a"/>
      </symbol>
      <symbol id="sm-4ee">
         <name>_DSK6713_LED_off</name>
         <value>0x9008</value>
         <object_component_ref idref="oc-11a"/>
      </symbol>
      <symbol id="sm-4f6">
         <name>__strasg</name>
         <value>0xb2e0</value>
         <object_component_ref idref="oc-131"/>
      </symbol>
   </symbol_table>
</link_info>
